Archive member included because of file (symbol)

c:/altera/13.1/nios2eds/bin/gnu/h-i686-mingw32/bin/../lib/gcc/nios2-elf/4.7.3/../../../../../H-i686-mingw32/nios2-elf/lib\libm.a(lib_a-w_sqrt.o)
                              obj/default/geometry.o (sqrt)
c:/altera/13.1/nios2eds/bin/gnu/h-i686-mingw32/bin/../lib/gcc/nios2-elf/4.7.3/../../../../../H-i686-mingw32/nios2-elf/lib\libm.a(lib_a-e_sqrt.o)
                              c:/altera/13.1/nios2eds/bin/gnu/h-i686-mingw32/bin/../lib/gcc/nios2-elf/4.7.3/../../../../../H-i686-mingw32/nios2-elf/lib\libm.a(lib_a-w_sqrt.o) (__ieee754_sqrt)
c:/altera/13.1/nios2eds/bin/gnu/h-i686-mingw32/bin/../lib/gcc/nios2-elf/4.7.3/../../../../../H-i686-mingw32/nios2-elf/lib\libm.a(lib_a-s_isnand.o)
                              c:/altera/13.1/nios2eds/bin/gnu/h-i686-mingw32/bin/../lib/gcc/nios2-elf/4.7.3/../../../../../H-i686-mingw32/nios2-elf/lib\libm.a(lib_a-w_sqrt.o) (__isnand)
c:/altera/13.1/nios2eds/bin/gnu/h-i686-mingw32/bin/../lib/gcc/nios2-elf/4.7.3/../../../../../H-i686-mingw32/nios2-elf/lib\libm.a(lib_a-s_lib_ver.o)
                              c:/altera/13.1/nios2eds/bin/gnu/h-i686-mingw32/bin/../lib/gcc/nios2-elf/4.7.3/../../../../../H-i686-mingw32/nios2-elf/lib\libm.a(lib_a-w_sqrt.o) (__fdlib_version)
c:/altera/13.1/nios2eds/bin/gnu/h-i686-mingw32/bin/../lib/gcc/nios2-elf/4.7.3/../../../../../H-i686-mingw32/nios2-elf/lib\libm.a(lib_a-s_matherr.o)
                              c:/altera/13.1/nios2eds/bin/gnu/h-i686-mingw32/bin/../lib/gcc/nios2-elf/4.7.3/../../../../../H-i686-mingw32/nios2-elf/lib\libm.a(lib_a-w_sqrt.o) (matherr)
c:/altera/13.1/nios2eds/bin/gnu/h-i686-mingw32/bin/../lib/gcc/nios2-elf/4.7.3\libgcc.a(_addsub_df.o)
                              c:/altera/13.1/nios2eds/bin/gnu/h-i686-mingw32/bin/../lib/gcc/nios2-elf/4.7.3/../../../../../H-i686-mingw32/nios2-elf/lib\libm.a(lib_a-e_sqrt.o) (__adddf3)
c:/altera/13.1/nios2eds/bin/gnu/h-i686-mingw32/bin/../lib/gcc/nios2-elf/4.7.3\libgcc.a(_mul_df.o)
                              c:/altera/13.1/nios2eds/bin/gnu/h-i686-mingw32/bin/../lib/gcc/nios2-elf/4.7.3/../../../../../H-i686-mingw32/nios2-elf/lib\libm.a(lib_a-e_sqrt.o) (__muldf3)
c:/altera/13.1/nios2eds/bin/gnu/h-i686-mingw32/bin/../lib/gcc/nios2-elf/4.7.3\libgcc.a(_div_df.o)
                              c:/altera/13.1/nios2eds/bin/gnu/h-i686-mingw32/bin/../lib/gcc/nios2-elf/4.7.3/../../../../../H-i686-mingw32/nios2-elf/lib\libm.a(lib_a-w_sqrt.o) (__divdf3)
c:/altera/13.1/nios2eds/bin/gnu/h-i686-mingw32/bin/../lib/gcc/nios2-elf/4.7.3\libgcc.a(_lt_df.o)
                              c:/altera/13.1/nios2eds/bin/gnu/h-i686-mingw32/bin/../lib/gcc/nios2-elf/4.7.3/../../../../../H-i686-mingw32/nios2-elf/lib\libm.a(lib_a-w_sqrt.o) (__ltdf2)
c:/altera/13.1/nios2eds/bin/gnu/h-i686-mingw32/bin/../lib/gcc/nios2-elf/4.7.3\libgcc.a(_si_to_df.o)
                              obj/default/geometry.o (__floatsidf)
c:/altera/13.1/nios2eds/bin/gnu/h-i686-mingw32/bin/../lib/gcc/nios2-elf/4.7.3\libgcc.a(_df_to_si.o)
                              obj/default/geometry.o (__fixdfsi)
c:/altera/13.1/nios2eds/bin/gnu/h-i686-mingw32/bin/../lib/gcc/nios2-elf/4.7.3\libgcc.a(_thenan_df.o)
                              c:/altera/13.1/nios2eds/bin/gnu/h-i686-mingw32/bin/../lib/gcc/nios2-elf/4.7.3\libgcc.a(_addsub_df.o) (__thenan_df)
c:/altera/13.1/nios2eds/bin/gnu/h-i686-mingw32/bin/../lib/gcc/nios2-elf/4.7.3\libgcc.a(lib2-divmod.o)
                              obj/default/graphic_lib/simple_text.o (__divsi3)
c:/altera/13.1/nios2eds/bin/gnu/h-i686-mingw32/bin/../lib/gcc/nios2-elf/4.7.3\libgcc.a(_muldi3.o)
                              c:/altera/13.1/nios2eds/bin/gnu/h-i686-mingw32/bin/../lib/gcc/nios2-elf/4.7.3\libgcc.a(_mul_df.o) (__muldi3)
c:/altera/13.1/nios2eds/bin/gnu/h-i686-mingw32/bin/../lib/gcc/nios2-elf/4.7.3\libgcc.a(_clzsi2.o)
                              c:/altera/13.1/nios2eds/bin/gnu/h-i686-mingw32/bin/../lib/gcc/nios2-elf/4.7.3\libgcc.a(_si_to_df.o) (__clzsi2)
c:/altera/13.1/nios2eds/bin/gnu/h-i686-mingw32/bin/../lib/gcc/nios2-elf/4.7.3\libgcc.a(_pack_df.o)
                              c:/altera/13.1/nios2eds/bin/gnu/h-i686-mingw32/bin/../lib/gcc/nios2-elf/4.7.3\libgcc.a(_addsub_df.o) (__pack_d)
c:/altera/13.1/nios2eds/bin/gnu/h-i686-mingw32/bin/../lib/gcc/nios2-elf/4.7.3\libgcc.a(_unpack_df.o)
                              c:/altera/13.1/nios2eds/bin/gnu/h-i686-mingw32/bin/../lib/gcc/nios2-elf/4.7.3\libgcc.a(_addsub_df.o) (__unpack_d)
c:/altera/13.1/nios2eds/bin/gnu/h-i686-mingw32/bin/../lib/gcc/nios2-elf/4.7.3\libgcc.a(_fpcmp_parts_df.o)
                              c:/altera/13.1/nios2eds/bin/gnu/h-i686-mingw32/bin/../lib/gcc/nios2-elf/4.7.3\libgcc.a(_lt_df.o) (__fpcmp_parts_d)
c:/altera/13.1/nios2eds/bin/gnu/h-i686-mingw32/bin/../lib/gcc/nios2-elf/4.7.3\libgcc.a(_lshrdi3.o)
                              c:/altera/13.1/nios2eds/bin/gnu/h-i686-mingw32/bin/../lib/gcc/nios2-elf/4.7.3\libgcc.a(_pack_df.o) (__lshrdi3)
[...]
Memory Configuration

Name             Origin             Length             Attributes
sdram_BEFORE_EXCEPTION 0x02000000         0x00000020
sdram            0x02000020         0x01ffffe0
reset            0x05001000         0x00000020
epcs_flash_controller_0 0x05001020         0x000007e0
*default*        0x00000000         0xffffffff

Linker script and memory map

LOAD ../LT24_Test_bsp//obj/HAL/src/crt0.o
LOAD obj/default/fonts/tahomabold_20.o
LOAD obj/default/fonts/tahomabold_32.o
LOAD obj/default/geometry.o
LOAD obj/default/graphic_lib/ILI9341.o
LOAD obj/default/graphic_lib/simple_graphics.o
LOAD obj/default/graphic_lib/simple_text.o
LOAD obj/default/gui.o
LOAD obj/default/gui_vpg.o
LOAD obj/default/main.o
LOAD obj/default/terasic_lib/I2C.o
LOAD obj/default/terasic_lib/debug.o
LOAD obj/default/terasic_lib/queue.o
LOAD obj/default/terasic_lib/touch_spi.o
LOAD c:/altera/13.1/nios2eds/bin/gnu/h-i686-mingw32/bin/../lib/gcc/nios2-elf/4.7.3/../../../../../H-i686-mingw32/nios2-elf/lib\libstdc++.a
LOAD c:/altera/13.1/nios2eds/bin/gnu/h-i686-mingw32/bin/../lib/gcc/nios2-elf/4.7.3/../../../../../H-i686-mingw32/nios2-elf/lib\libm.a
LOAD c:/altera/13.1/nios2eds/bin/gnu/h-i686-mingw32/bin/../lib/gcc/nios2-elf/4.7.3\libgcc.a
START GROUP
LOAD c:/altera/13.1/nios2eds/bin/gnu/h-i686-mingw32/bin/../lib/gcc/nios2-elf/4.7.3/../../../../../H-i686-mingw32/nios2-elf/lib\libc.a
LOAD c:/altera/13.1/nios2eds/bin/gnu/h-i686-mingw32/bin/../lib/gcc/nios2-elf/4.7.3\libgcc.a
LOAD ../LT24_Test_bsp/\libhal_bsp.a
END GROUP
LOAD c:/altera/13.1/nios2eds/bin/gnu/h-i686-mingw32/bin/../lib/gcc/nios2-elf/4.7.3\libgcc.a
                0x02000000                __alt_mem_sdram = 0x2000000
                0x05001000                __alt_mem_epcs_flash_controller_0 = 0x5001000

.entry          0x05001000        0x0
 *(.entry)
 .entry         0x05001000        0x0 ../LT24_Test_bsp//obj/HAL/src/crt0.o
                0x05001000                __reset

.exceptions     0x02000020      0x198
                0x02000020                PROVIDE (__ram_exceptions_start, ABSOLUTE (.))
                0x02000020                . = ALIGN (0x20)
 *(.irq)
 *(.exceptions.entry.label)
 .exceptions.entry.label
                0x02000020        0x0 ../LT24_Test_bsp/\libhal_bsp.a(alt_irq_entry.o)
                0x02000020                alt_irq_entry
 .exceptions.entry.label
                0x02000020        0x0 ../LT24_Test_bsp/\libhal_bsp.a(alt_exception_entry.o)
                0x02000020                alt_exception
 *(.exceptions.entry.user)
 *(.exceptions.entry.ecc_fatal)
 *(.exceptions.entry)
 .exceptions.entry
                0x02000020       0x54 ../LT24_Test_bsp/\libhal_bsp.a(alt_exception_entry.o)
 *(.exceptions.irqtest.user)
 *(.exceptions.irqtest)
 .exceptions.irqtest
                0x02000074       0x10 ../LT24_Test_bsp/\libhal_bsp.a(alt_irq_entry.o)
 *(.exceptions.irqhandler.user)
 *(.exceptions.irqhandler)
 .exceptions.irqhandler
                0x02000084        0x4 ../LT24_Test_bsp/\libhal_bsp.a(alt_irq_entry.o)
 *(.exceptions.irqreturn.user)
 *(.exceptions.irqreturn)
 .exceptions.irqreturn
                0x02000088        0x4 ../LT24_Test_bsp/\libhal_bsp.a(alt_irq_entry.o)
 *(.exceptions.notirq.label)
 .exceptions.notirq.label
                0x0200008c        0x0 ../LT24_Test_bsp/\libhal_bsp.a(alt_irq_entry.o)
 *(.exceptions.notirq.user)
 *(.exceptions.notirq)
 .exceptions.notirq
                0x0200008c        0x8 ../LT24_Test_bsp/\libhal_bsp.a(alt_exception_entry.o)
 *(.exceptions.soft.user)
 *(.exceptions.soft)
 *(.exceptions.unknown.user)
 *(.exceptions.unknown)
 .exceptions.unknown
                0x02000094        0x4 ../LT24_Test_bsp/\libhal_bsp.a(alt_exception_entry.o)
 *(.exceptions.exit.label)
 .exceptions.exit.label
                0x02000098        0x0 ../LT24_Test_bsp/\libhal_bsp.a(alt_irq_entry.o)
 .exceptions.exit.label
                0x02000098        0x0 ../LT24_Test_bsp/\libhal_bsp.a(alt_exception_entry.o)
 *(.exceptions.exit.user)
 *(.exceptions.exit)
 .exceptions.exit
                0x02000098       0x54 ../LT24_Test_bsp/\libhal_bsp.a(alt_exception_entry.o)
 *(.exceptions)
 .exceptions    0x020000ec       0xcc ../LT24_Test_bsp/\libhal_bsp.a(alt_irq_handler.o)
                0x020000ec                alt_irq_handler
                0x020001b8                PROVIDE (__ram_exceptions_end, ABSOLUTE (.))
                0x02000020                PROVIDE (__flash_exceptions_start, LOADADDR (.exceptions))

.text           0x020001b8    0x144d0
                0x020001b8                PROVIDE (stext, ABSOLUTE (.))
 *(.interp)
 *(.hash)
 *(.dynsym)
 *(.dynstr)
 *(.gnu.version)
 *(.gnu.version_d)
 *(.gnu.version_r)
 *(.rel.init)
 *(.rela.init)
 *(.rel.text .rel.text.* .rel.gnu.linkonce.t.*)
 *(.rela.text .rela.text.* .rela.gnu.linkonce.t.*)
 *(.rel.fini)
 *(.rela.fini)
 *(.rel.rodata .rel.rodata.* .rel.gnu.linkonce.r.*)
 *(.rela.rodata .rela.rodata.* .rela.gnu.linkonce.r.*)
 *(.rel.data .rel.data.* .rel.gnu.linkonce.d.*)
 *(.rela.data .rela.data.* .rela.gnu.linkonce.d.*)
 *(.rel.tdata .rel.tdata.* .rel.gnu.linkonce.td.*)
 *(.rela.tdata .rela.tdata.* .rela.gnu.linkonce.td.*)
 *(.rel.tbss .rel.tbss.* .rel.gnu.linkonce.tb.*)
 *(.rela.tbss .rela.tbss.* .rela.gnu.linkonce.tb.*)
 *(.rel.ctors)
 *(.rela.ctors)
 *(.rel.dtors)
 *(.rela.dtors)
 *(.rel.got)
 *(.rela.got)
 *(.rel.sdata .rel.sdata.* .rel.gnu.linkonce.s.*)
 *(.rela.sdata .rela.sdata.* .rela.gnu.linkonce.s.*)
 *(.rel.sbss .rel.sbss.* .rel.gnu.linkonce.sb.*)
 *(.rela.sbss .rela.sbss.* .rela.gnu.linkonce.sb.*)
 *(.rel.sdata2 .rel.sdata2.* .rel.gnu.linkonce.s2.*)
 *(.rela.sdata2 .rela.sdata2.* .rela.gnu.linkonce.s2.*)
 *(.rel.sbss2 .rel.sbss2.* .rel.gnu.linkonce.sb2.*)
 *(.rela.sbss2 .rela.sbss2.* .rela.gnu.linkonce.sb2.*)
 *(.rel.bss .rel.bss.* .rel.gnu.linkonce.b.*)
 *(.rela.bss .rela.bss.* .rela.gnu.linkonce.b.*)
 *(.rel.plt)
 *(.rela.plt)
 *(.rel.dyn)
 *(.init)
 *(.plt)
 *(.text .stub .text.* .gnu.linkonce.t.*)
 .text          0x020001b8       0x48 ../LT24_Test_bsp//obj/HAL/src/crt0.o
                0x020001b8                _start
 .text          0x02000200        0x0 obj/default/fonts/tahomabold_20.o
 .text          0x02000200        0x0 obj/default/fonts/tahomabold_32.o
 .text          0x02000200      0x3f4 obj/default/geometry.o
                0x02000200                IsPtInRect
                0x02000284                PtSet
                0x020002c4                RectSet
                0x02000320                RectInflate
                0x020003a8                RectOffset
                0x02000430                RectCopy
                0x02000494                RectWidth
                0x020004c8                RectHeight
                0x020004fc                PtDistance
                0x020005b0                PtCopy
 .text          0x020005f4      0xa78 obj/default/graphic_lib/ILI9341.o
                0x020005f4                Delay_Ms
                0x02000648                LCD_SetCursor
                0x020006fc                LCD_Clear
                0x0200077c                LCD_DrawPoint
                0x020007e8                LCD_Init
                0x02000e54                LCD_Pattern_Horizon
                0x02000f8c                LCD_Pattern_Vertical
 .text          0x0200106c     0x26a0 obj/default/graphic_lib/simple_graphics.o
                0x0200106c                vid_clean_screen
                0x020010cc                vid_draw_line
                0x02001198                vid_scroll_string_quit
                0x020011d8                vid_scroll_string_init
                0x0200132c                vid_scroll_string
                0x020016ac                vid_move_block
                0x020017c8                vid_print_string
                0x020018d0                vid_draw_box
                0x02001a20                vid_print_char
                0x02001b10                vid_set_pixel
                0x02001bac                vid_get_pixel
                0x02001be8                vid_paint_block
                0x02001c7c                vid_draw_horiz_line
                0x02001cf4                vid_merge_colors
                0x02001d40                vid_color_convert24_16
                0x02001de0                vid_color_convert16_24
                0x02001e4c                vid_copy_line_to_frame_buffer
                0x02001e8c                vid_draw_sloped_line
                0x020020f0                vid_draw_circle
                0x0200222c                vid_draw_round_corner_box
                0x020025e4                vid_round_corner_points
                0x02002d3c                max3
                0x02002d90                min3
                0x02002de4                max_diff3
                0x02002e48                vid_put_pixel_in_span_map
                0x02002f38                vid_bres_scan_edges
                0x02003170                vid_draw_triangle
                0x02003504                CopyImage16
                0x020035e0                CropImage16
 .text          0x0200370c      0xa2c obj/default/graphic_lib/simple_text.o
                0x0200370c                vid_print_string_alpha
                0x02003968                seperate_color_channels
                0x02003abc                merge_color_channels
                0x02003c04                read_from_frame
                0x02003c44                alpha_blending
                0x02003e98                vid_print_char_alpha
                0x02004058                vid_string_pixel_length_alpha
 .text          0x02004138      0x964 obj/default/gui.o
                0x02004138                GUI_ShowWelcome
                0x02004208                GUI_DeskInit
                0x020043e4                GUI_CheckButton
                0x02004474                GUI_DeskDraw
                0x020046ac                IsContinuedPoint
                0x02004738                GUI_ClearPaintArea
                0x020047b8                GUI
                0x020049e0                GUI_ShowInfo
                0x02004a44                GUI_ShowTouchPoint
 .text          0x02004a9c      0x7c8 obj/default/gui_vpg.o
                0x02004a9c                ShowInfo
                0x02004afc                VPG_XLine
                0x02004b20                VPG_ColorPanel
                0x02004bd0                VPG_Grid
                0x02004ccc                VPG_VGrid
                0x02004db0                VPG_HGrid
                0x02004e94                VPG_ColorBar
                0x02005034                GUI_ShowPAT
                0x020051b4                GUI_VPG
 .text          0x02005264       0xe8 obj/default/main.o
                0x02005264                main
 .text          0x0200534c     0x1154 obj/default/terasic_lib/I2C.o
                0x0200534c                my_wait
                0x0200538c                I2C_Write
                0x02005488                I2C_Write16
                0x020055c8                I2C_Read
                0x020056ec                I2C_Read16
                0x02005864                I2C_MultipleRead
                0x020059e0                i2c_start
                0x02005a64                i2c_stop
                0x02005ad4                i2c_write
                0x02005c40                i2c_read
                0x02005d90                I2CL_Write
                0x02005ed0                I2CL_Read
                0x02006038                I2CL_MultipleRead
                0x020061f8                I2CL_MultipleWrite
                0x02006374                I2CL_Read16
                0x02006414                I2CL_Write16
 .text          0x020064a0      0x1b0 obj/default/terasic_lib/debug.o
                0x020064a0                debug_output
                0x020064d0                myprintf
                0x0200653c                myprintf_hexarray
                0x020065c4                myprintf_dwordarray
 .text          0x02006650      0x298 obj/default/terasic_lib/queue.o
                0x02006650                QUEUE_New
                0x020066c0                QUEUE_Delete
                0x020066f0                QUEUE_IsEmpty
                0x02006730                QUEUE_IsFull
                0x02006794                QUEUE_Push
                0x02006828                QUEUE_Pop
                0x020068b8                QUEUE_Empty
 .text          0x020068e8      0xa3c obj/default/terasic_lib/touch_spi.o
                0x020068e8                Touch_Init
                0x02006a58                Touch_UnInit
                0x02006ac4                Touch_EmptyFifo
                0x02006afc                Touch_GetXY
                0x02006c48                touch_isr
                0x02006cc0                touch_empty_fifo
                0x02006cf0                touch_is_pen_pressed
                0x02006d30                touch_enable_penirq
                0x02006e94                touch_clear_input
                0x02006ec4                touch_get_xy
                0x020071d0                touch_alarm_callback
                0x02007248                touch_xy_transform
 .text          0x02007324      0x148 c:/altera/13.1/nios2eds/bin/gnu/h-i686-mingw32/bin/../lib/gcc/nios2-elf/4.7.3/../../../../../H-i686-mingw32/nios2-elf/lib\libm.a(lib_a-w_sqrt.o)
                0x02007324                sqrt
 .text          0x0200746c      0x2c4 c:/altera/13.1/nios2eds/bin/gnu/h-i686-mingw32/bin/../lib/gcc/nios2-elf/4.7.3/../../../../../H-i686-mingw32/nios2-elf/lib\libm.a(lib_a-e_sqrt.o)
                0x0200746c                __ieee754_sqrt
 .text          0x02007730       0x2c c:/altera/13.1/nios2eds/bin/gnu/h-i686-mingw32/bin/../lib/gcc/nios2-elf/4.7.3/../../../../../H-i686-mingw32/nios2-elf/lib\libm.a(lib_a-s_isnand.o)
                0x02007730                __isnand
 .text          0x0200775c        0x0 c:/altera/13.1/nios2eds/bin/gnu/h-i686-mingw32/bin/../lib/gcc/nios2-elf/4.7.3/../../../../../H-i686-mingw32/nios2-elf/lib\libm.a(lib_a-s_lib_ver.o)
 .text          0x0200775c        0x8 c:/altera/13.1/nios2eds/bin/gnu/h-i686-mingw32/bin/../lib/gcc/nios2-elf/4.7.3/../../../../../H-i686-mingw32/nios2-elf/lib\libm.a(lib_a-s_matherr.o)
                0x0200775c                matherr
 .text          0x02007764      0x408 c:/altera/13.1/nios2eds/bin/gnu/h-i686-mingw32/bin/../lib/gcc/nios2-elf/4.7.3\libgcc.a(_addsub_df.o)
                0x02007ab8                __adddf3
                0x02007b0c                __subdf3
 .text          0x02007b6c      0x2e4 c:/altera/13.1/nios2eds/bin/gnu/h-i686-mingw32/bin/../lib/gcc/nios2-elf/4.7.3\libgcc.a(_mul_df.o)
                0x02007b6c                __muldf3
 .text          0x02007e50      0x1b4 c:/altera/13.1/nios2eds/bin/gnu/h-i686-mingw32/bin/../lib/gcc/nios2-elf/4.7.3\libgcc.a(_div_df.o)
                0x02007e50                __divdf3
 .text          0x02008004       0x5c c:/altera/13.1/nios2eds/bin/gnu/h-i686-mingw32/bin/../lib/gcc/nios2-elf/4.7.3\libgcc.a(_lt_df.o)
                0x02008004                __ltdf2
 .text          0x02008060       0xd4 c:/altera/13.1/nios2eds/bin/gnu/h-i686-mingw32/bin/../lib/gcc/nios2-elf/4.7.3\libgcc.a(_si_to_df.o)
                0x02008060                __floatsidf
 .text          0x02008134       0xd4 c:/altera/13.1/nios2eds/bin/gnu/h-i686-mingw32/bin/../lib/gcc/nios2-elf/4.7.3\libgcc.a(_df_to_si.o)
                0x02008134                __fixdfsi
 .text          0x02008208        0x0 c:/altera/13.1/nios2eds/bin/gnu/h-i686-mingw32/bin/../lib/gcc/nios2-elf/4.7.3\libgcc.a(_thenan_df.o)
 .text          0x02008208      0x130 c:/altera/13.1/nios2eds/bin/gnu/h-i686-mingw32/bin/../lib/gcc/nios2-elf/4.7.3\libgcc.a(lib2-divmod.o)
                0x0200827c                __divsi3
                0x020082cc                __modsi3
                0x02008328                __udivsi3
                0x02008330                __umodsi3
 .text          0x02008338       0x60 c:/altera/13.1/nios2eds/bin/gnu/h-i686-mingw32/bin/../lib/gcc/nios2-elf/4.7.3\libgcc.a(_muldi3.o)
                0x02008338                __muldi3
 .text          0x02008398       0xac c:/altera/13.1/nios2eds/bin/gnu/h-i686-mingw32/bin/../lib/gcc/nios2-elf/4.7.3\libgcc.a(_clzsi2.o)
                0x02008398                __clzsi2
 .text          0x02008444      0x224 c:/altera/13.1/nios2eds/bin/gnu/h-i686-mingw32/bin/../lib/gcc/nios2-elf/4.7.3\libgcc.a(_pack_df.o)
                0x02008444                __pack_d
 .text          0x02008668      0x104 c:/altera/13.1/nios2eds/bin/gnu/h-i686-mingw32/bin/../lib/gcc/nios2-elf/4.7.3\libgcc.a(_unpack_df.o)
                0x02008668                __unpack_d
 .text          0x0200876c       0xd0 c:/altera/13.1/nios2eds/bin/gnu/h-i686-mingw32/bin/../lib/gcc/nios2-elf/4.7.3\libgcc.a(_fpcmp_parts_df.o)
                0x0200876c                __fpcmp_parts_d
 .text          0x0200883c       0x44 c:/altera/13.1/nios2eds/bin/gnu/h-i686-mingw32/bin/../lib/gcc/nios2-elf/4.7.3\libgcc.a(_lshrdi3.o)
                0x0200883c                __lshrdi3
 .text          0x02008880       0x44 c:/altera/13.1/nios2eds/bin/gnu/h-i686-mingw32/bin/../lib/gcc/nios2-elf/4.7.3\libgcc.a(_ashldi3.o)
                0x02008880                __ashldi3
 .text          0x020088c4        0x0 c:/altera/13.1/nios2eds/bin/gnu/h-i686-mingw32/bin/../lib/gcc/nios2-elf/4.7.3\libgcc.a(_clz.o)
 .text          0x020088c4       0x10 c:/altera/13.1/nios2eds/bin/gnu/h-i686-mingw32/bin/../lib/gcc/nios2-elf/4.7.3/../../../../../H-i686-mingw32/nios2-elf/lib\libc.a(lib_a-errno.o)
                0x020088c4                __errno
 .text          0x020088d4        0x0 c:/altera/13.1/nios2eds/bin/gnu/h-i686-mingw32/bin/../lib/gcc/nios2-elf/4.7.3/../../../../../H-i686-mingw32/nios2-elf/lib\libc.a(lib_a-impure.o)
 .text          0x020088d4       0x28 c:/altera/13.1/nios2eds/bin/gnu/h-i686-mingw32/bin/../lib/gcc/nios2-elf/4.7.3/../../../../../H-i686-mingw32/nios2-elf/lib\libc.a(lib_a-malloc.o)
                0x020088d4                malloc
                0x020088e8                free
 .text          0x020088fc      0x784 c:/altera/13.1/nios2eds/bin/gnu/h-i686-mingw32/bin/../lib/gcc/nios2-elf/4.7.3/../../../../../H-i686-mingw32/nios2-elf/lib\libc.a(lib_a-mallocr.o)
                0x020088fc                _malloc_r
 .text          0x02009080       0xf8 c:/altera/13.1/nios2eds/bin/gnu/h-i686-mingw32/bin/../lib/gcc/nios2-elf/4.7.3/../../../../../H-i686-mingw32/nios2-elf/lib\libc.a(lib_a-memcpy.o)
                0x02009080                memcpy
 .text          0x02009178       0xdc c:/altera/13.1/nios2eds/bin/gnu/h-i686-mingw32/bin/../lib/gcc/nios2-elf/4.7.3/../../../../../H-i686-mingw32/nios2-elf/lib\libc.a(lib_a-memset.o)
                0x02009178                memset
 .text          0x02009254       0x68 c:/altera/13.1/nios2eds/bin/gnu/h-i686-mingw32/bin/../lib/gcc/nios2-elf/4.7.3/../../../../../H-i686-mingw32/nios2-elf/lib\libc.a(lib_a-printf.o)
                0x02009254                _printf_r
                0x02009280                printf
 .text          0x020092bc       0x98 c:/altera/13.1/nios2eds/bin/gnu/h-i686-mingw32/bin/../lib/gcc/nios2-elf/4.7.3/../../../../../H-i686-mingw32/nios2-elf/lib\libc.a(lib_a-puts.o)
                0x020092bc                _puts_r
                0x02009340                puts
 .text          0x02009354       0x64 c:/altera/13.1/nios2eds/bin/gnu/h-i686-mingw32/bin/../lib/gcc/nios2-elf/4.7.3/../../../../../H-i686-mingw32/nios2-elf/lib\libc.a(lib_a-sbrkr.o)
                0x02009354                _sbrk_r
 .text          0x020093b8       0xc4 c:/altera/13.1/nios2eds/bin/gnu/h-i686-mingw32/bin/../lib/gcc/nios2-elf/4.7.3/../../../../../H-i686-mingw32/nios2-elf/lib\libc.a(lib_a-sprintf.o)
                0x020093b8                _sprintf_r
                0x02009410                sprintf
 .text          0x0200947c       0x94 c:/altera/13.1/nios2eds/bin/gnu/h-i686-mingw32/bin/../lib/gcc/nios2-elf/4.7.3/../../../../../H-i686-mingw32/nios2-elf/lib\libc.a(lib_a-strcpy.o)
                0x0200947c                strcpy
 .text          0x02009510       0x8c c:/altera/13.1/nios2eds/bin/gnu/h-i686-mingw32/bin/../lib/gcc/nios2-elf/4.7.3/../../../../../H-i686-mingw32/nios2-elf/lib\libc.a(lib_a-strlen.o)
                0x02009510                strlen
 .text          0x0200959c     0x1e50 c:/altera/13.1/nios2eds/bin/gnu/h-i686-mingw32/bin/../lib/gcc/nios2-elf/4.7.3/../../../../../H-i686-mingw32/nios2-elf/lib\libc.a(lib_a-vfprintf.o)
                0x020095d0                ___vfprintf_internal_r
                0x0200b3c8                __vfprintf_internal
 .text          0x0200b3ec       0xec c:/altera/13.1/nios2eds/bin/gnu/h-i686-mingw32/bin/../lib/gcc/nios2-elf/4.7.3/../../../../../H-i686-mingw32/nios2-elf/lib\libc.a(lib_a-vsnprintf.o)
                0x0200b3ec                _vsnprintf_r
                0x0200b498                vsnprintf
 .text          0x0200b4d8      0x174 c:/altera/13.1/nios2eds/bin/gnu/h-i686-mingw32/bin/../lib/gcc/nios2-elf/4.7.3/../../../../../H-i686-mingw32/nios2-elf/lib\libc.a(lib_a-wsetup.o)
                0x0200b4d8                __swsetup_r
 .text          0x0200b64c     0x1824 c:/altera/13.1/nios2eds/bin/gnu/h-i686-mingw32/bin/../lib/gcc/nios2-elf/4.7.3/../../../../../H-i686-mingw32/nios2-elf/lib\libc.a(lib_a-dtoa.o)
                0x0200b854                _dtoa_r
 .text          0x0200ce70      0x218 c:/altera/13.1/nios2eds/bin/gnu/h-i686-mingw32/bin/../lib/gcc/nios2-elf/4.7.3/../../../../../H-i686-mingw32/nios2-elf/lib\libc.a(lib_a-fflush.o)
                0x0200ce70                _fflush_r
                0x0200d058                fflush
 .text          0x0200d088      0x2d8 c:/altera/13.1/nios2eds/bin/gnu/h-i686-mingw32/bin/../lib/gcc/nios2-elf/4.7.3/../../../../../H-i686-mingw32/nios2-elf/lib\libc.a(lib_a-findfp.o)
                0x0200d098                _cleanup_r
                0x0200d0a4                __sfmoreglue
                0x0200d108                _cleanup
                0x0200d118                __sinit
                0x0200d224                __sfp
                0x0200d320                __sfp_lock_acquire
                0x0200d324                __sfp_lock_release
                0x0200d328                __sinit_lock_acquire
                0x0200d32c                __sinit_lock_release
                0x0200d330                __fp_lock_all
                0x0200d348                __fp_unlock_all
 .text          0x0200d360      0x40c c:/altera/13.1/nios2eds/bin/gnu/h-i686-mingw32/bin/../lib/gcc/nios2-elf/4.7.3/../../../../../H-i686-mingw32/nios2-elf/lib\libc.a(lib_a-freer.o)
                0x0200d360                _malloc_trim_r
                0x0200d49c                _free_r
 .text          0x0200d76c      0x4e4 c:/altera/13.1/nios2eds/bin/gnu/h-i686-mingw32/bin/../lib/gcc/nios2-elf/4.7.3/../../../../../H-i686-mingw32/nios2-elf/lib\libc.a(lib_a-fvwrite.o)
                0x0200d76c                __sfvwrite_r
 .text          0x0200dc50      0x160 c:/altera/13.1/nios2eds/bin/gnu/h-i686-mingw32/bin/../lib/gcc/nios2-elf/4.7.3/../../../../../H-i686-mingw32/nios2-elf/lib\libc.a(lib_a-fwalk.o)
                0x0200dc50                _fwalk
                0x0200dcf8                _fwalk_reent
 .text          0x0200ddb0        0x0 c:/altera/13.1/nios2eds/bin/gnu/h-i686-mingw32/bin/../lib/gcc/nios2-elf/4.7.3/../../../../../H-i686-mingw32/nios2-elf/lib\libc.a(lib_a-int_errno.o)
 .text          0x0200ddb0       0xdc c:/altera/13.1/nios2eds/bin/gnu/h-i686-mingw32/bin/../lib/gcc/nios2-elf/4.7.3/../../../../../H-i686-mingw32/nios2-elf/lib\libc.a(lib_a-locale.o)
                0x0200ddb0                _setlocale_r
                0x0200de4c                __locale_charset
                0x0200de58                _localeconv_r
                0x0200de64                setlocale
                0x0200de80                localeconv
 .text          0x0200de8c      0x1a8 c:/altera/13.1/nios2eds/bin/gnu/h-i686-mingw32/bin/../lib/gcc/nios2-elf/4.7.3/../../../../../H-i686-mingw32/nios2-elf/lib\libc.a(lib_a-makebuf.o)
                0x0200de8c                __smakebuf_r
 .text          0x0200e034       0xf8 c:/altera/13.1/nios2eds/bin/gnu/h-i686-mingw32/bin/../lib/gcc/nios2-elf/4.7.3/../../../../../H-i686-mingw32/nios2-elf/lib\libc.a(lib_a-memchr.o)
                0x0200e034                memchr
 .text          0x0200e12c      0x128 c:/altera/13.1/nios2eds/bin/gnu/h-i686-mingw32/bin/../lib/gcc/nios2-elf/4.7.3/../../../../../H-i686-mingw32/nios2-elf/lib\libc.a(lib_a-memmove.o)
                0x0200e12c                memmove
 .text          0x0200e254      0xfa8 c:/altera/13.1/nios2eds/bin/gnu/h-i686-mingw32/bin/../lib/gcc/nios2-elf/4.7.3/../../../../../H-i686-mingw32/nios2-elf/lib\libc.a(lib_a-mprec.o)
                0x0200e254                _Balloc
                0x0200e2fc                _Bfree
                0x0200e324                __multadd
                0x0200e438                __s2b
                0x0200e53c                __hi0bits
                0x0200e5a4                __lo0bits
                0x0200e654                __i2b
                0x0200e690                __multiply
                0x0200e870                __pow5mult
                0x0200e99c                __lshift
                0x0200eaf8                __mcmp
                0x0200eb50                __mdiff
                0x0200ecf8                __ulp
                0x0200ed58                __b2d
                0x0200eea0                __d2b
                0x0200efe4                __ratio
                0x0200f088                _mprec_log10
                0x0200f0fc                __copybits
                0x0200f178                __any_on
 .text          0x0200f1fc      0x5fc c:/altera/13.1/nios2eds/bin/gnu/h-i686-mingw32/bin/../lib/gcc/nios2-elf/4.7.3/../../../../../H-i686-mingw32/nios2-elf/lib\libc.a(lib_a-reallocr.o)
                0x0200f1fc                _realloc_r
 .text          0x0200f7f8       0x38 c:/altera/13.1/nios2eds/bin/gnu/h-i686-mingw32/bin/../lib/gcc/nios2-elf/4.7.3/../../../../../H-i686-mingw32/nios2-elf/lib\libc.a(lib_a-s_isinfd.o)
                0x0200f7f8                __isinfd
 .text          0x0200f830      0x140 c:/altera/13.1/nios2eds/bin/gnu/h-i686-mingw32/bin/../lib/gcc/nios2-elf/4.7.3/../../../../../H-i686-mingw32/nios2-elf/lib\libc.a(lib_a-stdio.o)
                0x0200f830                __sread
                0x0200f884                __swrite
                0x0200f90c                __sseek
                0x0200f968                __sclose
 .text          0x0200f970       0xa4 c:/altera/13.1/nios2eds/bin/gnu/h-i686-mingw32/bin/../lib/gcc/nios2-elf/4.7.3/../../../../../H-i686-mingw32/nios2-elf/lib\libc.a(lib_a-strcmp.o)
                0x0200f970                strcmp
 .text          0x0200fa14       0x6c c:/altera/13.1/nios2eds/bin/gnu/h-i686-mingw32/bin/../lib/gcc/nios2-elf/4.7.3/../../../../../H-i686-mingw32/nios2-elf/lib\libc.a(lib_a-writer.o)
                0x0200fa14                _write_r
 .text          0x0200fa80       0xbc c:/altera/13.1/nios2eds/bin/gnu/h-i686-mingw32/bin/../lib/gcc/nios2-elf/4.7.3/../../../../../H-i686-mingw32/nios2-elf/lib\libc.a(lib_a-callocr.o)
                0x0200fa80                _calloc_r
 .text          0x0200fb3c       0x64 c:/altera/13.1/nios2eds/bin/gnu/h-i686-mingw32/bin/../lib/gcc/nios2-elf/4.7.3/../../../../../H-i686-mingw32/nios2-elf/lib\libc.a(lib_a-closer.o)
                0x0200fb3c                _close_r
 .text          0x0200fba0      0x150 c:/altera/13.1/nios2eds/bin/gnu/h-i686-mingw32/bin/../lib/gcc/nios2-elf/4.7.3/../../../../../H-i686-mingw32/nios2-elf/lib\libc.a(lib_a-fclose.o)
                0x0200fba0                _fclose_r
                0x0200fcdc                fclose
 .text          0x0200fcf0       0x68 c:/altera/13.1/nios2eds/bin/gnu/h-i686-mingw32/bin/../lib/gcc/nios2-elf/4.7.3/../../../../../H-i686-mingw32/nios2-elf/lib\libc.a(lib_a-fstatr.o)
                0x0200fcf0                _fstat_r
 .text          0x0200fd58       0x64 c:/altera/13.1/nios2eds/bin/gnu/h-i686-mingw32/bin/../lib/gcc/nios2-elf/4.7.3/../../../../../H-i686-mingw32/nios2-elf/lib\libc.a(lib_a-isattyr.o)
                0x0200fd58                _isatty_r
 .text          0x0200fdbc       0x6c c:/altera/13.1/nios2eds/bin/gnu/h-i686-mingw32/bin/../lib/gcc/nios2-elf/4.7.3/../../../../../H-i686-mingw32/nios2-elf/lib\libc.a(lib_a-lseekr.o)
                0x0200fdbc                _lseek_r
 .text          0x0200fe28       0x6c c:/altera/13.1/nios2eds/bin/gnu/h-i686-mingw32/bin/../lib/gcc/nios2-elf/4.7.3/../../../../../H-i686-mingw32/nios2-elf/lib\libc.a(lib_a-readr.o)
                0x0200fe28                _read_r
 .text          0x0200fe94      0x5c8 c:/altera/13.1/nios2eds/bin/gnu/h-i686-mingw32/bin/../lib/gcc/nios2-elf/4.7.3\libgcc.a(_udivdi3.o)
                0x0200fe94                __udivdi3
 .text          0x0201045c      0x58c c:/altera/13.1/nios2eds/bin/gnu/h-i686-mingw32/bin/../lib/gcc/nios2-elf/4.7.3\libgcc.a(_umoddi3.o)
                0x0201045c                __umoddi3
 .text          0x020109e8       0x5c c:/altera/13.1/nios2eds/bin/gnu/h-i686-mingw32/bin/../lib/gcc/nios2-elf/4.7.3\libgcc.a(_eq_df.o)
                0x020109e8                __eqdf2
 .text          0x02010a44       0x5c c:/altera/13.1/nios2eds/bin/gnu/h-i686-mingw32/bin/../lib/gcc/nios2-elf/4.7.3\libgcc.a(_ne_df.o)
                0x02010a44                __nedf2
 .text          0x02010aa0       0x64 c:/altera/13.1/nios2eds/bin/gnu/h-i686-mingw32/bin/../lib/gcc/nios2-elf/4.7.3\libgcc.a(_gt_df.o)
                0x02010aa0                __gtdf2
 .text          0x02010b04       0x64 c:/altera/13.1/nios2eds/bin/gnu/h-i686-mingw32/bin/../lib/gcc/nios2-elf/4.7.3\libgcc.a(_ge_df.o)
                0x02010b04                __gedf2
 .text          0x02010b68      0x11c c:/altera/13.1/nios2eds/bin/gnu/h-i686-mingw32/bin/../lib/gcc/nios2-elf/4.7.3\libgcc.a(_usi_to_df.o)
                0x02010b68                __floatunsidf
 .text          0x02010c84      0x140 ../LT24_Test_bsp/\libhal_bsp.a(alt_alarm_start.o)
                0x02010c84                alt_alarm_start
 .text          0x02010dc4      0x118 ../LT24_Test_bsp/\libhal_bsp.a(alt_close.o)
                0x02010e14                close
 .text          0x02010edc       0x2c ../LT24_Test_bsp/\libhal_bsp.a(alt_dev.o)
 .text          0x02010f08        0x0 ../LT24_Test_bsp/\libhal_bsp.a(alt_errno.o)
 .text          0x02010f08       0xfc ../LT24_Test_bsp/\libhal_bsp.a(alt_fstat.o)
                0x02010f58                fstat
 .text          0x02011004      0x1d8 ../LT24_Test_bsp/\libhal_bsp.a(alt_iic.o)
                0x02011004                alt_ic_isr_register
                0x02011054                alt_ic_irq_enable
                0x020110f0                alt_ic_irq_disable
                0x02011190                alt_ic_irq_enabled
 .text          0x020111dc       0xf0 ../LT24_Test_bsp/\libhal_bsp.a(alt_iic_isr_register.o)
                0x020111dc                alt_iic_isr_register
 .text          0x020112cc        0x0 ../LT24_Test_bsp/\libhal_bsp.a(alt_irq_entry.o)
 .text          0x020112cc        0x0 ../LT24_Test_bsp/\libhal_bsp.a(alt_irq_handler.o)
 .text          0x020112cc        0x0 ../LT24_Test_bsp/\libhal_bsp.a(alt_irq_vars.o)
 .text          0x020112cc       0xf0 ../LT24_Test_bsp/\libhal_bsp.a(alt_isatty.o)
                0x0201131c                isatty
 .text          0x020113bc      0x120 ../LT24_Test_bsp/\libhal_bsp.a(alt_lseek.o)
                0x0201140c                lseek
 .text          0x020114dc       0x78 ../LT24_Test_bsp/\libhal_bsp.a(alt_main.o)
                0x020114dc                alt_main
 .text          0x02011554       0x40 ../LT24_Test_bsp/\libhal_bsp.a(alt_malloc_lock.o)
                0x02011554                __malloc_lock
                0x02011574                __malloc_unlock
 .text          0x02011594      0x140 ../LT24_Test_bsp/\libhal_bsp.a(alt_read.o)
                0x020115e4                read
 .text          0x020116d4       0x60 ../LT24_Test_bsp/\libhal_bsp.a(alt_release_fd.o)
                0x020116d4                alt_release_fd
 .text          0x02011734       0xb0 ../LT24_Test_bsp/\libhal_bsp.a(alt_sbrk.o)
                0x02011734                sbrk
 .text          0x020117e4      0x19c ../LT24_Test_bsp/\libhal_bsp.a(alt_tick.o)
                0x020117e4                alt_alarm_stop
                0x0201187c                alt_tick
 .text          0x02011980       0x30 ../LT24_Test_bsp/\libhal_bsp.a(alt_usleep.o)
                0x02011980                usleep
 .text          0x020119b0      0x13c ../LT24_Test_bsp/\libhal_bsp.a(alt_write.o)
                0x02011a00                write
 .text          0x02011aec       0xd8 ../LT24_Test_bsp/\libhal_bsp.a(alt_sys_init.o)
                0x02011b24                alt_irq_init
                0x02011b58                alt_sys_init
 .text          0x02011bc4      0x990 ../LT24_Test_bsp/\libhal_bsp.a(altera_avalon_epcs_flash_controller.o)
                0x02011bfc                alt_epcs_flash_init
                0x02011fc4                alt_epcs_flash_write
                0x02012224                alt_epcs_flash_get_info
                0x02012344                alt_epcs_flash_erase_block
                0x020123b8                alt_epcs_flash_write_block
                0x020124bc                alt_epcs_flash_read
 .text          0x02012554      0x164 ../LT24_Test_bsp/\libhal_bsp.a(altera_avalon_jtag_uart_fd.o)
                0x02012554                altera_avalon_jtag_uart_read_fd
                0x020125b4                altera_avalon_jtag_uart_write_fd
                0x02012614                altera_avalon_jtag_uart_close_fd
                0x02012664                altera_avalon_jtag_uart_ioctl_fd
 .text          0x020126b8      0x3d0 ../LT24_Test_bsp/\libhal_bsp.a(altera_avalon_jtag_uart_init.o)
                0x020126b8                altera_avalon_jtag_uart_init
                0x02012a20                altera_avalon_jtag_uart_close
 .text          0x02012a88       0xf4 ../LT24_Test_bsp/\libhal_bsp.a(altera_avalon_jtag_uart_ioctl.o)
                0x02012a88                altera_avalon_jtag_uart_ioctl
 .text          0x02012b7c      0x218 ../LT24_Test_bsp/\libhal_bsp.a(altera_avalon_jtag_uart_read.o)
                0x02012b7c                altera_avalon_jtag_uart_read
 .text          0x02012d94      0x224 ../LT24_Test_bsp/\libhal_bsp.a(altera_avalon_jtag_uart_write.o)
                0x02012d94                altera_avalon_jtag_uart_write
 .text          0x02012fb8      0x208 ../LT24_Test_bsp/\libhal_bsp.a(altera_avalon_spi.o)
                0x02012fb8                alt_avalon_spi_command
 .text          0x020131c0       0xfc ../LT24_Test_bsp/\libhal_bsp.a(altera_avalon_timer_sc.o)
                0x02013234                alt_avalon_timer_sc_init
 .text          0x020132bc      0x624 ../LT24_Test_bsp/\libhal_bsp.a(epcs_commands.o)
                0x020132bc                epcs_read_status_register
                0x02013388                epcs_sector_erase
                0x02013480                epcs_read_buffer
                0x02013574                epcs_write_enable
                0x020135c4                epcs_write_status_register
                0x0201362c                epcs_write_buffer
                0x02013748                epcs_read_electronic_signature
                0x020137b0                epcs_read_device_id
                0x02013830                epcs_enter_4_bytes_mode
                0x02013888                epcs_exit_4_bytes_mode
 .text          0x020138e0      0x154 ../LT24_Test_bsp/\libhal_bsp.a(alt_busy_sleep.o)
                0x020138e0                alt_busy_sleep
 .text          0x02013a34       0xf0 ../LT24_Test_bsp/\libhal_bsp.a(alt_dev_llist_insert.o)
                0x02013a84                alt_dev_llist_insert
 .text          0x02013b24       0x5c ../LT24_Test_bsp/\libhal_bsp.a(alt_do_ctors.o)
                0x02013b24                _do_ctors
 .text          0x02013b80       0x5c ../LT24_Test_bsp/\libhal_bsp.a(alt_do_dtors.o)
                0x02013b80                _do_dtors
 .text          0x02013bdc        0x0 ../LT24_Test_bsp/\libhal_bsp.a(alt_exception_entry.o)
 .text          0x02013bdc       0xb8 ../LT24_Test_bsp/\libhal_bsp.a(alt_flash_dev.o)
                0x02013bdc                alt_flash_open_dev
                0x02013c44                alt_flash_close_dev
 .text          0x02013c94      0x138 ../LT24_Test_bsp/\libhal_bsp.a(alt_io_redirect.o)
                0x02013d54                alt_io_redirect
 .text          0x02013dcc      0x270 ../LT24_Test_bsp/\libhal_bsp.a(alt_open.o)
                0x02013ee8                open
 .text          0x0201403c       0x20 ../LT24_Test_bsp/\libhal_bsp.a(altera_nios2_qsys_irq.o)
                0x0201403c                altera_nios2_qsys_irq_init
 .text          0x0201405c       0x90 ../LT24_Test_bsp/\libhal_bsp.a(alt_find_dev.o)
                0x0201405c                alt_find_dev
 .text          0x020140ec      0x114 ../LT24_Test_bsp/\libhal_bsp.a(alt_find_file.o)
                0x020140ec                alt_find_file
 .text          0x02014200       0xb4 ../LT24_Test_bsp/\libhal_bsp.a(alt_get_fd.o)
                0x02014200                alt_get_fd
 .text          0x020142b4       0x14 c:/altera/13.1/nios2eds/bin/gnu/h-i686-mingw32/bin/../lib/gcc/nios2-elf/4.7.3/../../../../../H-i686-mingw32/nios2-elf/lib\libc.a(lib_a-atexit.o)
                0x020142b4                atexit
 .text          0x020142c8       0x38 c:/altera/13.1/nios2eds/bin/gnu/h-i686-mingw32/bin/../lib/gcc/nios2-elf/4.7.3/../../../../../H-i686-mingw32/nios2-elf/lib\libc.a(lib_a-exit.o)
                0x020142c8                exit
 .text          0x02014300       0x7c c:/altera/13.1/nios2eds/bin/gnu/h-i686-mingw32/bin/../lib/gcc/nios2-elf/4.7.3/../../../../../H-i686-mingw32/nios2-elf/lib\libc.a(lib_a-memcmp.o)
                0x02014300                memcmp
 .text          0x0201437c      0x130 c:/altera/13.1/nios2eds/bin/gnu/h-i686-mingw32/bin/../lib/gcc/nios2-elf/4.7.3/../../../../../H-i686-mingw32/nios2-elf/lib\libc.a(lib_a-__atexit.o)
                0x0201437c                __register_exitproc
 .text          0x020144ac      0x1a0 c:/altera/13.1/nios2eds/bin/gnu/h-i686-mingw32/bin/../lib/gcc/nios2-elf/4.7.3/../../../../../H-i686-mingw32/nios2-elf/lib\libc.a(lib_a-__call_atexit.o)
                0x020144ac                __call_exitprocs
 .text          0x0201464c       0x3c ../LT24_Test_bsp/\libhal_bsp.a(alt_exit.o)
                0x0201464c                _exit
 *(.gnu.warning.*)
 *(.fini)
                0x02014688                PROVIDE (__etext, ABSOLUTE (.))
                0x02014688                PROVIDE (_etext, ABSOLUTE (.))
                0x02014688                PROVIDE (etext, ABSOLUTE (.))
 *(.eh_frame_hdr)
                0x02014688                . = ALIGN (0x4)
                0x02014688                PROVIDE (__preinit_array_start, ABSOLUTE (.))
 *(.preinit_array)
                0x02014688                PROVIDE (__preinit_array_end, ABSOLUTE (.))
                0x02014688                PROVIDE (__init_array_start, ABSOLUTE (.))
 *(.init_array)
                0x02014688                PROVIDE (__init_array_end, ABSOLUTE (.))
                0x02014688                PROVIDE (__fini_array_start, ABSOLUTE (.))
 *(.fini_array)
                0x02014688                PROVIDE (__fini_array_end, ABSOLUTE (.))
 *(.eh_frame)
 *(.gcc_except_table .gcc_except_table.*)
 *(.dynamic)
                0x02014688                PROVIDE (__CTOR_LIST__, ABSOLUTE (.))
 *(.ctors)
 *(SORT(.ctors.*))
                0x02014688                PROVIDE (__CTOR_END__, ABSOLUTE (.))
                0x02014688                PROVIDE (__DTOR_LIST__, ABSOLUTE (.))
 *(.dtors)
 *(SORT(.dtors.*))
                0x02014688                PROVIDE (__DTOR_END__, ABSOLUTE (.))
 *(.jcr)
                0x02014688                . = ALIGN (0x4)

.rodata         0x02014688    0x1a380
                0x02014688                PROVIDE (__ram_rodata_start, ABSOLUTE (.))
                0x02014688                . = ALIGN (0x4)
 *(.rodata .rodata.* .gnu.linkonce.r.*)
 .rodata        0x02014688     0x77f2 obj/default/fonts/tahomabold_20.o
 .rodata        0x0201be7a    0x12520 obj/default/fonts/tahomabold_32.o
 *fill*         0x0202e39a        0x2 
 .rodata        0x0202e39c       0x58 obj/default/graphic_lib/simple_graphics.o
 .rodata        0x0202e3f4       0x28 obj/default/graphic_lib/simple_text.o
 .rodata        0x0202e41c       0x2c obj/default/gui.o
 .rodata        0x0202e448       0x34 obj/default/gui_vpg.o
 .rodata        0x0202e47c       0x40 obj/default/main.o
 .rodata        0x0202e4bc      0x1f4 obj/default/terasic_lib/I2C.o
 .rodata        0x0202e6b0       0x10 obj/default/terasic_lib/debug.o
 .rodata.str1.4
                0x0202e6c0        0x5 c:/altera/13.1/nios2eds/bin/gnu/h-i686-mingw32/bin/../lib/gcc/nios2-elf/4.7.3/../../../../../H-i686-mingw32/nios2-elf/lib\libm.a(lib_a-w_sqrt.o)
                                  0x8 (size before relaxing)
 *fill*         0x0202e6c5        0x3 
 .rodata        0x0202e6c8       0x14 c:/altera/13.1/nios2eds/bin/gnu/h-i686-mingw32/bin/../lib/gcc/nios2-elf/4.7.3\libgcc.a(_thenan_df.o)
                0x0202e6c8                __thenan_df
 .rodata        0x0202e6dc      0x100 c:/altera/13.1/nios2eds/bin/gnu/h-i686-mingw32/bin/../lib/gcc/nios2-elf/4.7.3\libgcc.a(_clz.o)
                0x0202e6dc                __clz_tab
 .rodata.str1.4
                0x0202e7dc        0x2 c:/altera/13.1/nios2eds/bin/gnu/h-i686-mingw32/bin/../lib/gcc/nios2-elf/4.7.3/../../../../../H-i686-mingw32/nios2-elf/lib\libc.a(lib_a-impure.o)
                                  0x4 (size before relaxing)
 *fill*         0x0202e7de        0x2 
 .rodata.str1.4
                0x0202e7e0        0x2 c:/altera/13.1/nios2eds/bin/gnu/h-i686-mingw32/bin/../lib/gcc/nios2-elf/4.7.3/../../../../../H-i686-mingw32/nios2-elf/lib\libc.a(lib_a-puts.o)
                                  0x4 (size before relaxing)
 *fill*         0x0202e7e2        0x2 
 .rodata.str1.4
                0x0202e7e4       0x42 c:/altera/13.1/nios2eds/bin/gnu/h-i686-mingw32/bin/../lib/gcc/nios2-elf/4.7.3/../../../../../H-i686-mingw32/nios2-elf/lib\libc.a(lib_a-vfprintf.o)
                                 0x44 (size before relaxing)
 .rodata        0x0202e826       0x20 c:/altera/13.1/nios2eds/bin/gnu/h-i686-mingw32/bin/../lib/gcc/nios2-elf/4.7.3/../../../../../H-i686-mingw32/nios2-elf/lib\libc.a(lib_a-vfprintf.o)
 *fill*         0x0202e846        0x2 
 .rodata.str1.4
                0x0202e848       0x10 c:/altera/13.1/nios2eds/bin/gnu/h-i686-mingw32/bin/../lib/gcc/nios2-elf/4.7.3/../../../../../H-i686-mingw32/nios2-elf/lib\libc.a(lib_a-dtoa.o)
                                 0x14 (size before relaxing)
 .rodata.str1.4
                0x0202e858       0x10 c:/altera/13.1/nios2eds/bin/gnu/h-i686-mingw32/bin/../lib/gcc/nios2-elf/4.7.3/../../../../../H-i686-mingw32/nios2-elf/lib\libc.a(lib_a-locale.o)
                                 0x18 (size before relaxing)
 .rodata        0x0202e868       0x30 c:/altera/13.1/nios2eds/bin/gnu/h-i686-mingw32/bin/../lib/gcc/nios2-elf/4.7.3/../../../../../H-i686-mingw32/nios2-elf/lib\libc.a(lib_a-locale.o)
 .rodata        0x0202e898      0x124 c:/altera/13.1/nios2eds/bin/gnu/h-i686-mingw32/bin/../lib/gcc/nios2-elf/4.7.3/../../../../../H-i686-mingw32/nios2-elf/lib\libc.a(lib_a-mprec.o)
                0x0202e898                __mprec_tinytens
                0x0202e8c0                __mprec_bigtens
                0x0202e8e8                __mprec_tens
 .rodata        0x0202e9bc        0xc ../LT24_Test_bsp/\libhal_bsp.a(alt_dev.o)
 .rodata        0x0202e9c8       0x10 ../LT24_Test_bsp/\libhal_bsp.a(alt_main.o)
 .rodata        0x0202e9d8       0x30 ../LT24_Test_bsp/\libhal_bsp.a(alt_sys_init.o)
 *(.rodata1)
                0x0202ea08                . = ALIGN (0x4)
                0x0202ea08                PROVIDE (__ram_rodata_end, ABSOLUTE (.))
                0x02014688                PROVIDE (__flash_rodata_start, LOADADDR (.rodata))

.rwdata         0x0202ea08     0x36e0
                0x0202ea08                PROVIDE (__ram_rwdata_start, ABSOLUTE (.))
                0x0202ea08                . = ALIGN (0x4)
 *(.got.plt)
 *(.got)
 *(.data1)
 *(.data .data.* .gnu.linkonce.d.*)
 .data          0x0202ea08        0x0 ../LT24_Test_bsp//obj/HAL/src/crt0.o
 .data          0x0202ea08      0xbc0 obj/default/fonts/tahomabold_20.o
                0x0202ea08                tahomabold_20
 .data          0x0202f5c8      0xbc0 obj/default/fonts/tahomabold_32.o
                0x0202f5c8                tahomabold_32
 .data          0x02030188        0x0 obj/default/geometry.o
 .data          0x02030188        0x0 obj/default/graphic_lib/ILI9341.o
 .data          0x02030188      0x415 obj/default/graphic_lib/simple_graphics.o
                0x02030188                cour10_font_array
 .data          0x0203059d        0x0 obj/default/graphic_lib/simple_text.o
 *fill*         0x0203059d        0x3 
 .data          0x020305a0       0x14 obj/default/gui.o
                0x020305a0                szPallete
 .data          0x020305b4        0x0 obj/default/gui_vpg.o
 .data          0x020305b4        0x0 obj/default/main.o
 .data          0x020305b4        0x0 obj/default/terasic_lib/I2C.o
 .data          0x020305b4        0x0 obj/default/terasic_lib/debug.o
 .data          0x020305b4        0x0 obj/default/terasic_lib/queue.o
 .data          0x020305b4        0x0 obj/default/terasic_lib/touch_spi.o
 .data          0x020305b4        0x0 c:/altera/13.1/nios2eds/bin/gnu/h-i686-mingw32/bin/../lib/gcc/nios2-elf/4.7.3/../../../../../H-i686-mingw32/nios2-elf/lib\libm.a(lib_a-w_sqrt.o)
 .data          0x020305b4        0x0 c:/altera/13.1/nios2eds/bin/gnu/h-i686-mingw32/bin/../lib/gcc/nios2-elf/4.7.3/../../../../../H-i686-mingw32/nios2-elf/lib\libm.a(lib_a-e_sqrt.o)
 .data          0x020305b4        0x0 c:/altera/13.1/nios2eds/bin/gnu/h-i686-mingw32/bin/../lib/gcc/nios2-elf/4.7.3/../../../../../H-i686-mingw32/nios2-elf/lib\libm.a(lib_a-s_isnand.o)
 .data          0x020305b4        0x0 c:/altera/13.1/nios2eds/bin/gnu/h-i686-mingw32/bin/../lib/gcc/nios2-elf/4.7.3/../../../../../H-i686-mingw32/nios2-elf/lib\libm.a(lib_a-s_lib_ver.o)
 .data          0x020305b4        0x0 c:/altera/13.1/nios2eds/bin/gnu/h-i686-mingw32/bin/../lib/gcc/nios2-elf/4.7.3/../../../../../H-i686-mingw32/nios2-elf/lib\libm.a(lib_a-s_matherr.o)
 .data          0x020305b4        0x0 c:/altera/13.1/nios2eds/bin/gnu/h-i686-mingw32/bin/../lib/gcc/nios2-elf/4.7.3\libgcc.a(_addsub_df.o)
 .data          0x020305b4        0x0 c:/altera/13.1/nios2eds/bin/gnu/h-i686-mingw32/bin/../lib/gcc/nios2-elf/4.7.3\libgcc.a(_mul_df.o)
 .data          0x020305b4        0x0 c:/altera/13.1/nios2eds/bin/gnu/h-i686-mingw32/bin/../lib/gcc/nios2-elf/4.7.3\libgcc.a(_div_df.o)
 .data          0x020305b4        0x0 c:/altera/13.1/nios2eds/bin/gnu/h-i686-mingw32/bin/../lib/gcc/nios2-elf/4.7.3\libgcc.a(_lt_df.o)
 .data          0x020305b4        0x0 c:/altera/13.1/nios2eds/bin/gnu/h-i686-mingw32/bin/../lib/gcc/nios2-elf/4.7.3\libgcc.a(_si_to_df.o)
 .data          0x020305b4        0x0 c:/altera/13.1/nios2eds/bin/gnu/h-i686-mingw32/bin/../lib/gcc/nios2-elf/4.7.3\libgcc.a(_df_to_si.o)
 .data          0x020305b4        0x0 c:/altera/13.1/nios2eds/bin/gnu/h-i686-mingw32/bin/../lib/gcc/nios2-elf/4.7.3\libgcc.a(_thenan_df.o)
 .data          0x020305b4        0x0 c:/altera/13.1/nios2eds/bin/gnu/h-i686-mingw32/bin/../lib/gcc/nios2-elf/4.7.3\libgcc.a(lib2-divmod.o)
 .data          0x020305b4        0x0 c:/altera/13.1/nios2eds/bin/gnu/h-i686-mingw32/bin/../lib/gcc/nios2-elf/4.7.3\libgcc.a(_muldi3.o)
 .data          0x020305b4        0x0 c:/altera/13.1/nios2eds/bin/gnu/h-i686-mingw32/bin/../lib/gcc/nios2-elf/4.7.3\libgcc.a(_clzsi2.o)
 .data          0x020305b4        0x0 c:/altera/13.1/nios2eds/bin/gnu/h-i686-mingw32/bin/../lib/gcc/nios2-elf/4.7.3\libgcc.a(_pack_df.o)
 .data          0x020305b4        0x0 c:/altera/13.1/nios2eds/bin/gnu/h-i686-mingw32/bin/../lib/gcc/nios2-elf/4.7.3\libgcc.a(_unpack_df.o)
 .data          0x020305b4        0x0 c:/altera/13.1/nios2eds/bin/gnu/h-i686-mingw32/bin/../lib/gcc/nios2-elf/4.7.3\libgcc.a(_fpcmp_parts_df.o)
 .data          0x020305b4        0x0 c:/altera/13.1/nios2eds/bin/gnu/h-i686-mingw32/bin/../lib/gcc/nios2-elf/4.7.3\libgcc.a(_lshrdi3.o)
 .data          0x020305b4        0x0 c:/altera/13.1/nios2eds/bin/gnu/h-i686-mingw32/bin/../lib/gcc/nios2-elf/4.7.3\libgcc.a(_ashldi3.o)
 .data          0x020305b4        0x0 c:/altera/13.1/nios2eds/bin/gnu/h-i686-mingw32/bin/../lib/gcc/nios2-elf/4.7.3\libgcc.a(_clz.o)
 .data          0x020305b4        0x0 c:/altera/13.1/nios2eds/bin/gnu/h-i686-mingw32/bin/../lib/gcc/nios2-elf/4.7.3/../../../../../H-i686-mingw32/nios2-elf/lib\libc.a(lib_a-errno.o)
 .data          0x020305b4      0x400 c:/altera/13.1/nios2eds/bin/gnu/h-i686-mingw32/bin/../lib/gcc/nios2-elf/4.7.3/../../../../../H-i686-mingw32/nios2-elf/lib\libc.a(lib_a-impure.o)
 .data          0x020309b4        0x0 c:/altera/13.1/nios2eds/bin/gnu/h-i686-mingw32/bin/../lib/gcc/nios2-elf/4.7.3/../../../../../H-i686-mingw32/nios2-elf/lib\libc.a(lib_a-malloc.o)
 .data          0x020309b4      0x408 c:/altera/13.1/nios2eds/bin/gnu/h-i686-mingw32/bin/../lib/gcc/nios2-elf/4.7.3/../../../../../H-i686-mingw32/nios2-elf/lib\libc.a(lib_a-mallocr.o)
                0x020309b4                __malloc_av_
 .data          0x02030dbc        0x0 c:/altera/13.1/nios2eds/bin/gnu/h-i686-mingw32/bin/../lib/gcc/nios2-elf/4.7.3/../../../../../H-i686-mingw32/nios2-elf/lib\libc.a(lib_a-memcpy.o)
 .data          0x02030dbc        0x0 c:/altera/13.1/nios2eds/bin/gnu/h-i686-mingw32/bin/../lib/gcc/nios2-elf/4.7.3/../../../../../H-i686-mingw32/nios2-elf/lib\libc.a(lib_a-memset.o)
 .data          0x02030dbc        0x0 c:/altera/13.1/nios2eds/bin/gnu/h-i686-mingw32/bin/../lib/gcc/nios2-elf/4.7.3/../../../../../H-i686-mingw32/nios2-elf/lib\libc.a(lib_a-printf.o)
 .data          0x02030dbc        0x0 c:/altera/13.1/nios2eds/bin/gnu/h-i686-mingw32/bin/../lib/gcc/nios2-elf/4.7.3/../../../../../H-i686-mingw32/nios2-elf/lib\libc.a(lib_a-puts.o)
 .data          0x02030dbc        0x0 c:/altera/13.1/nios2eds/bin/gnu/h-i686-mingw32/bin/../lib/gcc/nios2-elf/4.7.3/../../../../../H-i686-mingw32/nios2-elf/lib\libc.a(lib_a-sbrkr.o)
 .data          0x02030dbc        0x0 c:/altera/13.1/nios2eds/bin/gnu/h-i686-mingw32/bin/../lib/gcc/nios2-elf/4.7.3/../../../../../H-i686-mingw32/nios2-elf/lib\libc.a(lib_a-sprintf.o)
 .data          0x02030dbc        0x0 c:/altera/13.1/nios2eds/bin/gnu/h-i686-mingw32/bin/../lib/gcc/nios2-elf/4.7.3/../../../../../H-i686-mingw32/nios2-elf/lib\libc.a(lib_a-strcpy.o)
 .data          0x02030dbc        0x0 c:/altera/13.1/nios2eds/bin/gnu/h-i686-mingw32/bin/../lib/gcc/nios2-elf/4.7.3/../../../../../H-i686-mingw32/nios2-elf/lib\libc.a(lib_a-strlen.o)
 .data          0x02030dbc        0x0 c:/altera/13.1/nios2eds/bin/gnu/h-i686-mingw32/bin/../lib/gcc/nios2-elf/4.7.3/../../../../../H-i686-mingw32/nios2-elf/lib\libc.a(lib_a-vfprintf.o)
 .data          0x02030dbc        0x0 c:/altera/13.1/nios2eds/bin/gnu/h-i686-mingw32/bin/../lib/gcc/nios2-elf/4.7.3/../../../../../H-i686-mingw32/nios2-elf/lib\libc.a(lib_a-vsnprintf.o)
 .data          0x02030dbc        0x0 c:/altera/13.1/nios2eds/bin/gnu/h-i686-mingw32/bin/../lib/gcc/nios2-elf/4.7.3/../../../../../H-i686-mingw32/nios2-elf/lib\libc.a(lib_a-wsetup.o)
 .data          0x02030dbc        0x0 c:/altera/13.1/nios2eds/bin/gnu/h-i686-mingw32/bin/../lib/gcc/nios2-elf/4.7.3/../../../../../H-i686-mingw32/nios2-elf/lib\libc.a(lib_a-dtoa.o)
 .data          0x02030dbc        0x0 c:/altera/13.1/nios2eds/bin/gnu/h-i686-mingw32/bin/../lib/gcc/nios2-elf/4.7.3/../../../../../H-i686-mingw32/nios2-elf/lib\libc.a(lib_a-fflush.o)
 .data          0x02030dbc        0x0 c:/altera/13.1/nios2eds/bin/gnu/h-i686-mingw32/bin/../lib/gcc/nios2-elf/4.7.3/../../../../../H-i686-mingw32/nios2-elf/lib\libc.a(lib_a-findfp.o)
 .data          0x02030dbc        0x0 c:/altera/13.1/nios2eds/bin/gnu/h-i686-mingw32/bin/../lib/gcc/nios2-elf/4.7.3/../../../../../H-i686-mingw32/nios2-elf/lib\libc.a(lib_a-freer.o)
 .data          0x02030dbc        0x0 c:/altera/13.1/nios2eds/bin/gnu/h-i686-mingw32/bin/../lib/gcc/nios2-elf/4.7.3/../../../../../H-i686-mingw32/nios2-elf/lib\libc.a(lib_a-fvwrite.o)
 .data          0x02030dbc        0x0 c:/altera/13.1/nios2eds/bin/gnu/h-i686-mingw32/bin/../lib/gcc/nios2-elf/4.7.3/../../../../../H-i686-mingw32/nios2-elf/lib\libc.a(lib_a-fwalk.o)
 .data          0x02030dbc        0x0 c:/altera/13.1/nios2eds/bin/gnu/h-i686-mingw32/bin/../lib/gcc/nios2-elf/4.7.3/../../../../../H-i686-mingw32/nios2-elf/lib\libc.a(lib_a-int_errno.o)
 .data          0x02030dbc        0xc c:/altera/13.1/nios2eds/bin/gnu/h-i686-mingw32/bin/../lib/gcc/nios2-elf/4.7.3/../../../../../H-i686-mingw32/nios2-elf/lib\libc.a(lib_a-locale.o)
                0x02030dbc                __lc_ctype
 .data          0x02030dc8        0x0 c:/altera/13.1/nios2eds/bin/gnu/h-i686-mingw32/bin/../lib/gcc/nios2-elf/4.7.3/../../../../../H-i686-mingw32/nios2-elf/lib\libc.a(lib_a-makebuf.o)
 .data          0x02030dc8        0x0 c:/altera/13.1/nios2eds/bin/gnu/h-i686-mingw32/bin/../lib/gcc/nios2-elf/4.7.3/../../../../../H-i686-mingw32/nios2-elf/lib\libc.a(lib_a-memchr.o)
 .data          0x02030dc8        0x0 c:/altera/13.1/nios2eds/bin/gnu/h-i686-mingw32/bin/../lib/gcc/nios2-elf/4.7.3/../../../../../H-i686-mingw32/nios2-elf/lib\libc.a(lib_a-memmove.o)
 .data          0x02030dc8        0x0 c:/altera/13.1/nios2eds/bin/gnu/h-i686-mingw32/bin/../lib/gcc/nios2-elf/4.7.3/../../../../../H-i686-mingw32/nios2-elf/lib\libc.a(lib_a-mprec.o)
 .data          0x02030dc8        0x0 c:/altera/13.1/nios2eds/bin/gnu/h-i686-mingw32/bin/../lib/gcc/nios2-elf/4.7.3/../../../../../H-i686-mingw32/nios2-elf/lib\libc.a(lib_a-reallocr.o)
 .data          0x02030dc8        0x0 c:/altera/13.1/nios2eds/bin/gnu/h-i686-mingw32/bin/../lib/gcc/nios2-elf/4.7.3/../../../../../H-i686-mingw32/nios2-elf/lib\libc.a(lib_a-s_isinfd.o)
 .data          0x02030dc8        0x0 c:/altera/13.1/nios2eds/bin/gnu/h-i686-mingw32/bin/../lib/gcc/nios2-elf/4.7.3/../../../../../H-i686-mingw32/nios2-elf/lib\libc.a(lib_a-stdio.o)
 .data          0x02030dc8        0x0 c:/altera/13.1/nios2eds/bin/gnu/h-i686-mingw32/bin/../lib/gcc/nios2-elf/4.7.3/../../../../../H-i686-mingw32/nios2-elf/lib\libc.a(lib_a-strcmp.o)
 .data          0x02030dc8        0x0 c:/altera/13.1/nios2eds/bin/gnu/h-i686-mingw32/bin/../lib/gcc/nios2-elf/4.7.3/../../../../../H-i686-mingw32/nios2-elf/lib\libc.a(lib_a-writer.o)
 .data          0x02030dc8        0x0 c:/altera/13.1/nios2eds/bin/gnu/h-i686-mingw32/bin/../lib/gcc/nios2-elf/4.7.3/../../../../../H-i686-mingw32/nios2-elf/lib\libc.a(lib_a-callocr.o)
 .data          0x02030dc8        0x0 c:/altera/13.1/nios2eds/bin/gnu/h-i686-mingw32/bin/../lib/gcc/nios2-elf/4.7.3/../../../../../H-i686-mingw32/nios2-elf/lib\libc.a(lib_a-closer.o)
 .data          0x02030dc8        0x0 c:/altera/13.1/nios2eds/bin/gnu/h-i686-mingw32/bin/../lib/gcc/nios2-elf/4.7.3/../../../../../H-i686-mingw32/nios2-elf/lib\libc.a(lib_a-fclose.o)
 .data          0x02030dc8        0x0 c:/altera/13.1/nios2eds/bin/gnu/h-i686-mingw32/bin/../lib/gcc/nios2-elf/4.7.3/../../../../../H-i686-mingw32/nios2-elf/lib\libc.a(lib_a-fstatr.o)
 .data          0x02030dc8        0x0 c:/altera/13.1/nios2eds/bin/gnu/h-i686-mingw32/bin/../lib/gcc/nios2-elf/4.7.3/../../../../../H-i686-mingw32/nios2-elf/lib\libc.a(lib_a-isattyr.o)
 .data          0x02030dc8        0x0 c:/altera/13.1/nios2eds/bin/gnu/h-i686-mingw32/bin/../lib/gcc/nios2-elf/4.7.3/../../../../../H-i686-mingw32/nios2-elf/lib\libc.a(lib_a-lseekr.o)
 .data          0x02030dc8        0x0 c:/altera/13.1/nios2eds/bin/gnu/h-i686-mingw32/bin/../lib/gcc/nios2-elf/4.7.3/../../../../../H-i686-mingw32/nios2-elf/lib\libc.a(lib_a-readr.o)
 .data          0x02030dc8        0x0 c:/altera/13.1/nios2eds/bin/gnu/h-i686-mingw32/bin/../lib/gcc/nios2-elf/4.7.3\libgcc.a(_udivdi3.o)
 .data          0x02030dc8        0x0 c:/altera/13.1/nios2eds/bin/gnu/h-i686-mingw32/bin/../lib/gcc/nios2-elf/4.7.3\libgcc.a(_umoddi3.o)
 .data          0x02030dc8        0x0 c:/altera/13.1/nios2eds/bin/gnu/h-i686-mingw32/bin/../lib/gcc/nios2-elf/4.7.3\libgcc.a(_eq_df.o)
 .data          0x02030dc8        0x0 c:/altera/13.1/nios2eds/bin/gnu/h-i686-mingw32/bin/../lib/gcc/nios2-elf/4.7.3\libgcc.a(_ne_df.o)
 .data          0x02030dc8        0x0 c:/altera/13.1/nios2eds/bin/gnu/h-i686-mingw32/bin/../lib/gcc/nios2-elf/4.7.3\libgcc.a(_gt_df.o)
 .data          0x02030dc8        0x0 c:/altera/13.1/nios2eds/bin/gnu/h-i686-mingw32/bin/../lib/gcc/nios2-elf/4.7.3\libgcc.a(_ge_df.o)
 .data          0x02030dc8        0x0 c:/altera/13.1/nios2eds/bin/gnu/h-i686-mingw32/bin/../lib/gcc/nios2-elf/4.7.3\libgcc.a(_usi_to_df.o)
 .data          0x02030dc8        0x0 ../LT24_Test_bsp/\libhal_bsp.a(alt_alarm_start.o)
 .data          0x02030dc8        0x0 ../LT24_Test_bsp/\libhal_bsp.a(alt_close.o)
 .data          0x02030dc8      0x1a8 ../LT24_Test_bsp/\libhal_bsp.a(alt_dev.o)
                0x02030dc8                alt_dev_null
                0x02030df0                alt_fd_list
 .data          0x02030f70        0x0 ../LT24_Test_bsp/\libhal_bsp.a(alt_errno.o)
 .data          0x02030f70        0x0 ../LT24_Test_bsp/\libhal_bsp.a(alt_fstat.o)
 .data          0x02030f70        0x0 ../LT24_Test_bsp/\libhal_bsp.a(alt_iic.o)
 .data          0x02030f70        0x0 ../LT24_Test_bsp/\libhal_bsp.a(alt_iic_isr_register.o)
 .data          0x02030f70        0x0 ../LT24_Test_bsp/\libhal_bsp.a(alt_irq_entry.o)
 .data          0x02030f70        0x0 ../LT24_Test_bsp/\libhal_bsp.a(alt_irq_handler.o)
 .data          0x02030f70        0x0 ../LT24_Test_bsp/\libhal_bsp.a(alt_irq_vars.o)
 .data          0x02030f70        0x0 ../LT24_Test_bsp/\libhal_bsp.a(alt_isatty.o)
 .data          0x02030f70        0x0 ../LT24_Test_bsp/\libhal_bsp.a(alt_lseek.o)
 .data          0x02030f70        0x0 ../LT24_Test_bsp/\libhal_bsp.a(alt_main.o)
 .data          0x02030f70        0x0 ../LT24_Test_bsp/\libhal_bsp.a(alt_malloc_lock.o)
 .data          0x02030f70        0x0 ../LT24_Test_bsp/\libhal_bsp.a(alt_read.o)
 .data          0x02030f70        0x0 ../LT24_Test_bsp/\libhal_bsp.a(alt_release_fd.o)
 .data          0x02030f70        0x0 ../LT24_Test_bsp/\libhal_bsp.a(alt_sbrk.o)
 .data          0x02030f70        0x0 ../LT24_Test_bsp/\libhal_bsp.a(alt_tick.o)
 .data          0x02030f70        0x0 ../LT24_Test_bsp/\libhal_bsp.a(alt_usleep.o)
 .data          0x02030f70        0x0 ../LT24_Test_bsp/\libhal_bsp.a(alt_write.o)
 .data          0x02030f70     0x1128 ../LT24_Test_bsp/\libhal_bsp.a(alt_sys_init.o)
 .data          0x02032098        0x0 ../LT24_Test_bsp/\libhal_bsp.a(altera_avalon_epcs_flash_controller.o)
 .data          0x02032098        0x0 ../LT24_Test_bsp/\libhal_bsp.a(altera_avalon_jtag_uart_fd.o)
 .data          0x02032098        0x0 ../LT24_Test_bsp/\libhal_bsp.a(altera_avalon_jtag_uart_init.o)
 .data          0x02032098        0x0 ../LT24_Test_bsp/\libhal_bsp.a(altera_avalon_jtag_uart_ioctl.o)
 .data          0x02032098        0x0 ../LT24_Test_bsp/\libhal_bsp.a(altera_avalon_jtag_uart_read.o)
 .data          0x02032098        0x0 ../LT24_Test_bsp/\libhal_bsp.a(altera_avalon_jtag_uart_write.o)
 .data          0x02032098        0x0 ../LT24_Test_bsp/\libhal_bsp.a(altera_avalon_spi.o)
 .data          0x02032098        0x0 ../LT24_Test_bsp/\libhal_bsp.a(altera_avalon_timer_sc.o)
 .data          0x02032098        0x0 ../LT24_Test_bsp/\libhal_bsp.a(epcs_commands.o)
 .data          0x02032098        0x0 ../LT24_Test_bsp/\libhal_bsp.a(alt_busy_sleep.o)
 .data          0x02032098        0x0 ../LT24_Test_bsp/\libhal_bsp.a(alt_dev_llist_insert.o)
 .data          0x02032098        0x0 ../LT24_Test_bsp/\libhal_bsp.a(alt_do_ctors.o)
 .data          0x02032098        0x0 ../LT24_Test_bsp/\libhal_bsp.a(alt_do_dtors.o)
 .data          0x02032098        0x0 ../LT24_Test_bsp/\libhal_bsp.a(alt_exception_entry.o)
 .data          0x02032098        0x0 ../LT24_Test_bsp/\libhal_bsp.a(alt_flash_dev.o)
 .data          0x02032098        0x0 ../LT24_Test_bsp/\libhal_bsp.a(alt_io_redirect.o)
 .data          0x02032098        0x0 ../LT24_Test_bsp/\libhal_bsp.a(alt_open.o)
 .data          0x02032098        0x0 ../LT24_Test_bsp/\libhal_bsp.a(altera_nios2_qsys_irq.o)
 .data          0x02032098        0x0 ../LT24_Test_bsp/\libhal_bsp.a(alt_find_dev.o)
 .data          0x02032098        0x0 ../LT24_Test_bsp/\libhal_bsp.a(alt_find_file.o)
 .data          0x02032098        0x0 ../LT24_Test_bsp/\libhal_bsp.a(alt_get_fd.o)
 .data          0x02032098        0x0 c:/altera/13.1/nios2eds/bin/gnu/h-i686-mingw32/bin/../lib/gcc/nios2-elf/4.7.3/../../../../../H-i686-mingw32/nios2-elf/lib\libc.a(lib_a-atexit.o)
 .data          0x02032098        0x0 c:/altera/13.1/nios2eds/bin/gnu/h-i686-mingw32/bin/../lib/gcc/nios2-elf/4.7.3/../../../../../H-i686-mingw32/nios2-elf/lib\libc.a(lib_a-exit.o)
 .data          0x02032098        0x0 c:/altera/13.1/nios2eds/bin/gnu/h-i686-mingw32/bin/../lib/gcc/nios2-elf/4.7.3/../../../../../H-i686-mingw32/nios2-elf/lib\libc.a(lib_a-memcmp.o)
 .data          0x02032098        0x0 c:/altera/13.1/nios2eds/bin/gnu/h-i686-mingw32/bin/../lib/gcc/nios2-elf/4.7.3/../../../../../H-i686-mingw32/nios2-elf/lib\libc.a(lib_a-__atexit.o)
 .data          0x02032098        0x0 c:/altera/13.1/nios2eds/bin/gnu/h-i686-mingw32/bin/../lib/gcc/nios2-elf/4.7.3/../../../../../H-i686-mingw32/nios2-elf/lib\libc.a(lib_a-__call_atexit.o)
 .data          0x02032098        0x0 ../LT24_Test_bsp/\libhal_bsp.a(alt_exit.o)
                0x0203a098                _gp = ABSOLUTE ((. + 0x8000))
                0x0203a098                PROVIDE (gp, _gp)
 *(.rwdata .rwdata.*)
 *(.sdata .sdata.* .gnu.linkonce.s.*)
 .sdata         0x02032098        0x4 obj/default/graphic_lib/simple_graphics.o
                0x02032098                cour10_font
 .sdata         0x0203209c        0x4 obj/default/gui.o
 .sdata         0x020320a0        0x4 c:/altera/13.1/nios2eds/bin/gnu/h-i686-mingw32/bin/../lib/gcc/nios2-elf/4.7.3/../../../../../H-i686-mingw32/nios2-elf/lib\libm.a(lib_a-s_lib_ver.o)
                0x020320a0                __fdlib_version
 .sdata         0x020320a4        0x8 c:/altera/13.1/nios2eds/bin/gnu/h-i686-mingw32/bin/../lib/gcc/nios2-elf/4.7.3/../../../../../H-i686-mingw32/nios2-elf/lib\libc.a(lib_a-impure.o)
                0x020320a4                _global_impure_ptr
                0x020320a8                _impure_ptr
 .sdata         0x020320ac        0x8 c:/altera/13.1/nios2eds/bin/gnu/h-i686-mingw32/bin/../lib/gcc/nios2-elf/4.7.3/../../../../../H-i686-mingw32/nios2-elf/lib\libc.a(lib_a-mallocr.o)
                0x020320ac                __malloc_sbrk_base
                0x020320b0                __malloc_trim_threshold
 .sdata         0x020320b4        0x4 c:/altera/13.1/nios2eds/bin/gnu/h-i686-mingw32/bin/../lib/gcc/nios2-elf/4.7.3/../../../../../H-i686-mingw32/nios2-elf/lib\libc.a(lib_a-locale.o)
                0x020320b4                __mb_cur_max
 .sdata         0x020320b8       0x14 ../LT24_Test_bsp/\libhal_bsp.a(alt_dev.o)
                0x020320b8                alt_fs_list
                0x020320c0                alt_dev_list
                0x020320c8                alt_max_fd
 .sdata         0x020320cc        0x4 ../LT24_Test_bsp/\libhal_bsp.a(alt_errno.o)
                0x020320cc                alt_errno
 .sdata         0x020320d0        0x4 ../LT24_Test_bsp/\libhal_bsp.a(alt_irq_vars.o)
                0x020320d0                alt_priority_mask
 .sdata         0x020320d4        0x4 ../LT24_Test_bsp/\libhal_bsp.a(alt_sbrk.o)
 .sdata         0x020320d8        0x8 ../LT24_Test_bsp/\libhal_bsp.a(alt_tick.o)
                0x020320d8                alt_alarm_list
 .sdata         0x020320e0        0x8 ../LT24_Test_bsp/\libhal_bsp.a(alt_flash_dev.o)
                0x020320e0                alt_flash_dev_list
 *(.sdata2 .sdata2.* .gnu.linkonce.s2.*)
                0x020320e8                . = ALIGN (0x4)
                0x020320e8                _edata = ABSOLUTE (.)
                0x020320e8                PROVIDE (edata, ABSOLUTE (.))
                0x020320e8                PROVIDE (__ram_rwdata_end, ABSOLUTE (.))
                0x0202ea08                PROVIDE (__flash_rwdata_start, LOADADDR (.rwdata))

.bss            0x020320e8      0x2f0
                0x020320e8                __bss_start = ABSOLUTE (.)
                0x020320e8                PROVIDE (__sbss_start, ABSOLUTE (.))
                0x020320e8                PROVIDE (___sbss_start, ABSOLUTE (.))
 *(.dynsbss)
 *(.sbss .sbss.* .gnu.linkonce.sb.*)
 .sbss          0x020320e8        0x4 obj/default/gui.o
 .sbss          0x020320ec        0xc c:/altera/13.1/nios2eds/bin/gnu/h-i686-mingw32/bin/../lib/gcc/nios2-elf/4.7.3/../../../../../H-i686-mingw32/nios2-elf/lib\libc.a(lib_a-mallocr.o)
                0x020320ec                __malloc_max_total_mem
                0x020320f0                __malloc_max_sbrked_mem
                0x020320f4                __malloc_top_pad
 .sbss          0x020320f8        0x4 c:/altera/13.1/nios2eds/bin/gnu/h-i686-mingw32/bin/../lib/gcc/nios2-elf/4.7.3/../../../../../H-i686-mingw32/nios2-elf/lib\libc.a(lib_a-int_errno.o)
                0x020320f8                errno
 .sbss          0x020320fc        0xc c:/altera/13.1/nios2eds/bin/gnu/h-i686-mingw32/bin/../lib/gcc/nios2-elf/4.7.3/../../../../../H-i686-mingw32/nios2-elf/lib\libc.a(lib_a-locale.o)
                0x020320fc                _PathLocale
                0x02032100                __mlocale_changed
                0x02032104                __nlocale_changed
 .sbss          0x02032108        0x4 ../LT24_Test_bsp/\libhal_bsp.a(alt_irq_vars.o)
                0x02032108                alt_irq_active
 .sbss          0x0203210c        0xc ../LT24_Test_bsp/\libhal_bsp.a(alt_main.o)
                0x0203210c                alt_argc
                0x02032110                alt_argv
                0x02032114                alt_envp
 .sbss          0x02032118        0x8 ../LT24_Test_bsp/\libhal_bsp.a(alt_tick.o)
                0x02032118                _alt_tick_rate
                0x0203211c                _alt_nticks
 *(.sbss2 .sbss2.* .gnu.linkonce.sb2.*)
 *(.scommon)
                0x02032120                PROVIDE (__sbss_end, ABSOLUTE (.))
                0x02032120                PROVIDE (___sbss_end, ABSOLUTE (.))
 *(.dynbss)
 *(.bss .bss.* .gnu.linkonce.b.*)
 .bss           0x02032120        0x0 ../LT24_Test_bsp//obj/HAL/src/crt0.o
 .bss           0x02032120        0x0 obj/default/fonts/tahomabold_20.o
 .bss           0x02032120        0x0 obj/default/fonts/tahomabold_32.o
 .bss           0x02032120        0x0 obj/default/geometry.o
 .bss           0x02032120        0x0 obj/default/graphic_lib/ILI9341.o
 .bss           0x02032120        0x0 obj/default/graphic_lib/simple_graphics.o
 .bss           0x02032120        0x0 obj/default/graphic_lib/simple_text.o
 .bss           0x02032120        0x0 obj/default/gui.o
 .bss           0x02032120        0x0 obj/default/gui_vpg.o
 .bss           0x02032120        0x0 obj/default/main.o
 .bss           0x02032120        0x0 obj/default/terasic_lib/I2C.o
 .bss           0x02032120        0x0 obj/default/terasic_lib/debug.o
 .bss           0x02032120        0x0 obj/default/terasic_lib/queue.o
 .bss           0x02032120        0x0 obj/default/terasic_lib/touch_spi.o
 .bss           0x02032120        0x0 c:/altera/13.1/nios2eds/bin/gnu/h-i686-mingw32/bin/../lib/gcc/nios2-elf/4.7.3/../../../../../H-i686-mingw32/nios2-elf/lib\libm.a(lib_a-w_sqrt.o)
 .bss           0x02032120        0x0 c:/altera/13.1/nios2eds/bin/gnu/h-i686-mingw32/bin/../lib/gcc/nios2-elf/4.7.3/../../../../../H-i686-mingw32/nios2-elf/lib\libm.a(lib_a-e_sqrt.o)
 .bss           0x02032120        0x0 c:/altera/13.1/nios2eds/bin/gnu/h-i686-mingw32/bin/../lib/gcc/nios2-elf/4.7.3/../../../../../H-i686-mingw32/nios2-elf/lib\libm.a(lib_a-s_isnand.o)
 .bss           0x02032120        0x0 c:/altera/13.1/nios2eds/bin/gnu/h-i686-mingw32/bin/../lib/gcc/nios2-elf/4.7.3/../../../../../H-i686-mingw32/nios2-elf/lib\libm.a(lib_a-s_lib_ver.o)
 .bss           0x02032120        0x0 c:/altera/13.1/nios2eds/bin/gnu/h-i686-mingw32/bin/../lib/gcc/nios2-elf/4.7.3/../../../../../H-i686-mingw32/nios2-elf/lib\libm.a(lib_a-s_matherr.o)
 .bss           0x02032120        0x0 c:/altera/13.1/nios2eds/bin/gnu/h-i686-mingw32/bin/../lib/gcc/nios2-elf/4.7.3\libgcc.a(_addsub_df.o)
 .bss           0x02032120        0x0 c:/altera/13.1/nios2eds/bin/gnu/h-i686-mingw32/bin/../lib/gcc/nios2-elf/4.7.3\libgcc.a(_mul_df.o)
 .bss           0x02032120        0x0 c:/altera/13.1/nios2eds/bin/gnu/h-i686-mingw32/bin/../lib/gcc/nios2-elf/4.7.3\libgcc.a(_div_df.o)
 .bss           0x02032120        0x0 c:/altera/13.1/nios2eds/bin/gnu/h-i686-mingw32/bin/../lib/gcc/nios2-elf/4.7.3\libgcc.a(_lt_df.o)
 .bss           0x02032120        0x0 c:/altera/13.1/nios2eds/bin/gnu/h-i686-mingw32/bin/../lib/gcc/nios2-elf/4.7.3\libgcc.a(_si_to_df.o)
 .bss           0x02032120        0x0 c:/altera/13.1/nios2eds/bin/gnu/h-i686-mingw32/bin/../lib/gcc/nios2-elf/4.7.3\libgcc.a(_df_to_si.o)
 .bss           0x02032120        0x0 c:/altera/13.1/nios2eds/bin/gnu/h-i686-mingw32/bin/../lib/gcc/nios2-elf/4.7.3\libgcc.a(_thenan_df.o)
 .bss           0x02032120        0x0 c:/altera/13.1/nios2eds/bin/gnu/h-i686-mingw32/bin/../lib/gcc/nios2-elf/4.7.3\libgcc.a(lib2-divmod.o)
 .bss           0x02032120        0x0 c:/altera/13.1/nios2eds/bin/gnu/h-i686-mingw32/bin/../lib/gcc/nios2-elf/4.7.3\libgcc.a(_muldi3.o)
 .bss           0x02032120        0x0 c:/altera/13.1/nios2eds/bin/gnu/h-i686-mingw32/bin/../lib/gcc/nios2-elf/4.7.3\libgcc.a(_clzsi2.o)
 .bss           0x02032120        0x0 c:/altera/13.1/nios2eds/bin/gnu/h-i686-mingw32/bin/../lib/gcc/nios2-elf/4.7.3\libgcc.a(_pack_df.o)
 .bss           0x02032120        0x0 c:/altera/13.1/nios2eds/bin/gnu/h-i686-mingw32/bin/../lib/gcc/nios2-elf/4.7.3\libgcc.a(_unpack_df.o)
 .bss           0x02032120        0x0 c:/altera/13.1/nios2eds/bin/gnu/h-i686-mingw32/bin/../lib/gcc/nios2-elf/4.7.3\libgcc.a(_fpcmp_parts_df.o)
 .bss           0x02032120        0x0 c:/altera/13.1/nios2eds/bin/gnu/h-i686-mingw32/bin/../lib/gcc/nios2-elf/4.7.3\libgcc.a(_lshrdi3.o)
 .bss           0x02032120        0x0 c:/altera/13.1/nios2eds/bin/gnu/h-i686-mingw32/bin/../lib/gcc/nios2-elf/4.7.3\libgcc.a(_ashldi3.o)
 .bss           0x02032120        0x0 c:/altera/13.1/nios2eds/bin/gnu/h-i686-mingw32/bin/../lib/gcc/nios2-elf/4.7.3\libgcc.a(_clz.o)
 .bss           0x02032120        0x0 c:/altera/13.1/nios2eds/bin/gnu/h-i686-mingw32/bin/../lib/gcc/nios2-elf/4.7.3/../../../../../H-i686-mingw32/nios2-elf/lib\libc.a(lib_a-errno.o)
 .bss           0x02032120        0x0 c:/altera/13.1/nios2eds/bin/gnu/h-i686-mingw32/bin/../lib/gcc/nios2-elf/4.7.3/../../../../../H-i686-mingw32/nios2-elf/lib\libc.a(lib_a-impure.o)
 .bss           0x02032120        0x0 c:/altera/13.1/nios2eds/bin/gnu/h-i686-mingw32/bin/../lib/gcc/nios2-elf/4.7.3/../../../../../H-i686-mingw32/nios2-elf/lib\libc.a(lib_a-malloc.o)
 .bss           0x02032120       0x28 c:/altera/13.1/nios2eds/bin/gnu/h-i686-mingw32/bin/../lib/gcc/nios2-elf/4.7.3/../../../../../H-i686-mingw32/nios2-elf/lib\libc.a(lib_a-mallocr.o)
                0x02032120                __malloc_current_mallinfo
 .bss           0x02032148        0x0 c:/altera/13.1/nios2eds/bin/gnu/h-i686-mingw32/bin/../lib/gcc/nios2-elf/4.7.3/../../../../../H-i686-mingw32/nios2-elf/lib\libc.a(lib_a-memcpy.o)
 .bss           0x02032148        0x0 c:/altera/13.1/nios2eds/bin/gnu/h-i686-mingw32/bin/../lib/gcc/nios2-elf/4.7.3/../../../../../H-i686-mingw32/nios2-elf/lib\libc.a(lib_a-memset.o)
 .bss           0x02032148        0x0 c:/altera/13.1/nios2eds/bin/gnu/h-i686-mingw32/bin/../lib/gcc/nios2-elf/4.7.3/../../../../../H-i686-mingw32/nios2-elf/lib\libc.a(lib_a-printf.o)
 .bss           0x02032148        0x0 c:/altera/13.1/nios2eds/bin/gnu/h-i686-mingw32/bin/../lib/gcc/nios2-elf/4.7.3/../../../../../H-i686-mingw32/nios2-elf/lib\libc.a(lib_a-puts.o)
 .bss           0x02032148        0x0 c:/altera/13.1/nios2eds/bin/gnu/h-i686-mingw32/bin/../lib/gcc/nios2-elf/4.7.3/../../../../../H-i686-mingw32/nios2-elf/lib\libc.a(lib_a-sbrkr.o)
 .bss           0x02032148        0x0 c:/altera/13.1/nios2eds/bin/gnu/h-i686-mingw32/bin/../lib/gcc/nios2-elf/4.7.3/../../../../../H-i686-mingw32/nios2-elf/lib\libc.a(lib_a-sprintf.o)
 .bss           0x02032148        0x0 c:/altera/13.1/nios2eds/bin/gnu/h-i686-mingw32/bin/../lib/gcc/nios2-elf/4.7.3/../../../../../H-i686-mingw32/nios2-elf/lib\libc.a(lib_a-strcpy.o)
 .bss           0x02032148        0x0 c:/altera/13.1/nios2eds/bin/gnu/h-i686-mingw32/bin/../lib/gcc/nios2-elf/4.7.3/../../../../../H-i686-mingw32/nios2-elf/lib\libc.a(lib_a-strlen.o)
 .bss           0x02032148        0x0 c:/altera/13.1/nios2eds/bin/gnu/h-i686-mingw32/bin/../lib/gcc/nios2-elf/4.7.3/../../../../../H-i686-mingw32/nios2-elf/lib\libc.a(lib_a-vfprintf.o)
 .bss           0x02032148        0x0 c:/altera/13.1/nios2eds/bin/gnu/h-i686-mingw32/bin/../lib/gcc/nios2-elf/4.7.3/../../../../../H-i686-mingw32/nios2-elf/lib\libc.a(lib_a-vsnprintf.o)
 .bss           0x02032148        0x0 c:/altera/13.1/nios2eds/bin/gnu/h-i686-mingw32/bin/../lib/gcc/nios2-elf/4.7.3/../../../../../H-i686-mingw32/nios2-elf/lib\libc.a(lib_a-wsetup.o)
 .bss           0x02032148        0x0 c:/altera/13.1/nios2eds/bin/gnu/h-i686-mingw32/bin/../lib/gcc/nios2-elf/4.7.3/../../../../../H-i686-mingw32/nios2-elf/lib\libc.a(lib_a-dtoa.o)
 .bss           0x02032148        0x0 c:/altera/13.1/nios2eds/bin/gnu/h-i686-mingw32/bin/../lib/gcc/nios2-elf/4.7.3/../../../../../H-i686-mingw32/nios2-elf/lib\libc.a(lib_a-fflush.o)
 .bss           0x02032148        0x0 c:/altera/13.1/nios2eds/bin/gnu/h-i686-mingw32/bin/../lib/gcc/nios2-elf/4.7.3/../../../../../H-i686-mingw32/nios2-elf/lib\libc.a(lib_a-findfp.o)
 .bss           0x02032148        0x0 c:/altera/13.1/nios2eds/bin/gnu/h-i686-mingw32/bin/../lib/gcc/nios2-elf/4.7.3/../../../../../H-i686-mingw32/nios2-elf/lib\libc.a(lib_a-freer.o)
 .bss           0x02032148        0x0 c:/altera/13.1/nios2eds/bin/gnu/h-i686-mingw32/bin/../lib/gcc/nios2-elf/4.7.3/../../../../../H-i686-mingw32/nios2-elf/lib\libc.a(lib_a-fvwrite.o)
 .bss           0x02032148        0x0 c:/altera/13.1/nios2eds/bin/gnu/h-i686-mingw32/bin/../lib/gcc/nios2-elf/4.7.3/../../../../../H-i686-mingw32/nios2-elf/lib\libc.a(lib_a-fwalk.o)
 .bss           0x02032148        0x0 c:/altera/13.1/nios2eds/bin/gnu/h-i686-mingw32/bin/../lib/gcc/nios2-elf/4.7.3/../../../../../H-i686-mingw32/nios2-elf/lib\libc.a(lib_a-int_errno.o)
 .bss           0x02032148        0x0 c:/altera/13.1/nios2eds/bin/gnu/h-i686-mingw32/bin/../lib/gcc/nios2-elf/4.7.3/../../../../../H-i686-mingw32/nios2-elf/lib\libc.a(lib_a-locale.o)
 .bss           0x02032148        0x0 c:/altera/13.1/nios2eds/bin/gnu/h-i686-mingw32/bin/../lib/gcc/nios2-elf/4.7.3/../../../../../H-i686-mingw32/nios2-elf/lib\libc.a(lib_a-makebuf.o)
 .bss           0x02032148        0x0 c:/altera/13.1/nios2eds/bin/gnu/h-i686-mingw32/bin/../lib/gcc/nios2-elf/4.7.3/../../../../../H-i686-mingw32/nios2-elf/lib\libc.a(lib_a-memchr.o)
 .bss           0x02032148        0x0 c:/altera/13.1/nios2eds/bin/gnu/h-i686-mingw32/bin/../lib/gcc/nios2-elf/4.7.3/../../../../../H-i686-mingw32/nios2-elf/lib\libc.a(lib_a-memmove.o)
 .bss           0x02032148        0x0 c:/altera/13.1/nios2eds/bin/gnu/h-i686-mingw32/bin/../lib/gcc/nios2-elf/4.7.3/../../../../../H-i686-mingw32/nios2-elf/lib\libc.a(lib_a-mprec.o)
 .bss           0x02032148        0x0 c:/altera/13.1/nios2eds/bin/gnu/h-i686-mingw32/bin/../lib/gcc/nios2-elf/4.7.3/../../../../../H-i686-mingw32/nios2-elf/lib\libc.a(lib_a-reallocr.o)
 .bss           0x02032148        0x0 c:/altera/13.1/nios2eds/bin/gnu/h-i686-mingw32/bin/../lib/gcc/nios2-elf/4.7.3/../../../../../H-i686-mingw32/nios2-elf/lib\libc.a(lib_a-s_isinfd.o)
 .bss           0x02032148        0x0 c:/altera/13.1/nios2eds/bin/gnu/h-i686-mingw32/bin/../lib/gcc/nios2-elf/4.7.3/../../../../../H-i686-mingw32/nios2-elf/lib\libc.a(lib_a-stdio.o)
 .bss           0x02032148        0x0 c:/altera/13.1/nios2eds/bin/gnu/h-i686-mingw32/bin/../lib/gcc/nios2-elf/4.7.3/../../../../../H-i686-mingw32/nios2-elf/lib\libc.a(lib_a-strcmp.o)
 .bss           0x02032148        0x0 c:/altera/13.1/nios2eds/bin/gnu/h-i686-mingw32/bin/../lib/gcc/nios2-elf/4.7.3/../../../../../H-i686-mingw32/nios2-elf/lib\libc.a(lib_a-writer.o)
 .bss           0x02032148        0x0 c:/altera/13.1/nios2eds/bin/gnu/h-i686-mingw32/bin/../lib/gcc/nios2-elf/4.7.3/../../../../../H-i686-mingw32/nios2-elf/lib\libc.a(lib_a-callocr.o)
 .bss           0x02032148        0x0 c:/altera/13.1/nios2eds/bin/gnu/h-i686-mingw32/bin/../lib/gcc/nios2-elf/4.7.3/../../../../../H-i686-mingw32/nios2-elf/lib\libc.a(lib_a-closer.o)
 .bss           0x02032148        0x0 c:/altera/13.1/nios2eds/bin/gnu/h-i686-mingw32/bin/../lib/gcc/nios2-elf/4.7.3/../../../../../H-i686-mingw32/nios2-elf/lib\libc.a(lib_a-fclose.o)
 .bss           0x02032148        0x0 c:/altera/13.1/nios2eds/bin/gnu/h-i686-mingw32/bin/../lib/gcc/nios2-elf/4.7.3/../../../../../H-i686-mingw32/nios2-elf/lib\libc.a(lib_a-fstatr.o)
 .bss           0x02032148        0x0 c:/altera/13.1/nios2eds/bin/gnu/h-i686-mingw32/bin/../lib/gcc/nios2-elf/4.7.3/../../../../../H-i686-mingw32/nios2-elf/lib\libc.a(lib_a-isattyr.o)
 .bss           0x02032148        0x0 c:/altera/13.1/nios2eds/bin/gnu/h-i686-mingw32/bin/../lib/gcc/nios2-elf/4.7.3/../../../../../H-i686-mingw32/nios2-elf/lib\libc.a(lib_a-lseekr.o)
 .bss           0x02032148        0x0 c:/altera/13.1/nios2eds/bin/gnu/h-i686-mingw32/bin/../lib/gcc/nios2-elf/4.7.3/../../../../../H-i686-mingw32/nios2-elf/lib\libc.a(lib_a-readr.o)
 .bss           0x02032148        0x0 c:/altera/13.1/nios2eds/bin/gnu/h-i686-mingw32/bin/../lib/gcc/nios2-elf/4.7.3\libgcc.a(_udivdi3.o)
 .bss           0x02032148        0x0 c:/altera/13.1/nios2eds/bin/gnu/h-i686-mingw32/bin/../lib/gcc/nios2-elf/4.7.3\libgcc.a(_umoddi3.o)
 .bss           0x02032148        0x0 c:/altera/13.1/nios2eds/bin/gnu/h-i686-mingw32/bin/../lib/gcc/nios2-elf/4.7.3\libgcc.a(_eq_df.o)
 .bss           0x02032148        0x0 c:/altera/13.1/nios2eds/bin/gnu/h-i686-mingw32/bin/../lib/gcc/nios2-elf/4.7.3\libgcc.a(_ne_df.o)
 .bss           0x02032148        0x0 c:/altera/13.1/nios2eds/bin/gnu/h-i686-mingw32/bin/../lib/gcc/nios2-elf/4.7.3\libgcc.a(_gt_df.o)
 .bss           0x02032148        0x0 c:/altera/13.1/nios2eds/bin/gnu/h-i686-mingw32/bin/../lib/gcc/nios2-elf/4.7.3\libgcc.a(_ge_df.o)
 .bss           0x02032148        0x0 c:/altera/13.1/nios2eds/bin/gnu/h-i686-mingw32/bin/../lib/gcc/nios2-elf/4.7.3\libgcc.a(_usi_to_df.o)
 .bss           0x02032148        0x0 ../LT24_Test_bsp/\libhal_bsp.a(alt_alarm_start.o)
 .bss           0x02032148        0x0 ../LT24_Test_bsp/\libhal_bsp.a(alt_close.o)
 .bss           0x02032148        0x0 ../LT24_Test_bsp/\libhal_bsp.a(alt_dev.o)
 .bss           0x02032148        0x0 ../LT24_Test_bsp/\libhal_bsp.a(alt_errno.o)
 .bss           0x02032148        0x0 ../LT24_Test_bsp/\libhal_bsp.a(alt_fstat.o)
 .bss           0x02032148        0x0 ../LT24_Test_bsp/\libhal_bsp.a(alt_iic.o)
 .bss           0x02032148        0x0 ../LT24_Test_bsp/\libhal_bsp.a(alt_iic_isr_register.o)
 .bss           0x02032148        0x0 ../LT24_Test_bsp/\libhal_bsp.a(alt_irq_entry.o)
 .bss           0x02032148        0x0 ../LT24_Test_bsp/\libhal_bsp.a(alt_irq_handler.o)
 .bss           0x02032148        0x0 ../LT24_Test_bsp/\libhal_bsp.a(alt_irq_vars.o)
 .bss           0x02032148        0x0 ../LT24_Test_bsp/\libhal_bsp.a(alt_isatty.o)
 .bss           0x02032148        0x0 ../LT24_Test_bsp/\libhal_bsp.a(alt_lseek.o)
 .bss           0x02032148        0x0 ../LT24_Test_bsp/\libhal_bsp.a(alt_main.o)
 .bss           0x02032148        0x0 ../LT24_Test_bsp/\libhal_bsp.a(alt_malloc_lock.o)
 .bss           0x02032148        0x0 ../LT24_Test_bsp/\libhal_bsp.a(alt_read.o)
 .bss           0x02032148        0x0 ../LT24_Test_bsp/\libhal_bsp.a(alt_release_fd.o)
 .bss           0x02032148        0x0 ../LT24_Test_bsp/\libhal_bsp.a(alt_sbrk.o)
 .bss           0x02032148        0x0 ../LT24_Test_bsp/\libhal_bsp.a(alt_tick.o)
 .bss           0x02032148        0x0 ../LT24_Test_bsp/\libhal_bsp.a(alt_usleep.o)
 .bss           0x02032148        0x0 ../LT24_Test_bsp/\libhal_bsp.a(alt_write.o)
 .bss           0x02032148        0x0 ../LT24_Test_bsp/\libhal_bsp.a(alt_sys_init.o)
 .bss           0x02032148        0x0 ../LT24_Test_bsp/\libhal_bsp.a(altera_avalon_epcs_flash_controller.o)
 .bss           0x02032148        0x0 ../LT24_Test_bsp/\libhal_bsp.a(altera_avalon_jtag_uart_fd.o)
 .bss           0x02032148        0x0 ../LT24_Test_bsp/\libhal_bsp.a(altera_avalon_jtag_uart_init.o)
 .bss           0x02032148        0x0 ../LT24_Test_bsp/\libhal_bsp.a(altera_avalon_jtag_uart_ioctl.o)
 .bss           0x02032148        0x0 ../LT24_Test_bsp/\libhal_bsp.a(altera_avalon_jtag_uart_read.o)
 .bss           0x02032148        0x0 ../LT24_Test_bsp/\libhal_bsp.a(altera_avalon_jtag_uart_write.o)
 .bss           0x02032148        0x0 ../LT24_Test_bsp/\libhal_bsp.a(altera_avalon_spi.o)
 .bss           0x02032148        0x0 ../LT24_Test_bsp/\libhal_bsp.a(altera_avalon_timer_sc.o)
 .bss           0x02032148        0x0 ../LT24_Test_bsp/\libhal_bsp.a(epcs_commands.o)
 .bss           0x02032148        0x0 ../LT24_Test_bsp/\libhal_bsp.a(alt_busy_sleep.o)
 .bss           0x02032148        0x0 ../LT24_Test_bsp/\libhal_bsp.a(alt_dev_llist_insert.o)
 .bss           0x02032148        0x0 ../LT24_Test_bsp/\libhal_bsp.a(alt_do_ctors.o)
 .bss           0x02032148        0x0 ../LT24_Test_bsp/\libhal_bsp.a(alt_do_dtors.o)
 .bss           0x02032148        0x0 ../LT24_Test_bsp/\libhal_bsp.a(alt_exception_entry.o)
 .bss           0x02032148        0x0 ../LT24_Test_bsp/\libhal_bsp.a(alt_flash_dev.o)
 .bss           0x02032148        0x0 ../LT24_Test_bsp/\libhal_bsp.a(alt_io_redirect.o)
 .bss           0x02032148        0x0 ../LT24_Test_bsp/\libhal_bsp.a(alt_open.o)
 .bss           0x02032148        0x0 ../LT24_Test_bsp/\libhal_bsp.a(altera_nios2_qsys_irq.o)
 .bss           0x02032148        0x0 ../LT24_Test_bsp/\libhal_bsp.a(alt_find_dev.o)
 .bss           0x02032148        0x0 ../LT24_Test_bsp/\libhal_bsp.a(alt_find_file.o)
 .bss           0x02032148        0x0 ../LT24_Test_bsp/\libhal_bsp.a(alt_get_fd.o)
 .bss           0x02032148        0x0 c:/altera/13.1/nios2eds/bin/gnu/h-i686-mingw32/bin/../lib/gcc/nios2-elf/4.7.3/../../../../../H-i686-mingw32/nios2-elf/lib\libc.a(lib_a-atexit.o)
 .bss           0x02032148        0x0 c:/altera/13.1/nios2eds/bin/gnu/h-i686-mingw32/bin/../lib/gcc/nios2-elf/4.7.3/../../../../../H-i686-mingw32/nios2-elf/lib\libc.a(lib_a-exit.o)
 .bss           0x02032148        0x0 c:/altera/13.1/nios2eds/bin/gnu/h-i686-mingw32/bin/../lib/gcc/nios2-elf/4.7.3/../../../../../H-i686-mingw32/nios2-elf/lib\libc.a(lib_a-memcmp.o)
 .bss           0x02032148        0x0 c:/altera/13.1/nios2eds/bin/gnu/h-i686-mingw32/bin/../lib/gcc/nios2-elf/4.7.3/../../../../../H-i686-mingw32/nios2-elf/lib\libc.a(lib_a-__atexit.o)
 .bss           0x02032148        0x0 c:/altera/13.1/nios2eds/bin/gnu/h-i686-mingw32/bin/../lib/gcc/nios2-elf/4.7.3/../../../../../H-i686-mingw32/nios2-elf/lib\libc.a(lib_a-__call_atexit.o)
 .bss           0x02032148        0x0 ../LT24_Test_bsp/\libhal_bsp.a(alt_exit.o)
 *(COMMON)
 COMMON         0x02032148      0x100 ../LT24_Test_bsp/\libhal_bsp.a(alt_irq_handler.o)
                0x02032148                alt_irq
 COMMON         0x02032248      0x190 c:/altera/13.1/nios2eds/bin/gnu/h-i686-mingw32/bin/../lib/gcc/nios2-elf/4.7.3/../../../../../H-i686-mingw32/nios2-elf/lib\libc.a(lib_a-atexit.o)
                0x02032248                _atexit0
                0x020323d8                . = ALIGN (0x4)
                0x020323d8                __bss_end = ABSOLUTE (.)

.sdram          0x020323d8        0x0
                0x020323d8                PROVIDE (_alt_partition_sdram_start, ABSOLUTE (.))
 *(.sdram .sdram. sdram.*)
                0x020323d8                . = ALIGN (0x4)
                0x020323d8                PROVIDE (_alt_partition_sdram_end, ABSOLUTE (.))
                0x020323d8                _end = ABSOLUTE (.)
                0x020323d8                end = ABSOLUTE (.)
                0x020323d8                __alt_stack_base = ABSOLUTE (.)
                0x020323d8                PROVIDE (_alt_partition_sdram_load_addr, LOADADDR (.sdram))

.epcs_flash_controller_0
                0x05001020        0x0
                0x05001020                PROVIDE (_alt_partition_epcs_flash_controller_0_start, ABSOLUTE (.))
 *(.epcs_flash_controller_0 .epcs_flash_controller_0. epcs_flash_controller_0.*)
                0x05001020                . = ALIGN (0x4)
                0x05001020                PROVIDE (_alt_partition_epcs_flash_controller_0_end, ABSOLUTE (.))
                0x05001020                PROVIDE (_alt_partition_epcs_flash_controller_0_load_addr, LOADADDR (.epcs_flash_controller_0))

.stab
 *(.stab)

.stabstr
 *(.stabstr)

.stab.excl
 *(.stab.excl)

.stab.exclstr
 *(.stab.exclstr)

.stab.index
 *(.stab.index)

.stab.indexstr
 *(.stab.indexstr)

.comment        0x00000000       0x23
 *(.comment)
 .comment       0x00000000       0x23 obj/default/fonts/tahomabold_20.o
                                 0x24 (size before relaxing)
 .comment       0x00000000       0x24 obj/default/fonts/tahomabold_32.o
 .comment       0x00000000       0x24 obj/default/geometry.o
 .comment       0x00000000       0x24 obj/default/graphic_lib/ILI9341.o
 .comment       0x00000000       0x24 obj/default/graphic_lib/simple_graphics.o
 .comment       0x00000000       0x24 obj/default/graphic_lib/simple_text.o
 .comment       0x00000000       0x24 obj/default/gui.o
 .comment       0x00000000       0x24 obj/default/gui_vpg.o
 .comment       0x00000000       0x24 obj/default/main.o
 .comment       0x00000000       0x24 obj/default/terasic_lib/I2C.o
 .comment       0x00000000       0x24 obj/default/terasic_lib/debug.o
 .comment       0x00000000       0x24 obj/default/terasic_lib/queue.o
 .comment       0x00000000       0x24 obj/default/terasic_lib/touch_spi.o
 .comment       0x00000000       0x24 c:/altera/13.1/nios2eds/bin/gnu/h-i686-mingw32/bin/../lib/gcc/nios2-elf/4.7.3/../../../../../H-i686-mingw32/nios2-elf/lib\libm.a(lib_a-w_sqrt.o)
 .comment       0x00000000       0x24 c:/altera/13.1/nios2eds/bin/gnu/h-i686-mingw32/bin/../lib/gcc/nios2-elf/4.7.3/../../../../../H-i686-mingw32/nios2-elf/lib\libm.a(lib_a-e_sqrt.o)
 .comment       0x00000000       0x24 c:/altera/13.1/nios2eds/bin/gnu/h-i686-mingw32/bin/../lib/gcc/nios2-elf/4.7.3/../../../../../H-i686-mingw32/nios2-elf/lib\libm.a(lib_a-s_isnand.o)
 .comment       0x00000000       0x24 c:/altera/13.1/nios2eds/bin/gnu/h-i686-mingw32/bin/../lib/gcc/nios2-elf/4.7.3/../../../../../H-i686-mingw32/nios2-elf/lib\libm.a(lib_a-s_lib_ver.o)
 .comment       0x00000000       0x24 c:/altera/13.1/nios2eds/bin/gnu/h-i686-mingw32/bin/../lib/gcc/nios2-elf/4.7.3/../../../../../H-i686-mingw32/nios2-elf/lib\libm.a(lib_a-s_matherr.o)
 .comment       0x00000000       0x24 c:/altera/13.1/nios2eds/bin/gnu/h-i686-mingw32/bin/../lib/gcc/nios2-elf/4.7.3\libgcc.a(_addsub_df.o)
 .comment       0x00000000       0x24 c:/altera/13.1/nios2eds/bin/gnu/h-i686-mingw32/bin/../lib/gcc/nios2-elf/4.7.3\libgcc.a(_mul_df.o)
 .comment       0x00000000       0x24 c:/altera/13.1/nios2eds/bin/gnu/h-i686-mingw32/bin/../lib/gcc/nios2-elf/4.7.3\libgcc.a(_div_df.o)
 .comment       0x00000000       0x24 c:/altera/13.1/nios2eds/bin/gnu/h-i686-mingw32/bin/../lib/gcc/nios2-elf/4.7.3\libgcc.a(_lt_df.o)
 .comment       0x00000000       0x24 c:/altera/13.1/nios2eds/bin/gnu/h-i686-mingw32/bin/../lib/gcc/nios2-elf/4.7.3\libgcc.a(_si_to_df.o)
 .comment       0x00000000       0x24 c:/altera/13.1/nios2eds/bin/gnu/h-i686-mingw32/bin/../lib/gcc/nios2-elf/4.7.3\libgcc.a(_df_to_si.o)
 .comment       0x00000000       0x24 c:/altera/13.1/nios2eds/bin/gnu/h-i686-mingw32/bin/../lib/gcc/nios2-elf/4.7.3\libgcc.a(_thenan_df.o)
 .comment       0x00000000       0x24 c:/altera/13.1/nios2eds/bin/gnu/h-i686-mingw32/bin/../lib/gcc/nios2-elf/4.7.3\libgcc.a(lib2-divmod.o)
 .comment       0x00000000       0x24 c:/altera/13.1/nios2eds/bin/gnu/h-i686-mingw32/bin/../lib/gcc/nios2-elf/4.7.3\libgcc.a(_muldi3.o)
 .comment       0x00000000       0x24 c:/altera/13.1/nios2eds/bin/gnu/h-i686-mingw32/bin/../lib/gcc/nios2-elf/4.7.3\libgcc.a(_clzsi2.o)
 .comment       0x00000000       0x24 c:/altera/13.1/nios2eds/bin/gnu/h-i686-mingw32/bin/../lib/gcc/nios2-elf/4.7.3\libgcc.a(_pack_df.o)
 .comment       0x00000000       0x24 c:/altera/13.1/nios2eds/bin/gnu/h-i686-mingw32/bin/../lib/gcc/nios2-elf/4.7.3\libgcc.a(_unpack_df.o)
 .comment       0x00000000       0x24 c:/altera/13.1/nios2eds/bin/gnu/h-i686-mingw32/bin/../lib/gcc/nios2-elf/4.7.3\libgcc.a(_fpcmp_parts_df.o)
 .comment       0x00000000       0x24 c:/altera/13.1/nios2eds/bin/gnu/h-i686-mingw32/bin/../lib/gcc/nios2-elf/4.7.3\libgcc.a(_lshrdi3.o)
 .comment       0x00000000       0x24 c:/altera/13.1/nios2eds/bin/gnu/h-i686-mingw32/bin/../lib/gcc/nios2-elf/4.7.3\libgcc.a(_ashldi3.o)
 .comment       0x00000000       0x24 c:/altera/13.1/nios2eds/bin/gnu/h-i686-mingw32/bin/../lib/gcc/nios2-elf/4.7.3\libgcc.a(_clz.o)
 .comment       0x00000000       0x24 c:/altera/13.1/nios2eds/bin/gnu/h-i686-mingw32/bin/../lib/gcc/nios2-elf/4.7.3/../../../../../H-i686-mingw32/nios2-elf/lib\libc.a(lib_a-errno.o)
 .comment       0x00000000       0x24 c:/altera/13.1/nios2eds/bin/gnu/h-i686-mingw32/bin/../lib/gcc/nios2-elf/4.7.3/../../../../../H-i686-mingw32/nios2-elf/lib\libc.a(lib_a-impure.o)
 .comment       0x00000000       0x24 c:/altera/13.1/nios2eds/bin/gnu/h-i686-mingw32/bin/../lib/gcc/nios2-elf/4.7.3/../../../../../H-i686-mingw32/nios2-elf/lib\libc.a(lib_a-malloc.o)
 .comment       0x00000000       0x24 c:/altera/13.1/nios2eds/bin/gnu/h-i686-mingw32/bin/../lib/gcc/nios2-elf/4.7.3/../../../../../H-i686-mingw32/nios2-elf/lib\libc.a(lib_a-mallocr.o)
 .comment       0x00000000       0x24 c:/altera/13.1/nios2eds/bin/gnu/h-i686-mingw32/bin/../lib/gcc/nios2-elf/4.7.3/../../../../../H-i686-mingw32/nios2-elf/lib\libc.a(lib_a-memcpy.o)
 .comment       0x00000000       0x24 c:/altera/13.1/nios2eds/bin/gnu/h-i686-mingw32/bin/../lib/gcc/nios2-elf/4.7.3/../../../../../H-i686-mingw32/nios2-elf/lib\libc.a(lib_a-memset.o)
 .comment       0x00000000       0x24 c:/altera/13.1/nios2eds/bin/gnu/h-i686-mingw32/bin/../lib/gcc/nios2-elf/4.7.3/../../../../../H-i686-mingw32/nios2-elf/lib\libc.a(lib_a-printf.o)
 .comment       0x00000000       0x24 c:/altera/13.1/nios2eds/bin/gnu/h-i686-mingw32/bin/../lib/gcc/nios2-elf/4.7.3/../../../../../H-i686-mingw32/nios2-elf/lib\libc.a(lib_a-puts.o)
 .comment       0x00000000       0x24 c:/altera/13.1/nios2eds/bin/gnu/h-i686-mingw32/bin/../lib/gcc/nios2-elf/4.7.3/../../../../../H-i686-mingw32/nios2-elf/lib\libc.a(lib_a-sbrkr.o)
 .comment       0x00000000       0x24 c:/altera/13.1/nios2eds/bin/gnu/h-i686-mingw32/bin/../lib/gcc/nios2-elf/4.7.3/../../../../../H-i686-mingw32/nios2-elf/lib\libc.a(lib_a-sprintf.o)
 .comment       0x00000000       0x24 c:/altera/13.1/nios2eds/bin/gnu/h-i686-mingw32/bin/../lib/gcc/nios2-elf/4.7.3/../../../../../H-i686-mingw32/nios2-elf/lib\libc.a(lib_a-strcpy.o)
 .comment       0x00000000       0x24 c:/altera/13.1/nios2eds/bin/gnu/h-i686-mingw32/bin/../lib/gcc/nios2-elf/4.7.3/../../../../../H-i686-mingw32/nios2-elf/lib\libc.a(lib_a-strlen.o)
 .comment       0x00000000       0x24 c:/altera/13.1/nios2eds/bin/gnu/h-i686-mingw32/bin/../lib/gcc/nios2-elf/4.7.3/../../../../../H-i686-mingw32/nios2-elf/lib\libc.a(lib_a-vfprintf.o)
 .comment       0x00000000       0x24 c:/altera/13.1/nios2eds/bin/gnu/h-i686-mingw32/bin/../lib/gcc/nios2-elf/4.7.3/../../../../../H-i686-mingw32/nios2-elf/lib\libc.a(lib_a-vsnprintf.o)
 .comment       0x00000000       0x24 c:/altera/13.1/nios2eds/bin/gnu/h-i686-mingw32/bin/../lib/gcc/nios2-elf/4.7.3/../../../../../H-i686-mingw32/nios2-elf/lib\libc.a(lib_a-wsetup.o)
 .comment       0x00000000       0x24 c:/altera/13.1/nios2eds/bin/gnu/h-i686-mingw32/bin/../lib/gcc/nios2-elf/4.7.3/../../../../../H-i686-mingw32/nios2-elf/lib\libc.a(lib_a-dtoa.o)
 .comment       0x00000000       0x24 c:/altera/13.1/nios2eds/bin/gnu/h-i686-mingw32/bin/../lib/gcc/nios2-elf/4.7.3/../../../../../H-i686-mingw32/nios2-elf/lib\libc.a(lib_a-fflush.o)
 .comment       0x00000000       0x24 c:/altera/13.1/nios2eds/bin/gnu/h-i686-mingw32/bin/../lib/gcc/nios2-elf/4.7.3/../../../../../H-i686-mingw32/nios2-elf/lib\libc.a(lib_a-findfp.o)
 .comment       0x00000000       0x24 c:/altera/13.1/nios2eds/bin/gnu/h-i686-mingw32/bin/../lib/gcc/nios2-elf/4.7.3/../../../../../H-i686-mingw32/nios2-elf/lib\libc.a(lib_a-freer.o)
 .comment       0x00000000       0x24 c:/altera/13.1/nios2eds/bin/gnu/h-i686-mingw32/bin/../lib/gcc/nios2-elf/4.7.3/../../../../../H-i686-mingw32/nios2-elf/lib\libc.a(lib_a-fvwrite.o)
 .comment       0x00000000       0x24 c:/altera/13.1/nios2eds/bin/gnu/h-i686-mingw32/bin/../lib/gcc/nios2-elf/4.7.3/../../../../../H-i686-mingw32/nios2-elf/lib\libc.a(lib_a-fwalk.o)
 .comment       0x00000000       0x24 c:/altera/13.1/nios2eds/bin/gnu/h-i686-mingw32/bin/../lib/gcc/nios2-elf/4.7.3/../../../../../H-i686-mingw32/nios2-elf/lib\libc.a(lib_a-int_errno.o)
 .comment       0x00000000       0x24 c:/altera/13.1/nios2eds/bin/gnu/h-i686-mingw32/bin/../lib/gcc/nios2-elf/4.7.3/../../../../../H-i686-mingw32/nios2-elf/lib\libc.a(lib_a-locale.o)
 .comment       0x00000000       0x24 c:/altera/13.1/nios2eds/bin/gnu/h-i686-mingw32/bin/../lib/gcc/nios2-elf/4.7.3/../../../../../H-i686-mingw32/nios2-elf/lib\libc.a(lib_a-makebuf.o)
 .comment       0x00000000       0x24 c:/altera/13.1/nios2eds/bin/gnu/h-i686-mingw32/bin/../lib/gcc/nios2-elf/4.7.3/../../../../../H-i686-mingw32/nios2-elf/lib\libc.a(lib_a-memchr.o)
 .comment       0x00000000       0x24 c:/altera/13.1/nios2eds/bin/gnu/h-i686-mingw32/bin/../lib/gcc/nios2-elf/4.7.3/../../../../../H-i686-mingw32/nios2-elf/lib\libc.a(lib_a-memmove.o)
 .comment       0x00000000       0x24 c:/altera/13.1/nios2eds/bin/gnu/h-i686-mingw32/bin/../lib/gcc/nios2-elf/4.7.3/../../../../../H-i686-mingw32/nios2-elf/lib\libc.a(lib_a-mprec.o)