Flow report for Lab22
Mon Nov 14 15:14:50 2022
Quartus Prime Version 21.1.0 Build 842 10/21/2021 SJ Lite Edition


---------------------
; Table of Contents ;
---------------------
  1. Legal Notice
  2. Flow Summary
  3. Flow Settings
  4. Flow Non-Default Global Settings
  5. Flow Elapsed Time
  6. Flow OS Summary
  7. Flow Log
  8. Flow Messages
  9. Flow Suppressed Messages



----------------
; Legal Notice ;
----------------
Copyright (C) 2021  Intel Corporation. All rights reserved.
Your use of Intel Corporation's design tools, logic functions 
and other software and tools, and any partner logic 
functions, and any output files from any of the foregoing 
(including device programming or simulation files), and any 
associated documentation or information are expressly subject 
to the terms and conditions of the Intel Program License 
Subscription Agreement, the Intel Quartus Prime License Agreement,
the Intel FPGA IP License Agreement, or other applicable license
agreement, including, without limitation, that your use is for
the sole purpose of programming logic devices manufactured by
Intel and sold by Intel or its authorized distributors.  Please
refer to the applicable agreement for further details, at
https://fpgasoftware.intel.com/eula.



+-------------------------------------------------------------------------------+
; Flow Summary                                                                  ;
+---------------------------------+---------------------------------------------+
; Flow Status                     ; Successful - Mon Nov 14 15:14:43 2022       ;
; Quartus Prime Version           ; 21.1.0 Build 842 10/21/2021 SJ Lite Edition ;
; Revision Name                   ; Lab22                                       ;
; Top-level Entity Name           ; DE0_Nano_SoC_top_level                      ;
; Family                          ; Cyclone V                                   ;
; Device                          ; 5CSEMA4U23C6                                ;
; Timing Models                   ; Final                                       ;
; Logic utilization (in ALMs)     ; 691 / 15,880 ( 4 % )                        ;
; Total registers                 ; 960                                         ;
; Total pins                      ; 38 / 314 ( 12 % )                           ;
; Total virtual pins              ; 0                                           ;
; Total block memory bits         ; 44,032 / 2,764,800 ( 2 % )                  ;
; Total DSP Blocks                ; 0 / 84 ( 0 % )                              ;
; Total HSSI RX PCSs              ; 0                                           ;
; Total HSSI PMA RX Deserializers ; 0                                           ;
; Total HSSI TX PCSs              ; 0                                           ;
; Total HSSI PMA TX Serializers   ; 0                                           ;
; Total PLLs                      ; 0 / 5 ( 0 % )                               ;
; Total DLLs                      ; 0 / 4 ( 0 % )                               ;
+---------------------------------+---------------------------------------------+


+-----------------------------------------+
; Flow Settings                           ;
+-------------------+---------------------+
; Option            ; Setting             ;
+-------------------+---------------------+
; Start date & time ; 11/14/2022 15:08:42 ;
; Main task         ; Compilation         ;
; Revision Name     ; Lab22               ;
+-------------------+---------------------+


+------------------------------------------------------------------------------------------------------------------------------------+
; Flow Non-Default Global Settings                                                                                                   ;
+-------------------------------------+----------------------------------------+---------------+------------------------+------------+
; Assignment Name                     ; Value                                  ; Default Value ; Entity Name            ; Section Id ;
+-------------------------------------+----------------------------------------+---------------+------------------------+------------+
; COMPILER_SIGNATURE_ID               ; 275469855673403.166843492109496        ; --            ; --                     ; --         ;
; MAX_CORE_JUNCTION_TEMP              ; 85                                     ; --            ; --                     ; --         ;
; MIN_CORE_JUNCTION_TEMP              ; 0                                      ; --            ; --                     ; --         ;
; PARTITION_COLOR                     ; -- (Not supported for targeted family) ; --            ; DE0_Nano_SoC_top_level ; Top        ;
; PARTITION_FITTER_PRESERVATION_LEVEL ; -- (Not supported for targeted family) ; --            ; DE0_Nano_SoC_top_level ; Top        ;
; PARTITION_NETLIST_TYPE              ; -- (Not supported for targeted family) ; --            ; DE0_Nano_SoC_top_level ; Top        ;
; POWER_BOARD_THERMAL_MODEL           ; None (CONSERVATIVE)                    ; --            ; --                     ; --         ;
; POWER_PRESET_COOLING_SOLUTION       ; 23 MM HEAT SINK WITH 200 LFPM AIRFLOW  ; --            ; --                     ; --         ;
; PROJECT_OUTPUT_DIRECTORY            ; output_files                           ; --            ; --                     ; --         ;
; TOP_LEVEL_ENTITY                    ; DE0_Nano_SoC_top_level                 ; Lab22         ; --                     ; --         ;
+-------------------------------------+----------------------------------------+---------------+------------------------+------------+


+--------------------------------------------------------------------------------------------------------------------------+
; Flow Elapsed Time                                                                                                        ;
+----------------------+--------------+-------------------------+---------------------+------------------------------------+
; Module Name          ; Elapsed Time ; Average Processors Used ; Peak Virtual Memory ; Total CPU Time (on all processors) ;
+----------------------+--------------+-------------------------+---------------------+------------------------------------+
; Analysis & Synthesis ; 00:00:42     ; 1.0                     ; 5045 MB             ; 00:01:25                           ;
; Fitter               ; 00:05:08     ; 1.0                     ; 7584 MB             ; 00:31:13                           ;
; Assembler            ; 00:00:07     ; 1.0                     ; 4893 MB             ; 00:00:05                           ;
; Timing Analyzer      ; 00:00:06     ; 2.1                     ; 5313 MB             ; 00:00:11                           ;
; Total                ; 00:06:03     ; --                      ; --                  ; 00:32:54                           ;
+----------------------+--------------+-------------------------+---------------------+------------------------------------+


+------------------------------------------------------------------------------------+
; Flow OS Summary                                                                    ;
+----------------------+------------------+------------+------------+----------------+
; Module Name          ; Machine Hostname ; OS Name    ; OS Version ; Processor type ;
+----------------------+------------------+------------+------------+----------------+
; Analysis & Synthesis ; w11              ; Windows 10 ; 10.0       ; x86_64         ;
; Fitter               ; w11              ; Windows 10 ; 10.0       ; x86_64         ;
; Assembler            ; w11              ; Windows 10 ; 10.0       ; x86_64         ;
; Timing Analyzer      ; w11              ; Windows 10 ; 10.0       ; x86_64         ;
+----------------------+------------------+------------+------------+----------------+


------------
; Flow Log ;
------------
quartus_map --read_settings_files=on --write_settings_files=off Lab22 -c Lab22
quartus_fit --read_settings_files=off --write_settings_files=off Lab22 -c Lab22
quartus_asm --read_settings_files=off --write_settings_files=off Lab22 -c Lab22
quartus_sta Lab22 -c Lab22



