Archive member included to satisfy reference by file (symbol)

c:/altera/14.1/nios2eds/bin/gnu/h-x86_64-mingw32/bin/../lib/gcc/nios2-elf/4.8.3/../../../../../H-x86_64-mingw32/nios2-elf/lib\libm.a(lib_a-w_sqrt.o)
                              obj/default/geometry.o (sqrt)
c:/altera/14.1/nios2eds/bin/gnu/h-x86_64-mingw32/bin/../lib/gcc/nios2-elf/4.8.3/../../../../../H-x86_64-mingw32/nios2-elf/lib\libm.a(lib_a-e_sqrt.o)
                              c:/altera/14.1/nios2eds/bin/gnu/h-x86_64-mingw32/bin/../lib/gcc/nios2-elf/4.8.3/../../../../../H-x86_64-mingw32/nios2-elf/lib\libm.a(lib_a-w_sqrt.o) (__ieee754_sqrt)
c:/altera/14.1/nios2eds/bin/gnu/h-x86_64-mingw32/bin/../lib/gcc/nios2-elf/4.8.3/../../../../../H-x86_64-mingw32/nios2-elf/lib\libm.a(lib_a-s_fpclassify.o)
                              c:/altera/14.1/nios2eds/bin/gnu/h-x86_64-mingw32/bin/../lib/gcc/nios2-elf/4.8.3/../../../../../H-x86_64-mingw32/nios2-elf/lib\libm.a(lib_a-w_sqrt.o) (__fpclassifyd)
c:/altera/14.1/nios2eds/bin/gnu/h-x86_64-mingw32/bin/../lib/gcc/nios2-elf/4.8.3/../../../../../H-x86_64-mingw32/nios2-elf/lib\libm.a(lib_a-s_lib_ver.o)
                              c:/altera/14.1/nios2eds/bin/gnu/h-x86_64-mingw32/bin/../lib/gcc/nios2-elf/4.8.3/../../../../../H-x86_64-mingw32/nios2-elf/lib\libm.a(lib_a-w_sqrt.o) (__fdlib_version)
c:/altera/14.1/nios2eds/bin/gnu/h-x86_64-mingw32/bin/../lib/gcc/nios2-elf/4.8.3/../../../../../H-x86_64-mingw32/nios2-elf/lib\libm.a(lib_a-s_matherr.o)
                              c:/altera/14.1/nios2eds/bin/gnu/h-x86_64-mingw32/bin/../lib/gcc/nios2-elf/4.8.3/../../../../../H-x86_64-mingw32/nios2-elf/lib\libm.a(lib_a-w_sqrt.o) (matherr)
c:/altera/14.1/nios2eds/bin/gnu/h-x86_64-mingw32/bin/../lib/gcc/nios2-elf/4.8.3\libgcc.a(lib2-divmod.o)
                              obj/default/graphic_lib/simple_text.o (__divsi3)
c:/altera/14.1/nios2eds/bin/gnu/h-x86_64-mingw32/bin/../lib/gcc/nios2-elf/4.8.3\libgcc.a(adddf3.o)
                              c:/altera/14.1/nios2eds/bin/gnu/h-x86_64-mingw32/bin/../lib/gcc/nios2-elf/4.8.3/../../../../../H-x86_64-mingw32/nios2-elf/lib\libm.a(lib_a-e_sqrt.o) (__adddf3)
c:/altera/14.1/nios2eds/bin/gnu/h-x86_64-mingw32/bin/../lib/gcc/nios2-elf/4.8.3\libgcc.a(divdf3.o)
                              c:/altera/14.1/nios2eds/bin/gnu/h-x86_64-mingw32/bin/../lib/gcc/nios2-elf/4.8.3/../../../../../H-x86_64-mingw32/nios2-elf/lib\libm.a(lib_a-w_sqrt.o) (__divdf3)
c:/altera/14.1/nios2eds/bin/gnu/h-x86_64-mingw32/bin/../lib/gcc/nios2-elf/4.8.3\libgcc.a(ledf2.o)
                              c:/altera/14.1/nios2eds/bin/gnu/h-x86_64-mingw32/bin/../lib/gcc/nios2-elf/4.8.3/../../../../../H-x86_64-mingw32/nios2-elf/lib\libm.a(lib_a-w_sqrt.o) (__ltdf2)
c:/altera/14.1/nios2eds/bin/gnu/h-x86_64-mingw32/bin/../lib/gcc/nios2-elf/4.8.3\libgcc.a(muldf3.o)
                              c:/altera/14.1/nios2eds/bin/gnu/h-x86_64-mingw32/bin/../lib/gcc/nios2-elf/4.8.3/../../../../../H-x86_64-mingw32/nios2-elf/lib\libm.a(lib_a-e_sqrt.o) (__muldf3)
c:/altera/14.1/nios2eds/bin/gnu/h-x86_64-mingw32/bin/../lib/gcc/nios2-elf/4.8.3\libgcc.a(subdf3.o)
                              c:/altera/14.1/nios2eds/bin/gnu/h-x86_64-mingw32/bin/../lib/gcc/nios2-elf/4.8.3/../../../../../H-x86_64-mingw32/nios2-elf/lib\libm.a(lib_a-e_sqrt.o) (__subdf3)
c:/altera/14.1/nios2eds/bin/gnu/h-x86_64-mingw32/bin/../lib/gcc/nios2-elf/4.8.3\libgcc.a(fixdfsi.o)
                              obj/default/geometry.o (__fixdfsi)
c:/altera/14.1/nios2eds/bin/gnu/h-x86_64-mingw32/bin/../lib/gcc/nios2-elf/4.8.3\libgcc.a(floatsidf.o)
                              obj/default/geometry.o (__floatsidf)
c:/altera/14.1/nios2eds/bin/gnu/h-x86_64-mingw32/bin/../lib/gcc/nios2-elf/4.8.3\libgcc.a(_clzsi2.o)
                              c:/altera/14.1/nios2eds/bin/gnu/h-x86_64-mingw32/bin/../lib/gcc/nios2-elf/4.8.3\libgcc.a(adddf3.o) (__clzsi2)
c:/altera/14.1/nios2eds/bin/gnu/h-x86_64-mingw32/bin/../lib/gcc/nios2-elf/4.8.3\libgcc.a(_clz.o)
                              c:/altera/14.1/nios2eds/bin/gnu/h-x86_64-mingw32/bin/../lib/gcc/nios2-elf/4.8.3\libgcc.a(_clzsi2.o) (__clz_tab)
c:/altera/14.1/nios2eds/bin/gnu/h-x86_64-mingw32/bin/../lib/gcc/nios2-elf/4.8.3/../../../../../H-x86_64-mingw32/nios2-elf/lib\libsmallc.a(lib_a-errno.o)
                              c:/altera/14.1/nios2eds/bin/gnu/h-x86_64-mingw32/bin/../lib/gcc/nios2-elf/4.8.3/../../../../../H-x86_64-mingw32/nios2-elf/lib\libm.a(lib_a-w_sqrt.o) (__errno)
c:/altera/14.1/nios2eds/bin/gnu/h-x86_64-mingw32/bin/../lib/gcc/nios2-elf/4.8.3/../../../../../H-x86_64-mingw32/nios2-elf/lib\libsmallc.a(lib_a-impure.o)
                              c:/altera/14.1/nios2eds/bin/gnu/h-x86_64-mingw32/bin/../lib/gcc/nios2-elf/4.8.3/../../../../../H-x86_64-mingw32/nios2-elf/lib\libsmallc.a(lib_a-errno.o) (_impure_ptr)
c:/altera/14.1/nios2eds/bin/gnu/h-x86_64-mingw32/bin/../lib/gcc/nios2-elf/4.8.3/../../../../../H-x86_64-mingw32/nios2-elf/lib\libsmallc.a(lib_a-malloc.o)
[...]
Memory Configuration

Name             Origin             Length             Attributes
reset            0x0000000000080000 0x0000000000000020
onchip_memory    0x0000000000080020 0x0000000000038250
*default*        0x0000000000000000 0xffffffffffffffff

Linker script and memory map

LOAD ../LT24_Painter_bsp//obj/HAL/src/crt0.o
LOAD obj/default/fonts/tahomabold_20.o
LOAD obj/default/fonts/tahomabold_32.o
LOAD obj/default/geometry.o
LOAD obj/default/graphic_lib/ILI9341.o
LOAD obj/default/graphic_lib/simple_graphics.o
LOAD obj/default/graphic_lib/simple_text.o
LOAD obj/default/gui.o
LOAD obj/default/gui_vpg.o
LOAD obj/default/main.o
LOAD obj/default/terasic_lib/I2C.o
LOAD obj/default/terasic_lib/debug.o
LOAD obj/default/terasic_lib/queue.o
LOAD obj/default/terasic_lib/touch_spi.o
LOAD c:/altera/14.1/nios2eds/bin/gnu/h-x86_64-mingw32/bin/../lib/gcc/nios2-elf/4.8.3/../../../../../H-x86_64-mingw32/nios2-elf/lib\libstdc++.a
LOAD c:/altera/14.1/nios2eds/bin/gnu/h-x86_64-mingw32/bin/../lib/gcc/nios2-elf/4.8.3/../../../../../H-x86_64-mingw32/nios2-elf/lib\libm.a
LOAD c:/altera/14.1/nios2eds/bin/gnu/h-x86_64-mingw32/bin/../lib/gcc/nios2-elf/4.8.3\libgcc.a
START GROUP
LOAD c:/altera/14.1/nios2eds/bin/gnu/h-x86_64-mingw32/bin/../lib/gcc/nios2-elf/4.8.3/../../../../../H-x86_64-mingw32/nios2-elf/lib\libsmallc.a
LOAD c:/altera/14.1/nios2eds/bin/gnu/h-x86_64-mingw32/bin/../lib/gcc/nios2-elf/4.8.3\libgcc.a
LOAD ../LT24_Painter_bsp/\libhal_bsp.a
END GROUP
LOAD c:/altera/14.1/nios2eds/bin/gnu/h-x86_64-mingw32/bin/../lib/gcc/nios2-elf/4.8.3\libgcc.a
                0x0000000000080000                __alt_mem_onchip_memory = 0x80000

.entry          0x0000000000080000       0x20
 *(.entry)
 .entry         0x0000000000080000       0x20 ../LT24_Painter_bsp//obj/HAL/src/crt0.o
                0x0000000000080000                __reset

.exceptions     0x0000000000080020      0x130
                0x0000000000080020                PROVIDE (__ram_exceptions_start, ABSOLUTE (.))
                0x0000000000080020                . = ALIGN (0x20)
 *(.irq)
 *(.exceptions.entry.label)
 .exceptions.entry.label
                0x0000000000080020        0x0 ../LT24_Painter_bsp/\libhal_bsp.a(alt_irq_entry.o)
                0x0000000000080020                alt_irq_entry
 .exceptions.entry.label
                0x0000000000080020        0x0 ../LT24_Painter_bsp/\libhal_bsp.a(alt_exception_entry.o)
                0x0000000000080020                alt_exception
 *(.exceptions.entry.user)
 *(.exceptions.entry.ecc_fatal)
 *(.exceptions.entry)
 .exceptions.entry
                0x0000000000080020       0x54 ../LT24_Painter_bsp/\libhal_bsp.a(alt_exception_entry.o)
 *(.exceptions.irqtest.user)
 *(.exceptions.irqtest)
 .exceptions.irqtest
                0x0000000000080074       0x10 ../LT24_Painter_bsp/\libhal_bsp.a(alt_irq_entry.o)
 *(.exceptions.irqhandler.user)
 *(.exceptions.irqhandler)
 .exceptions.irqhandler
                0x0000000000080084        0x4 ../LT24_Painter_bsp/\libhal_bsp.a(alt_irq_entry.o)
 *(.exceptions.irqreturn.user)
 *(.exceptions.irqreturn)
 .exceptions.irqreturn
                0x0000000000080088        0x4 ../LT24_Painter_bsp/\libhal_bsp.a(alt_irq_entry.o)
 *(.exceptions.notirq.label)
 .exceptions.notirq.label
                0x000000000008008c        0x0 ../LT24_Painter_bsp/\libhal_bsp.a(alt_irq_entry.o)
 *(.exceptions.notirq.user)
 *(.exceptions.notirq)
 .exceptions.notirq
                0x000000000008008c        0x8 ../LT24_Painter_bsp/\libhal_bsp.a(alt_exception_entry.o)
 *(.exceptions.soft.user)
 *(.exceptions.soft)
 *(.exceptions.unknown.user)
 *(.exceptions.unknown)
 .exceptions.unknown
                0x0000000000080094        0x4 ../LT24_Painter_bsp/\libhal_bsp.a(alt_exception_entry.o)
 *(.exceptions.exit.label)
 .exceptions.exit.label
                0x0000000000080098        0x0 ../LT24_Painter_bsp/\libhal_bsp.a(alt_irq_entry.o)
 .exceptions.exit.label
                0x0000000000080098        0x0 ../LT24_Painter_bsp/\libhal_bsp.a(alt_exception_entry.o)
 *(.exceptions.exit.user)
 *(.exceptions.exit)
 .exceptions.exit
                0x0000000000080098       0x54 ../LT24_Painter_bsp/\libhal_bsp.a(alt_exception_entry.o)
 *(.exceptions)
 .exceptions    0x00000000000800ec       0x64 ../LT24_Painter_bsp/\libhal_bsp.a(alt_irq_handler.o)
                0x00000000000800ec                alt_irq_handler
                0x0000000000080150                PROVIDE (__ram_exceptions_end, ABSOLUTE (.))
                0x0000000000080020                PROVIDE (__flash_exceptions_start, LOADADDR (.exceptions))

.text           0x0000000000080150     0xcd30
                0x0000000000080150                PROVIDE (stext, ABSOLUTE (.))
 *(.interp)
 *(.hash)
 *(.dynsym)
 *(.dynstr)
 *(.gnu.version)
 *(.gnu.version_d)
 *(.gnu.version_r)
 *(.rel.init)
 *(.rela.init)
 *(.rel.text .rel.text.* .rel.gnu.linkonce.t.*)
 *(.rela.text .rela.text.* .rela.gnu.linkonce.t.*)
 *(.rel.fini)
 *(.rela.fini)
 *(.rel.rodata .rel.rodata.* .rel.gnu.linkonce.r.*)
 *(.rela.rodata .rela.rodata.* .rela.gnu.linkonce.r.*)
 *(.rel.data .rel.data.* .rel.gnu.linkonce.d.*)
 *(.rela.data .rela.data.* .rela.gnu.linkonce.d.*)
 *(.rel.tdata .rel.tdata.* .rel.gnu.linkonce.td.*)
 *(.rela.tdata .rela.tdata.* .rela.gnu.linkonce.td.*)
 *(.rel.tbss .rel.tbss.* .rel.gnu.linkonce.tb.*)
 *(.rela.tbss .rela.tbss.* .rela.gnu.linkonce.tb.*)
 *(.rel.ctors)
 *(.rela.ctors)
 *(.rel.dtors)
 *(.rela.dtors)
 *(.rel.got)
 *(.rela.got)
 *(.rel.sdata .rel.sdata.* .rel.gnu.linkonce.s.*)
 *(.rela.sdata .rela.sdata.* .rela.gnu.linkonce.s.*)
 *(.rel.sbss .rel.sbss.* .rel.gnu.linkonce.sb.*)
 *(.rela.sbss .rela.sbss.* .rela.gnu.linkonce.sb.*)
 *(.rel.sdata2 .rel.sdata2.* .rel.gnu.linkonce.s2.*)
 *(.rela.sdata2 .rela.sdata2.* .rela.gnu.linkonce.s2.*)
 *(.rel.sbss2 .rel.sbss2.* .rel.gnu.linkonce.sb2.*)
 *(.rela.sbss2 .rela.sbss2.* .rela.gnu.linkonce.sb2.*)
 *(.rel.bss .rel.bss.* .rel.gnu.linkonce.b.*)
 *(.rela.bss .rela.bss.* .rela.gnu.linkonce.b.*)
 *(.rel.plt)
 *(.rela.plt)
 *(.rel.dyn)
 *(.init)
 *(.plt)
 *(.text .stub .text.* .gnu.linkonce.t.*)
 .text          0x0000000000080150       0x1c ../LT24_Painter_bsp//obj/HAL/src/crt0.o
                0x0000000000080150                _start
 .text          0x000000000008016c        0x0 obj/default/fonts/tahomabold_20.o
 .text          0x000000000008016c        0x0 obj/default/fonts/tahomabold_32.o
 .text          0x000000000008016c      0x3f4 obj/default/geometry.o
                0x000000000008016c                IsPtInRect
                0x00000000000801f0                PtSet
                0x0000000000080230                RectSet
                0x000000000008028c                RectInflate
                0x0000000000080314                RectOffset
                0x000000000008039c                RectCopy
                0x0000000000080400                RectWidth
                0x0000000000080434                RectHeight
                0x0000000000080468                PtDistance
                0x000000000008051c                PtCopy
 .text          0x0000000000080560      0xa70 obj/default/graphic_lib/ILI9341.o
                0x0000000000080560                Delay_Ms
                0x00000000000805ac                LCD_SetCursor
                0x0000000000080660                LCD_Clear
                0x00000000000806e0                LCD_DrawPoint
                0x000000000008074c                LCD_Init
                0x0000000000080db8                LCD_Pattern_Horizon
                0x0000000000080ef0                LCD_Pattern_Vertical
 .text          0x0000000000080fd0     0x26ac obj/default/graphic_lib/simple_graphics.o
                0x0000000000080fd0                vid_clean_screen
                0x0000000000081030                vid_draw_line
                0x00000000000810fc                vid_scroll_string_quit
                0x000000000008113c                vid_scroll_string_init
                0x0000000000081290                vid_scroll_string
                0x0000000000081610                vid_move_block
                0x000000000008172c                vid_print_string
                0x0000000000081834                vid_draw_box
                0x0000000000081984                vid_print_char
                0x0000000000081a74                vid_set_pixel
                0x0000000000081b10                vid_get_pixel
                0x0000000000081b4c                vid_paint_block
                0x0000000000081be0                vid_draw_horiz_line
                0x0000000000081c58                vid_merge_colors
                0x0000000000081ca4                vid_color_convert24_16
                0x0000000000081d44                vid_color_convert16_24
                0x0000000000081db0                vid_copy_line_to_frame_buffer
                0x0000000000081df0                vid_draw_sloped_line
                0x0000000000082050                vid_draw_circle
                0x000000000008218c                vid_draw_round_corner_box
                0x0000000000082544                vid_round_corner_points
                0x0000000000082c9c                max3
                0x0000000000082cf0                min3
                0x0000000000082d44                max_diff3
                0x0000000000082da8                vid_put_pixel_in_span_map
                0x0000000000082e98                vid_bres_scan_edges
                0x00000000000830d0                vid_draw_triangle
                0x0000000000083474                CopyImage16
                0x0000000000083550                CropImage16
 .text          0x000000000008367c      0xa08 obj/default/graphic_lib/simple_text.o
                0x000000000008367c                vid_print_string_alpha
                0x00000000000838d8                seperate_color_channels
                0x0000000000083a20                merge_color_channels
                0x0000000000083b50                read_from_frame
                0x0000000000083b90                alpha_blending
                0x0000000000083de4                vid_print_char_alpha
                0x0000000000083fa4                vid_string_pixel_length_alpha
 .text          0x0000000000084084      0x960 obj/default/gui.o
                0x0000000000084084                GUI_ShowWelcome
                0x0000000000084154                GUI_DeskInit
                0x0000000000084330                GUI_CheckButton
                0x00000000000843c0                GUI_DeskDraw
                0x00000000000845f8                IsContinuedPoint
                0x0000000000084684                GUI_ClearPaintArea
                0x0000000000084704                GUI
                0x0000000000084928                GUI_ShowInfo
                0x000000000008498c                GUI_ShowTouchPoint
 .text          0x00000000000849e4      0x7c4 obj/default/gui_vpg.o
                0x00000000000849e4                ShowInfo
                0x0000000000084a44                VPG_XLine
                0x0000000000084a68                VPG_ColorPanel
                0x0000000000084b18                VPG_Grid
                0x0000000000084c14                VPG_VGrid
                0x0000000000084cf8                VPG_HGrid
                0x0000000000084ddc                VPG_ColorBar
                0x0000000000084f7c                GUI_ShowPAT
                0x00000000000850fc                GUI_VPG
 .text          0x00000000000851a8       0xe8 obj/default/main.o
                0x00000000000851a8                main
 .text          0x0000000000085290     0x1148 obj/default/terasic_lib/I2C.o
                0x0000000000085290                my_wait
                0x00000000000852d0                I2C_Write
                0x00000000000853cc                I2C_Write16
                0x000000000008550c                I2C_Read
                0x0000000000085630                I2C_Read16
                0x00000000000857a8                I2C_MultipleRead
                0x0000000000085924                i2c_start
                0x00000000000859a8                i2c_stop
                0x0000000000085a18                i2c_write
                0x0000000000085b78                i2c_read
                0x0000000000085cc8                I2CL_Write
                0x0000000000085e08                I2CL_Read
                0x0000000000085f70                I2CL_MultipleRead
                0x0000000000086130                I2CL_MultipleWrite
                0x00000000000862ac                I2CL_Read16
                0x000000000008634c                I2CL_Write16
 .text          0x00000000000863d8      0x1b0 obj/default/terasic_lib/debug.o
                0x00000000000863d8                debug_output
                0x0000000000086408                myprintf
                0x0000000000086474                myprintf_hexarray
                0x00000000000864fc                myprintf_dwordarray
 .text          0x0000000000086588      0x298 obj/default/terasic_lib/queue.o
                0x0000000000086588                QUEUE_New
                0x00000000000865f8                QUEUE_Delete
                0x0000000000086628                QUEUE_IsEmpty
                0x0000000000086668                QUEUE_IsFull
                0x00000000000866cc                QUEUE_Push
                0x0000000000086760                QUEUE_Pop
                0x00000000000867f0                QUEUE_Empty
 .text          0x0000000000086820      0xa4c obj/default/terasic_lib/touch_spi.o
                0x0000000000086820                Touch_Init
                0x0000000000086990                Touch_UnInit
                0x00000000000869f8                Touch_EmptyFifo
                0x0000000000086a30                Touch_GetXY
                0x0000000000086b7c                touch_isr
                0x0000000000086bf4                touch_empty_fifo
                0x0000000000086c24                touch_is_pen_pressed
                0x0000000000086c64                touch_enable_penirq
                0x0000000000086dc8                touch_clear_input
                0x0000000000086df8                touch_get_xy
                0x0000000000087118                touch_alarm_callback
                0x0000000000087190                touch_xy_transform
 .text          0x000000000008726c      0x14c c:/altera/14.1/nios2eds/bin/gnu/h-x86_64-mingw32/bin/../lib/gcc/nios2-elf/4.8.3/../../../../../H-x86_64-mingw32/nios2-elf/lib\libm.a(lib_a-w_sqrt.o)
                0x000000000008726c                sqrt
 .text          0x00000000000873b8      0x2ac c:/altera/14.1/nios2eds/bin/gnu/h-x86_64-mingw32/bin/../lib/gcc/nios2-elf/4.8.3/../../../../../H-x86_64-mingw32/nios2-elf/lib\libm.a(lib_a-e_sqrt.o)
                0x00000000000873b8                __ieee754_sqrt
 .text          0x0000000000087664       0x68 c:/altera/14.1/nios2eds/bin/gnu/h-x86_64-mingw32/bin/../lib/gcc/nios2-elf/4.8.3/../../../../../H-x86_64-mingw32/nios2-elf/lib\libm.a(lib_a-s_fpclassify.o)
                0x0000000000087664                __fpclassifyd
 .text          0x00000000000876cc        0x0 c:/altera/14.1/nios2eds/bin/gnu/h-x86_64-mingw32/bin/../lib/gcc/nios2-elf/4.8.3/../../../../../H-x86_64-mingw32/nios2-elf/lib\libm.a(lib_a-s_lib_ver.o)
 .text          0x00000000000876cc        0x8 c:/altera/14.1/nios2eds/bin/gnu/h-x86_64-mingw32/bin/../lib/gcc/nios2-elf/4.8.3/../../../../../H-x86_64-mingw32/nios2-elf/lib\libm.a(lib_a-s_matherr.o)
                0x00000000000876cc                matherr
 .text          0x00000000000876d4      0x114 c:/altera/14.1/nios2eds/bin/gnu/h-x86_64-mingw32/bin/../lib/gcc/nios2-elf/4.8.3\libgcc.a(lib2-divmod.o)
                0x0000000000087744                __divsi3
                0x000000000008778c                __modsi3
                0x00000000000877d8                __udivsi3
                0x00000000000877e0                __umodsi3
 .text          0x00000000000877e8      0x87c c:/altera/14.1/nios2eds/bin/gnu/h-x86_64-mingw32/bin/../lib/gcc/nios2-elf/4.8.3\libgcc.a(adddf3.o)
                0x00000000000877e8                __adddf3
 .text          0x0000000000088064      0x8d4 c:/altera/14.1/nios2eds/bin/gnu/h-x86_64-mingw32/bin/../lib/gcc/nios2-elf/4.8.3\libgcc.a(divdf3.o)
                0x0000000000088064                __divdf3
 .text          0x0000000000088938       0xec c:/altera/14.1/nios2eds/bin/gnu/h-x86_64-mingw32/bin/../lib/gcc/nios2-elf/4.8.3\libgcc.a(ledf2.o)
                0x0000000000088938                __ledf2
                0x0000000000088938                __ltdf2
 .text          0x0000000000088a24      0x6ec c:/altera/14.1/nios2eds/bin/gnu/h-x86_64-mingw32/bin/../lib/gcc/nios2-elf/4.8.3\libgcc.a(muldf3.o)
                0x0000000000088a24                __muldf3
 .text          0x0000000000089110      0x888 c:/altera/14.1/nios2eds/bin/gnu/h-x86_64-mingw32/bin/../lib/gcc/nios2-elf/4.8.3\libgcc.a(subdf3.o)
                0x0000000000089110                __subdf3
 .text          0x0000000000089998       0x80 c:/altera/14.1/nios2eds/bin/gnu/h-x86_64-mingw32/bin/../lib/gcc/nios2-elf/4.8.3\libgcc.a(fixdfsi.o)
                0x0000000000089998                __fixdfsi
 .text          0x0000000000089a18       0xd0 c:/altera/14.1/nios2eds/bin/gnu/h-x86_64-mingw32/bin/../lib/gcc/nios2-elf/4.8.3\libgcc.a(floatsidf.o)
                0x0000000000089a18                __floatsidf
 .text          0x0000000000089ae8       0xac c:/altera/14.1/nios2eds/bin/gnu/h-x86_64-mingw32/bin/../lib/gcc/nios2-elf/4.8.3\libgcc.a(_clzsi2.o)
                0x0000000000089ae8                __clzsi2
 .text          0x0000000000089b94        0x0 c:/altera/14.1/nios2eds/bin/gnu/h-x86_64-mingw32/bin/../lib/gcc/nios2-elf/4.8.3\libgcc.a(_clz.o)
 .text          0x0000000000089b94       0x10 c:/altera/14.1/nios2eds/bin/gnu/h-x86_64-mingw32/bin/../lib/gcc/nios2-elf/4.8.3/../../../../../H-x86_64-mingw32/nios2-elf/lib\libsmallc.a(lib_a-errno.o)
                0x0000000000089b94                __errno
 .text          0x0000000000089ba4        0x0 c:/altera/14.1/nios2eds/bin/gnu/h-x86_64-mingw32/bin/../lib/gcc/nios2-elf/4.8.3/../../../../../H-x86_64-mingw32/nios2-elf/lib\libsmallc.a(lib_a-impure.o)
 .text          0x0000000000089ba4       0x28 c:/altera/14.1/nios2eds/bin/gnu/h-x86_64-mingw32/bin/../lib/gcc/nios2-elf/4.8.3/../../../../../H-x86_64-mingw32/nios2-elf/lib\libsmallc.a(lib_a-malloc.o)
                0x0000000000089ba4                malloc
                0x0000000000089bb8                free
 .text          0x0000000000089bcc      0x680 c:/altera/14.1/nios2eds/bin/gnu/h-x86_64-mingw32/bin/../lib/gcc/nios2-elf/4.8.3/../../../../../H-x86_64-mingw32/nios2-elf/lib\libsmallc.a(lib_a-mallocr.o)
                0x0000000000089bcc                _malloc_r
 .text          0x000000000008a24c       0x28 c:/altera/14.1/nios2eds/bin/gnu/h-x86_64-mingw32/bin/../lib/gcc/nios2-elf/4.8.3/../../../../../H-x86_64-mingw32/nios2-elf/lib\libsmallc.a(lib_a-memcpy.o)
                0x000000000008a24c                memcpy
 .text          0x000000000008a274       0x20 c:/altera/14.1/nios2eds/bin/gnu/h-x86_64-mingw32/bin/../lib/gcc/nios2-elf/4.8.3/../../../../../H-x86_64-mingw32/nios2-elf/lib\libsmallc.a(lib_a-memset.o)
                0x000000000008a274                memset
 .text          0x000000000008a294       0x88 c:/altera/14.1/nios2eds/bin/gnu/h-x86_64-mingw32/bin/../lib/gcc/nios2-elf/4.8.3/../../../../../H-x86_64-mingw32/nios2-elf/lib\libsmallc.a(lib_a-printf.o)
                0x000000000008a294                _printf_r
                0x000000000008a2d0                printf
 .text          0x000000000008a31c       0x94 c:/altera/14.1/nios2eds/bin/gnu/h-x86_64-mingw32/bin/../lib/gcc/nios2-elf/4.8.3/../../../../../H-x86_64-mingw32/nios2-elf/lib\libsmallc.a(lib_a-puts.o)
                0x000000000008a31c                _puts_r
                0x000000000008a39c                puts
 .text          0x000000000008a3b0       0x50 c:/altera/14.1/nios2eds/bin/gnu/h-x86_64-mingw32/bin/../lib/gcc/nios2-elf/4.8.3/../../../../../H-x86_64-mingw32/nios2-elf/lib\libsmallc.a(lib_a-sbrkr.o)
                0x000000000008a3b0                _sbrk_r
 .text          0x000000000008a400       0xdc c:/altera/14.1/nios2eds/bin/gnu/h-x86_64-mingw32/bin/../lib/gcc/nios2-elf/4.8.3/../../../../../H-x86_64-mingw32/nios2-elf/lib\libsmallc.a(lib_a-sprintf.o)
                0x000000000008a400                _sprintf_r
                0x000000000008a464                sprintf
 .text          0x000000000008a4dc       0x20 c:/altera/14.1/nios2eds/bin/gnu/h-x86_64-mingw32/bin/../lib/gcc/nios2-elf/4.8.3/../../../../../H-x86_64-mingw32/nios2-elf/lib\libsmallc.a(lib_a-strcpy.o)
                0x000000000008a4dc                strcpy
 .text          0x000000000008a4fc       0x1c c:/altera/14.1/nios2eds/bin/gnu/h-x86_64-mingw32/bin/../lib/gcc/nios2-elf/4.8.3/../../../../../H-x86_64-mingw32/nios2-elf/lib\libsmallc.a(lib_a-strlen.o)
                0x000000000008a4fc                strlen
 .text          0x000000000008a518      0x5c8 c:/altera/14.1/nios2eds/bin/gnu/h-x86_64-mingw32/bin/../lib/gcc/nios2-elf/4.8.3/../../../../../H-x86_64-mingw32/nios2-elf/lib\libsmallc.a(lib_a-svfprintf.o)
                0x000000000008a584                ___svfprintf_internal_r
                0x000000000008aabc                __vfprintf_internal_unused
 .text          0x000000000008aae0      0x5c8 c:/altera/14.1/nios2eds/bin/gnu/h-x86_64-mingw32/bin/../lib/gcc/nios2-elf/4.8.3/../../../../../H-x86_64-mingw32/nios2-elf/lib\libsmallc.a(lib_a-vfprintf.o)
                0x000000000008ab4c                ___vfprintf_internal_r
                0x000000000008b084                __vfprintf_internal
 .text          0x000000000008b0a8       0xf8 c:/altera/14.1/nios2eds/bin/gnu/h-x86_64-mingw32/bin/../lib/gcc/nios2-elf/4.8.3/../../../../../H-x86_64-mingw32/nios2-elf/lib\libsmallc.a(lib_a-vsnprintf.o)
                0x000000000008b0a8                _vsnprintf_r
                0x000000000008b160                vsnprintf
 .text          0x000000000008b1a0      0x3bc c:/altera/14.1/nios2eds/bin/gnu/h-x86_64-mingw32/bin/../lib/gcc/nios2-elf/4.8.3/../../../../../H-x86_64-mingw32/nios2-elf/lib\libsmallc.a(lib_a-freer.o)
                0x000000000008b1a0                _malloc_trim_r
                0x000000000008b2c4                _free_r
 .text          0x000000000008b55c       0xac c:/altera/14.1/nios2eds/bin/gnu/h-x86_64-mingw32/bin/../lib/gcc/nios2-elf/4.8.3/../../../../../H-x86_64-mingw32/nios2-elf/lib\libsmallc.a(lib_a-fvwrite_small_dev.o)
                0x000000000008b55c                __sfvwrite_small_dev
 .text          0x000000000008b608       0x9c c:/altera/14.1/nios2eds/bin/gnu/h-x86_64-mingw32/bin/../lib/gcc/nios2-elf/4.8.3/../../../../../H-x86_64-mingw32/nios2-elf/lib\libsmallc.a(lib_a-fvwrite_small_str.o)
                0x000000000008b608                __sfvwrite_small_str
 .text          0x000000000008b6a4        0x0 c:/altera/14.1/nios2eds/bin/gnu/h-x86_64-mingw32/bin/../lib/gcc/nios2-elf/4.8.3/../../../../../H-x86_64-mingw32/nios2-elf/lib\libsmallc.a(lib_a-int_errno.o)
 .text          0x000000000008b6a4       0x6c c:/altera/14.1/nios2eds/bin/gnu/h-x86_64-mingw32/bin/../lib/gcc/nios2-elf/4.8.3/../../../../../H-x86_64-mingw32/nios2-elf/lib\libsmallc.a(lib_a-memmove.o)
                0x000000000008b6a4                memmove
 .text          0x000000000008b710       0x58 c:/altera/14.1/nios2eds/bin/gnu/h-x86_64-mingw32/bin/../lib/gcc/nios2-elf/4.8.3/../../../../../H-x86_64-mingw32/nios2-elf/lib\libsmallc.a(lib_a-writer.o)
                0x000000000008b710                _write_r
 .text          0x000000000008b768       0x94 ../LT24_Painter_bsp/\libhal_bsp.a(alt_alarm_start.o)
                0x000000000008b768                alt_alarm_start
 .text          0x000000000008b7fc       0x9c ../LT24_Painter_bsp/\libhal_bsp.a(alt_iic.o)
                0x000000000008b7fc                alt_ic_isr_register
                0x000000000008b800                alt_ic_irq_enable
                0x000000000008b840                alt_ic_irq_disable
                0x000000000008b880                alt_ic_irq_enabled
 .text          0x000000000008b898       0x78 ../LT24_Painter_bsp/\libhal_bsp.a(alt_iic_isr_register.o)
                0x000000000008b898                alt_iic_isr_register
 .text          0x000000000008b910        0x0 ../LT24_Painter_bsp/\libhal_bsp.a(alt_irq_entry.o)
 .text          0x000000000008b910        0x0 ../LT24_Painter_bsp/\libhal_bsp.a(alt_irq_handler.o)
 .text          0x000000000008b910        0x0 ../LT24_Painter_bsp/\libhal_bsp.a(alt_irq_vars.o)
 .text          0x000000000008b910       0xcc ../LT24_Painter_bsp/\libhal_bsp.a(alt_load.o)
                0x000000000008b910                alt_load
 .text          0x000000000008b9dc       0x60 ../LT24_Painter_bsp/\libhal_bsp.a(alt_main.o)
                0x000000000008b9dc                alt_main
 .text          0x000000000008ba3c        0x8 ../LT24_Painter_bsp/\libhal_bsp.a(alt_malloc_lock.o)
                0x000000000008ba3c                __malloc_lock
                0x000000000008ba40                __malloc_unlock
 .text          0x000000000008ba44       0x4c ../LT24_Painter_bsp/\libhal_bsp.a(alt_sbrk.o)
                0x000000000008ba44                sbrk
 .text          0x000000000008ba90      0x12c ../LT24_Painter_bsp/\libhal_bsp.a(alt_tick.o)
                0x000000000008ba90                alt_alarm_stop
                0x000000000008bac4                alt_tick
 .text          0x000000000008bbbc        0x4 ../LT24_Painter_bsp/\libhal_bsp.a(alt_usleep.o)
                0x000000000008bbbc                usleep
 .text          0x000000000008bbc0       0xe4 ../LT24_Painter_bsp/\libhal_bsp.a(alt_write.o)
                0x000000000008bbc0                write
 .text          0x000000000008bca4       0x78 ../LT24_Painter_bsp/\libhal_bsp.a(alt_sys_init.o)
                0x000000000008bca4                alt_irq_init
                0x000000000008bcc4                alt_sys_init
 .text          0x000000000008bd1c       0x3c ../LT24_Painter_bsp/\libhal_bsp.a(altera_avalon_jtag_uart_fd.o)
                0x000000000008bd1c                altera_avalon_jtag_uart_read_fd
                0x000000000008bd2c                altera_avalon_jtag_uart_write_fd
                0x000000000008bd3c                altera_avalon_jtag_uart_close_fd
                0x000000000008bd4c                altera_avalon_jtag_uart_ioctl_fd
 .text          0x000000000008bd58      0x22c ../LT24_Painter_bsp/\libhal_bsp.a(altera_avalon_jtag_uart_init.o)
                0x000000000008beb4                altera_avalon_jtag_uart_init
                0x000000000008bf34                altera_avalon_jtag_uart_close
 .text          0x000000000008bf84       0x74 ../LT24_Painter_bsp/\libhal_bsp.a(altera_avalon_jtag_uart_ioctl.o)
                0x000000000008bf84                altera_avalon_jtag_uart_ioctl
 .text          0x000000000008bff8      0x13c ../LT24_Painter_bsp/\libhal_bsp.a(altera_avalon_jtag_uart_read.o)
                0x000000000008bff8                altera_avalon_jtag_uart_read
 .text          0x000000000008c134      0x188 ../LT24_Painter_bsp/\libhal_bsp.a(altera_avalon_jtag_uart_write.o)
                0x000000000008c134                altera_avalon_jtag_uart_write
 .text          0x000000000008c2bc       0xe8 ../LT24_Painter_bsp/\libhal_bsp.a(altera_avalon_spi.o)
                0x000000000008c2bc                alt_avalon_spi_command
 .text          0x000000000008c3a4       0x8c ../LT24_Painter_bsp/\libhal_bsp.a(altera_avalon_timer_sc.o)
                0x000000000008c3e0                alt_avalon_timer_sc_init
 .text          0x000000000008c430        0x8 ../LT24_Painter_bsp/\libhal_bsp.a(alt_busy_sleep.o)
                0x000000000008c430                alt_busy_sleep
 .text          0x000000000008c438       0xe0 ../LT24_Painter_bsp/\libhal_bsp.a(alt_close.o)
                0x000000000008c438                close
 .text          0x000000000008c518       0x18 ../LT24_Painter_bsp/\libhal_bsp.a(alt_dcache_flush_all.o)
                0x000000000008c518                alt_dcache_flush_all
 .text          0x000000000008c530        0x8 ../LT24_Painter_bsp/\libhal_bsp.a(alt_dev.o)
 .text          0x000000000008c538       0x78 ../LT24_Painter_bsp/\libhal_bsp.a(alt_dev_llist_insert.o)
                0x000000000008c538                alt_dev_llist_insert
 .text          0x000000000008c5b0       0x64 ../LT24_Painter_bsp/\libhal_bsp.a(alt_do_ctors.o)
                0x000000000008c5b0                _do_ctors
 .text          0x000000000008c614       0x64 ../LT24_Painter_bsp/\libhal_bsp.a(alt_do_dtors.o)
                0x000000000008c614                _do_dtors
 .text          0x000000000008c678        0x0 ../LT24_Painter_bsp/\libhal_bsp.a(alt_errno.o)
 .text          0x000000000008c678        0x0 ../LT24_Painter_bsp/\libhal_bsp.a(alt_exception_entry.o)
 .text          0x000000000008c678        0xc ../LT24_Painter_bsp/\libhal_bsp.a(alt_icache_flush_all.o)
                0x000000000008c678                alt_icache_flush_all
 .text          0x000000000008c684      0x104 ../LT24_Painter_bsp/\libhal_bsp.a(alt_io_redirect.o)
                0x000000000008c684                alt_io_redirect
 .text          0x000000000008c788      0x17c ../LT24_Painter_bsp/\libhal_bsp.a(alt_open.o)
                0x000000000008c788                open
 .text          0x000000000008c904       0x24 ../LT24_Painter_bsp/\libhal_bsp.a(alt_release_fd.o)
                0x000000000008c904                alt_release_fd
 .text          0x000000000008c928        0x8 ../LT24_Painter_bsp/\libhal_bsp.a(altera_nios2_qsys_irq.o)
                0x000000000008c928                altera_nios2_qsys_irq_init
 .text          0x000000000008c930       0x90 ../LT24_Painter_bsp/\libhal_bsp.a(alt_find_dev.o)
                0x000000000008c930                alt_find_dev
 .text          0x000000000008c9c0       0xcc ../LT24_Painter_bsp/\libhal_bsp.a(alt_find_file.o)
                0x000000000008c9c0                alt_find_file
 .text          0x000000000008ca8c       0x50 ../LT24_Painter_bsp/\libhal_bsp.a(alt_get_fd.o)
                0x000000000008ca8c                alt_get_fd
 .text          0x000000000008cadc       0x50 ../LT24_Painter_bsp/\libhal_bsp.a(alt_icache_flush.o)
                0x000000000008cadc                alt_icache_flush
 .text          0x000000000008cb2c       0x14 c:/altera/14.1/nios2eds/bin/gnu/h-x86_64-mingw32/bin/../lib/gcc/nios2-elf/4.8.3/../../../../../H-x86_64-mingw32/nios2-elf/lib\libsmallc.a(lib_a-atexit.o)
                0x000000000008cb2c                atexit
 .text          0x000000000008cb40       0x20 c:/altera/14.1/nios2eds/bin/gnu/h-x86_64-mingw32/bin/../lib/gcc/nios2-elf/4.8.3/../../../../../H-x86_64-mingw32/nios2-elf/lib\libsmallc.a(lib_a-exit.o)
                0x000000000008cb40                exit
 .text          0x000000000008cb60       0x30 c:/altera/14.1/nios2eds/bin/gnu/h-x86_64-mingw32/bin/../lib/gcc/nios2-elf/4.8.3/../../../../../H-x86_64-mingw32/nios2-elf/lib\libsmallc.a(lib_a-memcmp.o)
                0x000000000008cb60                memcmp
 .text          0x000000000008cb90      0x144 c:/altera/14.1/nios2eds/bin/gnu/h-x86_64-mingw32/bin/../lib/gcc/nios2-elf/4.8.3/../../../../../H-x86_64-mingw32/nios2-elf/lib\libsmallc.a(lib_a-__atexit.o)
                0x000000000008cb90                __register_exitproc
 .text          0x000000000008ccd4      0x198 c:/altera/14.1/nios2eds/bin/gnu/h-x86_64-mingw32/bin/../lib/gcc/nios2-elf/4.8.3/../../../../../H-x86_64-mingw32/nios2-elf/lib\libsmallc.a(lib_a-__call_atexit.o)
                0x000000000008ccd4                __call_exitprocs
 .text          0x000000000008ce6c       0x14 ../LT24_Painter_bsp/\libhal_bsp.a(alt_exit.o)
                0x000000000008ce6c                _exit
 *(.gnu.warning.*)
 *(.fini)
                0x000000000008ce80                PROVIDE (__etext, ABSOLUTE (.))
                0x000000000008ce80                PROVIDE (_etext, ABSOLUTE (.))
                0x000000000008ce80                PROVIDE (etext, ABSOLUTE (.))
 *(.eh_frame_hdr)
                0x000000000008ce80                . = ALIGN (0x4)
                0x000000000008ce80                PROVIDE (__preinit_array_start, ABSOLUTE (.))
 *(.preinit_array)
                0x000000000008ce80                PROVIDE (__preinit_array_end, ABSOLUTE (.))
                0x000000000008ce80                PROVIDE (__init_array_start, ABSOLUTE (.))
 *(.init_array)
                0x000000000008ce80                PROVIDE (__init_array_end, ABSOLUTE (.))
                0x000000000008ce80                PROVIDE (__fini_array_start, ABSOLUTE (.))
 *(.fini_array)
                0x000000000008ce80                PROVIDE (__fini_array_end, ABSOLUTE (.))
 *(.eh_frame)
 *(.gcc_except_table .gcc_except_table.*)
 *(.dynamic)
                0x000000000008ce80                PROVIDE (__CTOR_LIST__, ABSOLUTE (.))
 *(.ctors)
 *(SORT(.ctors.*))
                0x000000000008ce80                PROVIDE (__CTOR_END__, ABSOLUTE (.))
                0x000000000008ce80                PROVIDE (__DTOR_LIST__, ABSOLUTE (.))
 *(.dtors)
 *(SORT(.dtors.*))
                0x000000000008ce80                PROVIDE (__DTOR_END__, ABSOLUTE (.))
 *(.jcr)
                0x000000000008ce80                . = ALIGN (0x4)

.rodata         0x000000000008ce80    0x1a160
                0x000000000008ce80                PROVIDE (__ram_rodata_start, ABSOLUTE (.))
                0x000000000008ce80                . = ALIGN (0x4)
 *(.rodata .rodata.* .gnu.linkonce.r.*)
 .rodata        0x000000000008ce80     0x77f2 obj/default/fonts/tahomabold_20.o
 .rodata        0x0000000000094672    0x12520 obj/default/fonts/tahomabold_32.o
 *fill*         0x00000000000a6b92        0x2 
 .rodata        0x00000000000a6b94       0x58 obj/default/graphic_lib/simple_graphics.o
 .rodata        0x00000000000a6bec       0x28 obj/default/graphic_lib/simple_text.o
 .rodata        0x00000000000a6c14       0x2c obj/default/gui.o
 .rodata        0x00000000000a6c40       0x34 obj/default/gui_vpg.o
 .rodata        0x00000000000a6c74       0x40 obj/default/main.o
 .rodata        0x00000000000a6cb4      0x1f4 obj/default/terasic_lib/I2C.o
 .rodata        0x00000000000a6ea8       0x10 obj/default/terasic_lib/debug.o
 .rodata.str1.4
                0x00000000000a6eb8        0x5 c:/altera/14.1/nios2eds/bin/gnu/h-x86_64-mingw32/bin/../lib/gcc/nios2-elf/4.8.3/../../../../../H-x86_64-mingw32/nios2-elf/lib\libm.a(lib_a-w_sqrt.o)
                                          0x8 (size before relaxing)
 .rodata        0x00000000000a6ebd      0x100 c:/altera/14.1/nios2eds/bin/gnu/h-x86_64-mingw32/bin/../lib/gcc/nios2-elf/4.8.3\libgcc.a(_clz.o)
                0x00000000000a6ebd                __clz_tab
 *fill*         0x00000000000a6fbd        0x3 
 .rodata.str1.4
                0x00000000000a6fc0        0x2 c:/altera/14.1/nios2eds/bin/gnu/h-x86_64-mingw32/bin/../lib/gcc/nios2-elf/4.8.3/../../../../../H-x86_64-mingw32/nios2-elf/lib\libsmallc.a(lib_a-puts.o)
                                          0x4 (size before relaxing)
 *fill*         0x00000000000a6fc2        0x2 
 .rodata.str1.4
                0x00000000000a6fc4        0xf ../LT24_Painter_bsp/\libhal_bsp.a(alt_main.o)
                                         0x10 (size before relaxing)
 .rodata.str1.4
                0x0000000000000000       0x10 ../LT24_Painter_bsp/\libhal_bsp.a(alt_sys_init.o)
 *fill*         0x00000000000a6fd3        0x1 
 .rodata.str1.4
                0x00000000000a6fd4        0xc ../LT24_Painter_bsp/\libhal_bsp.a(alt_dev.o)
 *(.rodata1)
                0x00000000000a6fe0                . = ALIGN (0x4)
                0x00000000000a6fe0                PROVIDE (__ram_rodata_end, ABSOLUTE (.))
                0x000000000008ce80                PROVIDE (__flash_rodata_start, LOADADDR (.rodata))

.rwdata         0x00000000000a6fe0     0x32e0 load address 0x00000000000aa2c0
                0x00000000000a6fe0                PROVIDE (__ram_rwdata_start, ABSOLUTE (.))
                0x00000000000a6fe0                . = ALIGN (0x4)
 *(.got.plt)
 *(.got)
 *(.data1)
 *(.data .data.* .gnu.linkonce.d.*)
 .data          0x00000000000a6fe0        0x0 ../LT24_Painter_bsp//obj/HAL/src/crt0.o
 .data          0x00000000000a6fe0      0xbc0 obj/default/fonts/tahomabold_20.o
                0x00000000000a6fe0                tahomabold_20
 .data          0x00000000000a7ba0      0xbc0 obj/default/fonts/tahomabold_32.o
                0x00000000000a7ba0                tahomabold_32
 .data          0x00000000000a8760        0x0 obj/default/geometry.o
 .data          0x00000000000a8760        0x0 obj/default/graphic_lib/ILI9341.o
 .data          0x00000000000a8760      0x415 obj/default/graphic_lib/simple_graphics.o
                0x00000000000a8760                cour10_font_array
 .data          0x00000000000a8b75        0x0 obj/default/graphic_lib/simple_text.o
 *fill*         0x00000000000a8b75        0x3 
 .data          0x00000000000a8b78       0x14 obj/default/gui.o
                0x00000000000a8b78                szPallete
 .data          0x00000000000a8b8c        0x0 obj/default/gui_vpg.o
 .data          0x00000000000a8b8c        0x0 obj/default/main.o
 .data          0x00000000000a8b8c        0x0 obj/default/terasic_lib/I2C.o
 .data          0x00000000000a8b8c        0x0 obj/default/terasic_lib/debug.o
 .data          0x00000000000a8b8c        0x0 obj/default/terasic_lib/queue.o
 .data          0x00000000000a8b8c        0x0 obj/default/terasic_lib/touch_spi.o
 .data          0x00000000000a8b8c        0x0 c:/altera/14.1/nios2eds/bin/gnu/h-x86_64-mingw32/bin/../lib/gcc/nios2-elf/4.8.3/../../../../../H-x86_64-mingw32/nios2-elf/lib\libm.a(lib_a-w_sqrt.o)
 .data          0x00000000000a8b8c        0x0 c:/altera/14.1/nios2eds/bin/gnu/h-x86_64-mingw32/bin/../lib/gcc/nios2-elf/4.8.3/../../../../../H-x86_64-mingw32/nios2-elf/lib\libm.a(lib_a-e_sqrt.o)
 .data          0x00000000000a8b8c        0x0 c:/altera/14.1/nios2eds/bin/gnu/h-x86_64-mingw32/bin/../lib/gcc/nios2-elf/4.8.3/../../../../../H-x86_64-mingw32/nios2-elf/lib\libm.a(lib_a-s_fpclassify.o)
 .data          0x00000000000a8b8c        0x0 c:/altera/14.1/nios2eds/bin/gnu/h-x86_64-mingw32/bin/../lib/gcc/nios2-elf/4.8.3/../../../../../H-x86_64-mingw32/nios2-elf/lib\libm.a(lib_a-s_lib_ver.o)
 .data          0x00000000000a8b8c        0x0 c:/altera/14.1/nios2eds/bin/gnu/h-x86_64-mingw32/bin/../lib/gcc/nios2-elf/4.8.3/../../../../../H-x86_64-mingw32/nios2-elf/lib\libm.a(lib_a-s_matherr.o)
 .data          0x00000000000a8b8c        0x0 c:/altera/14.1/nios2eds/bin/gnu/h-x86_64-mingw32/bin/../lib/gcc/nios2-elf/4.8.3\libgcc.a(lib2-divmod.o)
 .data          0x00000000000a8b8c        0x0 c:/altera/14.1/nios2eds/bin/gnu/h-x86_64-mingw32/bin/../lib/gcc/nios2-elf/4.8.3\libgcc.a(adddf3.o)
 .data          0x00000000000a8b8c        0x0 c:/altera/14.1/nios2eds/bin/gnu/h-x86_64-mingw32/bin/../lib/gcc/nios2-elf/4.8.3\libgcc.a(divdf3.o)
 .data          0x00000000000a8b8c        0x0 c:/altera/14.1/nios2eds/bin/gnu/h-x86_64-mingw32/bin/../lib/gcc/nios2-elf/4.8.3\libgcc.a(ledf2.o)
 .data          0x00000000000a8b8c        0x0 c:/altera/14.1/nios2eds/bin/gnu/h-x86_64-mingw32/bin/../lib/gcc/nios2-elf/4.8.3\libgcc.a(muldf3.o)
 .data          0x00000000000a8b8c        0x0 c:/altera/14.1/nios2eds/bin/gnu/h-x86_64-mingw32/bin/../lib/gcc/nios2-elf/4.8.3\libgcc.a(subdf3.o)
 .data          0x00000000000a8b8c        0x0 c:/altera/14.1/nios2eds/bin/gnu/h-x86_64-mingw32/bin/../lib/gcc/nios2-elf/4.8.3\libgcc.a(fixdfsi.o)
 .data          0x00000000000a8b8c        0x0 c:/altera/14.1/nios2eds/bin/gnu/h-x86_64-mingw32/bin/../lib/gcc/nios2-elf/4.8.3\libgcc.a(floatsidf.o)
 .data          0x00000000000a8b8c        0x0 c:/altera/14.1/nios2eds/bin/gnu/h-x86_64-mingw32/bin/../lib/gcc/nios2-elf/4.8.3\libgcc.a(_clzsi2.o)
 .data          0x00000000000a8b8c        0x0 c:/altera/14.1/nios2eds/bin/gnu/h-x86_64-mingw32/bin/../lib/gcc/nios2-elf/4.8.3\libgcc.a(_clz.o)
 .data          0x00000000000a8b8c        0x0 c:/altera/14.1/nios2eds/bin/gnu/h-x86_64-mingw32/bin/../lib/gcc/nios2-elf/4.8.3/../../../../../H-x86_64-mingw32/nios2-elf/lib\libsmallc.a(lib_a-errno.o)
 .data          0x00000000000a8b8c       0xe0 c:/altera/14.1/nios2eds/bin/gnu/h-x86_64-mingw32/bin/../lib/gcc/nios2-elf/4.8.3/../../../../../H-x86_64-mingw32/nios2-elf/lib\libsmallc.a(lib_a-impure.o)
 .data          0x00000000000a8c6c        0x0 c:/altera/14.1/nios2eds/bin/gnu/h-x86_64-mingw32/bin/../lib/gcc/nios2-elf/4.8.3/../../../../../H-x86_64-mingw32/nios2-elf/lib\libsmallc.a(lib_a-malloc.o)
 .data          0x00000000000a8c6c      0x408 c:/altera/14.1/nios2eds/bin/gnu/h-x86_64-mingw32/bin/../lib/gcc/nios2-elf/4.8.3/../../../../../H-x86_64-mingw32/nios2-elf/lib\libsmallc.a(lib_a-mallocr.o)
                0x00000000000a8c6c                __malloc_av_
 .data          0x00000000000a9074        0x0 c:/altera/14.1/nios2eds/bin/gnu/h-x86_64-mingw32/bin/../lib/gcc/nios2-elf/4.8.3/../../../../../H-x86_64-mingw32/nios2-elf/lib\libsmallc.a(lib_a-memcpy.o)
 .data          0x00000000000a9074        0x0 c:/altera/14.1/nios2eds/bin/gnu/h-x86_64-mingw32/bin/../lib/gcc/nios2-elf/4.8.3/../../../../../H-x86_64-mingw32/nios2-elf/lib\libsmallc.a(lib_a-memset.o)
 .data          0x00000000000a9074        0x0 c:/altera/14.1/nios2eds/bin/gnu/h-x86_64-mingw32/bin/../lib/gcc/nios2-elf/4.8.3/../../../../../H-x86_64-mingw32/nios2-elf/lib\libsmallc.a(lib_a-printf.o)
 .data          0x00000000000a9074        0x0 c:/altera/14.1/nios2eds/bin/gnu/h-x86_64-mingw32/bin/../lib/gcc/nios2-elf/4.8.3/../../../../../H-x86_64-mingw32/nios2-elf/lib\libsmallc.a(lib_a-puts.o)
 .data          0x00000000000a9074        0x0 c:/altera/14.1/nios2eds/bin/gnu/h-x86_64-mingw32/bin/../lib/gcc/nios2-elf/4.8.3/../../../../../H-x86_64-mingw32/nios2-elf/lib\libsmallc.a(lib_a-sbrkr.o)
 .data          0x00000000000a9074        0x0 c:/altera/14.1/nios2eds/bin/gnu/h-x86_64-mingw32/bin/../lib/gcc/nios2-elf/4.8.3/../../../../../H-x86_64-mingw32/nios2-elf/lib\libsmallc.a(lib_a-sprintf.o)
 .data          0x00000000000a9074        0x0 c:/altera/14.1/nios2eds/bin/gnu/h-x86_64-mingw32/bin/../lib/gcc/nios2-elf/4.8.3/../../../../../H-x86_64-mingw32/nios2-elf/lib\libsmallc.a(lib_a-strcpy.o)
 .data          0x00000000000a9074        0x0 c:/altera/14.1/nios2eds/bin/gnu/h-x86_64-mingw32/bin/../lib/gcc/nios2-elf/4.8.3/../../../../../H-x86_64-mingw32/nios2-elf/lib\libsmallc.a(lib_a-strlen.o)
 .data          0x00000000000a9074        0x0 c:/altera/14.1/nios2eds/bin/gnu/h-x86_64-mingw32/bin/../lib/gcc/nios2-elf/4.8.3/../../../../../H-x86_64-mingw32/nios2-elf/lib\libsmallc.a(lib_a-svfprintf.o)
 .data          0x00000000000a9074        0x0 c:/altera/14.1/nios2eds/bin/gnu/h-x86_64-mingw32/bin/../lib/gcc/nios2-elf/4.8.3/../../../../../H-x86_64-mingw32/nios2-elf/lib\libsmallc.a(lib_a-vfprintf.o)
 .data          0x00000000000a9074        0x0 c:/altera/14.1/nios2eds/bin/gnu/h-x86_64-mingw32/bin/../lib/gcc/nios2-elf/4.8.3/../../../../../H-x86_64-mingw32/nios2-elf/lib\libsmallc.a(lib_a-vsnprintf.o)
 .data          0x00000000000a9074        0x0 c:/altera/14.1/nios2eds/bin/gnu/h-x86_64-mingw32/bin/../lib/gcc/nios2-elf/4.8.3/../../../../../H-x86_64-mingw32/nios2-elf/lib\libsmallc.a(lib_a-freer.o)
 .data          0x00000000000a9074        0x0 c:/altera/14.1/nios2eds/bin/gnu/h-x86_64-mingw32/bin/../lib/gcc/nios2-elf/4.8.3/../../../../../H-x86_64-mingw32/nios2-elf/lib\libsmallc.a(lib_a-fvwrite_small_dev.o)
 .data          0x00000000000a9074        0x0 c:/altera/14.1/nios2eds/bin/gnu/h-x86_64-mingw32/bin/../lib/gcc/nios2-elf/4.8.3/../../../../../H-x86_64-mingw32/nios2-elf/lib\libsmallc.a(lib_a-fvwrite_small_str.o)
 .data          0x00000000000a9074        0x0 c:/altera/14.1/nios2eds/bin/gnu/h-x86_64-mingw32/bin/../lib/gcc/nios2-elf/4.8.3/../../../../../H-x86_64-mingw32/nios2-elf/lib\libsmallc.a(lib_a-int_errno.o)
 .data          0x00000000000a9074        0x0 c:/altera/14.1/nios2eds/bin/gnu/h-x86_64-mingw32/bin/../lib/gcc/nios2-elf/4.8.3/../../../../../H-x86_64-mingw32/nios2-elf/lib\libsmallc.a(lib_a-memmove.o)
 .data          0x00000000000a9074        0x0 c:/altera/14.1/nios2eds/bin/gnu/h-x86_64-mingw32/bin/../lib/gcc/nios2-elf/4.8.3/../../../../../H-x86_64-mingw32/nios2-elf/lib\libsmallc.a(lib_a-writer.o)
 .data          0x00000000000a9074        0x0 ../LT24_Painter_bsp/\libhal_bsp.a(alt_alarm_start.o)
 .data          0x00000000000a9074        0x0 ../LT24_Painter_bsp/\libhal_bsp.a(alt_iic.o)
 .data          0x00000000000a9074        0x0 ../LT24_Painter_bsp/\libhal_bsp.a(alt_iic_isr_register.o)
 .data          0x00000000000a9074        0x0 ../LT24_Painter_bsp/\libhal_bsp.a(alt_irq_entry.o)
 .data          0x00000000000a9074        0x0 ../LT24_Painter_bsp/\libhal_bsp.a(alt_irq_handler.o)
 .data          0x00000000000a9074        0x0 ../LT24_Painter_bsp/\libhal_bsp.a(alt_irq_vars.o)
 .data          0x00000000000a9074        0x0 ../LT24_Painter_bsp/\libhal_bsp.a(alt_load.o)
 .data          0x00000000000a9074        0x0 ../LT24_Painter_bsp/\libhal_bsp.a(alt_main.o)
 .data          0x00000000000a9074        0x0 ../LT24_Painter_bsp/\libhal_bsp.a(alt_malloc_lock.o)
 .data          0x00000000000a9074        0x0 ../LT24_Painter_bsp/\libhal_bsp.a(alt_sbrk.o)
 .data          0x00000000000a9074        0x0 ../LT24_Painter_bsp/\libhal_bsp.a(alt_tick.o)
 .data          0x00000000000a9074        0x0 ../LT24_Painter_bsp/\libhal_bsp.a(alt_usleep.o)
 .data          0x00000000000a9074        0x0 ../LT24_Painter_bsp/\libhal_bsp.a(alt_write.o)
 .data          0x00000000000a9074     0x1060 ../LT24_Painter_bsp/\libhal_bsp.a(alt_sys_init.o)
 .data          0x00000000000aa0d4        0x0 ../LT24_Painter_bsp/\libhal_bsp.a(altera_avalon_jtag_uart_fd.o)
 .data          0x00000000000aa0d4        0x0 ../LT24_Painter_bsp/\libhal_bsp.a(altera_avalon_jtag_uart_init.o)
 .data          0x00000000000aa0d4        0x0 ../LT24_Painter_bsp/\libhal_bsp.a(altera_avalon_jtag_uart_ioctl.o)
 .data          0x00000000000aa0d4        0x0 ../LT24_Painter_bsp/\libhal_bsp.a(altera_avalon_jtag_uart_read.o)
 .data          0x00000000000aa0d4        0x0 ../LT24_Painter_bsp/\libhal_bsp.a(altera_avalon_jtag_uart_write.o)
 .data          0x00000000000aa0d4        0x0 ../LT24_Painter_bsp/\libhal_bsp.a(altera_avalon_spi.o)
 .data          0x00000000000aa0d4        0x0 ../LT24_Painter_bsp/\libhal_bsp.a(altera_avalon_timer_sc.o)
 .data          0x00000000000aa0d4        0x0 ../LT24_Painter_bsp/\libhal_bsp.a(alt_busy_sleep.o)
 .data          0x00000000000aa0d4        0x0 ../LT24_Painter_bsp/\libhal_bsp.a(alt_close.o)
 .data          0x00000000000aa0d4        0x0 ../LT24_Painter_bsp/\libhal_bsp.a(alt_dcache_flush_all.o)
 .data          0x00000000000aa0d4      0x1a8 ../LT24_Painter_bsp/\libhal_bsp.a(alt_dev.o)
                0x00000000000aa0d4                alt_fd_list
                0x00000000000aa254                alt_dev_null
 .data          0x00000000000aa27c        0x0 ../LT24_Painter_bsp/\libhal_bsp.a(alt_dev_llist_insert.o)
 .data          0x00000000000aa27c        0x0 ../LT24_Painter_bsp/\libhal_bsp.a(alt_do_ctors.o)
 .data          0x00000000000aa27c        0x0 ../LT24_Painter_bsp/\libhal_bsp.a(alt_do_dtors.o)
 .data          0x00000000000aa27c        0x0 ../LT24_Painter_bsp/\libhal_bsp.a(alt_errno.o)
 .data          0x00000000000aa27c        0x0 ../LT24_Painter_bsp/\libhal_bsp.a(alt_exception_entry.o)
 .data          0x00000000000aa27c        0x0 ../LT24_Painter_bsp/\libhal_bsp.a(alt_icache_flush_all.o)
 .data          0x00000000000aa27c        0x0 ../LT24_Painter_bsp/\libhal_bsp.a(alt_io_redirect.o)
 .data          0x00000000000aa27c        0x0 ../LT24_Painter_bsp/\libhal_bsp.a(alt_open.o)
 .data          0x00000000000aa27c        0x0 ../LT24_Painter_bsp/\libhal_bsp.a(alt_release_fd.o)
 .data          0x00000000000aa27c        0x0 ../LT24_Painter_bsp/\libhal_bsp.a(altera_nios2_qsys_irq.o)
 .data          0x00000000000aa27c        0x0 ../LT24_Painter_bsp/\libhal_bsp.a(alt_find_dev.o)
 .data          0x00000000000aa27c        0x0 ../LT24_Painter_bsp/\libhal_bsp.a(alt_find_file.o)
 .data          0x00000000000aa27c        0x0 ../LT24_Painter_bsp/\libhal_bsp.a(alt_get_fd.o)
 .data          0x00000000000aa27c        0x0 ../LT24_Painter_bsp/\libhal_bsp.a(alt_icache_flush.o)
 .data          0x00000000000aa27c        0x0 c:/altera/14.1/nios2eds/bin/gnu/h-x86_64-mingw32/bin/../lib/gcc/nios2-elf/4.8.3/../../../../../H-x86_64-mingw32/nios2-elf/lib\libsmallc.a(lib_a-atexit.o)
 .data          0x00000000000aa27c        0x0 c:/altera/14.1/nios2eds/bin/gnu/h-x86_64-mingw32/bin/../lib/gcc/nios2-elf/4.8.3/../../../../../H-x86_64-mingw32/nios2-elf/lib\libsmallc.a(lib_a-exit.o)
 .data          0x00000000000aa27c        0x0 c:/altera/14.1/nios2eds/bin/gnu/h-x86_64-mingw32/bin/../lib/gcc/nios2-elf/4.8.3/../../../../../H-x86_64-mingw32/nios2-elf/lib\libsmallc.a(lib_a-memcmp.o)
 .data          0x00000000000aa27c        0x0 c:/altera/14.1/nios2eds/bin/gnu/h-x86_64-mingw32/bin/../lib/gcc/nios2-elf/4.8.3/../../../../../H-x86_64-mingw32/nios2-elf/lib\libsmallc.a(lib_a-__atexit.o)
 .data          0x00000000000aa27c        0x0 c:/altera/14.1/nios2eds/bin/gnu/h-x86_64-mingw32/bin/../lib/gcc/nios2-elf/4.8.3/../../../../../H-x86_64-mingw32/nios2-elf/lib\libsmallc.a(lib_a-__call_atexit.o)
 .data          0x00000000000aa27c        0x0 ../LT24_Painter_bsp/\libhal_bsp.a(alt_exit.o)
                0x00000000000b227c                _gp = ABSOLUTE ((. + 0x8000))
                0x00000000000b227c                PROVIDE (gp, _gp)
 *(.rwdata .rwdata.*)
 *(.sdata .sdata.* .gnu.linkonce.s.*)
 .sdata         0x00000000000aa27c        0x4 obj/default/graphic_lib/simple_graphics.o
                0x00000000000aa27c                cour10_font
 .sdata         0x00000000000aa280        0x4 obj/default/gui.o
 .sdata         0x00000000000aa284        0x4 c:/altera/14.1/nios2eds/bin/gnu/h-x86_64-mingw32/bin/../lib/gcc/nios2-elf/4.8.3/../../../../../H-x86_64-mingw32/nios2-elf/lib\libm.a(lib_a-s_lib_ver.o)
                0x00000000000aa284                __fdlib_version
 .sdata         0x00000000000aa288        0x8 c:/altera/14.1/nios2eds/bin/gnu/h-x86_64-mingw32/bin/../lib/gcc/nios2-elf/4.8.3/../../../../../H-x86_64-mingw32/nios2-elf/lib\libsmallc.a(lib_a-impure.o)
                0x00000000000aa288                _global_impure_ptr
                0x00000000000aa28c                _impure_ptr
 .sdata         0x00000000000aa290        0x8 c:/altera/14.1/nios2eds/bin/gnu/h-x86_64-mingw32/bin/../lib/gcc/nios2-elf/4.8.3/../../../../../H-x86_64-mingw32/nios2-elf/lib\libsmallc.a(lib_a-mallocr.o)
                0x00000000000aa290                __malloc_sbrk_base
                0x00000000000aa294                __malloc_trim_threshold
 .sdata         0x00000000000aa298        0x4 ../LT24_Painter_bsp/\libhal_bsp.a(alt_irq_vars.o)
                0x00000000000aa298                alt_priority_mask
 .sdata         0x00000000000aa29c        0x4 ../LT24_Painter_bsp/\libhal_bsp.a(alt_sbrk.o)
 .sdata         0x00000000000aa2a0        0x8 ../LT24_Painter_bsp/\libhal_bsp.a(alt_tick.o)
                0x00000000000aa2a0                alt_alarm_list
 .sdata         0x00000000000aa2a8       0x14 ../LT24_Painter_bsp/\libhal_bsp.a(alt_dev.o)
                0x00000000000aa2a8                alt_max_fd
                0x00000000000aa2ac                alt_dev_list
                0x00000000000aa2b4                alt_fs_list
 .sdata         0x00000000000aa2bc        0x4 ../LT24_Painter_bsp/\libhal_bsp.a(alt_errno.o)
                0x00000000000aa2bc                alt_errno
 *(.sdata2 .sdata2.* .gnu.linkonce.s2.*)
                0x00000000000aa2c0                . = ALIGN (0x4)
                0x00000000000aa2c0                _edata = ABSOLUTE (.)
                0x00000000000aa2c0                PROVIDE (edata, ABSOLUTE (.))
                0x00000000000aa2c0                PROVIDE (__ram_rwdata_end, ABSOLUTE (.))
                0x00000000000aa2c0                PROVIDE (__flash_rwdata_start, LOADADDR (.rwdata))

.bss            0x00000000000ad5a0      0x154
                0x00000000000ad5a0                __bss_start = ABSOLUTE (.)
                0x00000000000ad5a0                PROVIDE (__sbss_start, ABSOLUTE (.))
                0x00000000000ad5a0                PROVIDE (___sbss_start, ABSOLUTE (.))
 *(.dynsbss)
 *(.sbss .sbss.* .gnu.linkonce.sb.*)
 .sbss          0x00000000000ad5a0        0x4 obj/default/gui.o
 .sbss          0x00000000000ad5a4        0xc c:/altera/14.1/nios2eds/bin/gnu/h-x86_64-mingw32/bin/../lib/gcc/nios2-elf/4.8.3/../../../../../H-x86_64-mingw32/nios2-elf/lib\libsmallc.a(lib_a-mallocr.o)
                0x00000000000ad5a4                __malloc_max_total_mem
                0x00000000000ad5a8                __malloc_max_sbrked_mem
                0x00000000000ad5ac                __malloc_top_pad
 .sbss          0x00000000000ad5b0        0x4 c:/altera/14.1/nios2eds/bin/gnu/h-x86_64-mingw32/bin/../lib/gcc/nios2-elf/4.8.3/../../../../../H-x86_64-mingw32/nios2-elf/lib\libsmallc.a(lib_a-int_errno.o)
                0x00000000000ad5b0                errno
 .sbss          0x00000000000ad5b4        0x4 ../LT24_Painter_bsp/\libhal_bsp.a(alt_irq_vars.o)
                0x00000000000ad5b4                alt_irq_active
 .sbss          0x00000000000ad5b8        0xc ../LT24_Painter_bsp/\libhal_bsp.a(alt_main.o)
                0x00000000000ad5b8                alt_envp
                0x00000000000ad5bc                alt_argv
                0x00000000000ad5c0                alt_argc
 .sbss          0x00000000000ad5c4        0x8 ../LT24_Painter_bsp/\libhal_bsp.a(alt_tick.o)
                0x00000000000ad5c4                _alt_nticks
                0x00000000000ad5c8                _alt_tick_rate
 *(.sbss2 .sbss2.* .gnu.linkonce.sb2.*)
 *(.scommon)
                0x00000000000ad5cc                PROVIDE (__sbss_end, ABSOLUTE (.))
                0x00000000000ad5cc                PROVIDE (___sbss_end, ABSOLUTE (.))
 *(.dynbss)
 *(.bss .bss.* .gnu.linkonce.b.*)
 .bss           0x00000000000ad5cc        0x0 ../LT24_Painter_bsp//obj/HAL/src/crt0.o
 .bss           0x00000000000ad5cc        0x0 obj/default/fonts/tahomabold_20.o
 .bss           0x00000000000ad5cc        0x0 obj/default/fonts/tahomabold_32.o
 .bss           0x00000000000ad5cc        0x0 obj/default/geometry.o
 .bss           0x00000000000ad5cc        0x0 obj/default/graphic_lib/ILI9341.o
 .bss           0x00000000000ad5cc        0x0 obj/default/graphic_lib/simple_graphics.o
 .bss           0x00000000000ad5cc        0x0 obj/default/graphic_lib/simple_text.o
 .bss           0x00000000000ad5cc        0x0 obj/default/gui.o
 .bss           0x00000000000ad5cc        0x0 obj/default/gui_vpg.o
 .bss           0x00000000000ad5cc        0x0 obj/default/main.o
 .bss           0x00000000000ad5cc        0x0 obj/default/terasic_lib/I2C.o
 .bss           0x00000000000ad5cc        0x0 obj/default/terasic_lib/debug.o
 .bss           0x00000000000ad5cc        0x0 obj/default/terasic_lib/queue.o
 .bss           0x00000000000ad5cc        0x0 obj/default/terasic_lib/touch_spi.o
 .bss           0x00000000000ad5cc        0x0 c:/altera/14.1/nios2eds/bin/gnu/h-x86_64-mingw32/bin/../lib/gcc/nios2-elf/4.8.3/../../../../../H-x86_64-mingw32/nios2-elf/lib\libm.a(lib_a-w_sqrt.o)
 .bss           0x00000000000ad5cc        0x0 c:/altera/14.1/nios2eds/bin/gnu/h-x86_64-mingw32/bin/../lib/gcc/nios2-elf/4.8.3/../../../../../H-x86_64-mingw32/nios2-elf/lib\libm.a(lib_a-e_sqrt.o)
 .bss           0x00000000000ad5cc        0x0 c:/altera/14.1/nios2eds/bin/gnu/h-x86_64-mingw32/bin/../lib/gcc/nios2-elf/4.8.3/../../../../../H-x86_64-mingw32/nios2-elf/lib\libm.a(lib_a-s_fpclassify.o)
 .bss           0x00000000000ad5cc        0x0 c:/altera/14.1/nios2eds/bin/gnu/h-x86_64-mingw32/bin/../lib/gcc/nios2-elf/4.8.3/../../../../../H-x86_64-mingw32/nios2-elf/lib\libm.a(lib_a-s_lib_ver.o)
 .bss           0x00000000000ad5cc        0x0 c:/altera/14.1/nios2eds/bin/gnu/h-x86_64-mingw32/bin/../lib/gcc/nios2-elf/4.8.3/../../../../../H-x86_64-mingw32/nios2-elf/lib\libm.a(lib_a-s_matherr.o)
 .bss           0x00000000000ad5cc        0x0 c:/altera/14.1/nios2eds/bin/gnu/h-x86_64-mingw32/bin/../lib/gcc/nios2-elf/4.8.3\libgcc.a(lib2-divmod.o)
 .bss           0x00000000000ad5cc        0x0 c:/altera/14.1/nios2eds/bin/gnu/h-x86_64-mingw32/bin/../lib/gcc/nios2-elf/4.8.3\libgcc.a(adddf3.o)
 .bss           0x00000000000ad5cc        0x0 c:/altera/14.1/nios2eds/bin/gnu/h-x86_64-mingw32/bin/../lib/gcc/nios2-elf/4.8.3\libgcc.a(divdf3.o)
 .bss           0x00000000000ad5cc        0x0 c:/altera/14.1/nios2eds/bin/gnu/h-x86_64-mingw32/bin/../lib/gcc/nios2-elf/4.8.3\libgcc.a(ledf2.o)
 .bss           0x00000000000ad5cc        0x0 c:/altera/14.1/nios2eds/bin/gnu/h-x86_64-mingw32/bin/../lib/gcc/nios2-elf/4.8.3\libgcc.a(muldf3.o)
 .bss           0x00000000000ad5cc        0x0 c:/altera/14.1/nios2eds/bin/gnu/h-x86_64-mingw32/bin/../lib/gcc/nios2-elf/4.8.3\libgcc.a(subdf3.o)
 .bss           0x00000000000ad5cc        0x0 c:/altera/14.1/nios2eds/bin/gnu/h-x86_64-mingw32/bin/../lib/gcc/nios2-elf/4.8.3\libgcc.a(fixdfsi.o)
 .bss           0x00000000000ad5cc        0x0 c:/altera/14.1/nios2eds/bin/gnu/h-x86_64-mingw32/bin/../lib/gcc/nios2-elf/4.8.3\libgcc.a(floatsidf.o)
 .bss           0x00000000000ad5cc        0x0 c:/altera/14.1/nios2eds/bin/gnu/h-x86_64-mingw32/bin/../lib/gcc/nios2-elf/4.8.3\libgcc.a(_clzsi2.o)
 .bss           0x00000000000ad5cc        0x0 c:/altera/14.1/nios2eds/bin/gnu/h-x86_64-mingw32/bin/../lib/gcc/nios2-elf/4.8.3\libgcc.a(_clz.o)
 .bss           0x00000000000ad5cc        0x0 c:/altera/14.1/nios2eds/bin/gnu/h-x86_64-mingw32/bin/../lib/gcc/nios2-elf/4.8.3/../../../../../H-x86_64-mingw32/nios2-elf/lib\libsmallc.a(lib_a-errno.o)
 .bss           0x00000000000ad5cc        0x0 c:/altera/14.1/nios2eds/bin/gnu/h-x86_64-mingw32/bin/../lib/gcc/nios2-elf/4.8.3/../../../../../H-x86_64-mingw32/nios2-elf/lib\libsmallc.a(lib_a-impure.o)
 .bss           0x00000000000ad5cc        0x0 c:/altera/14.1/nios2eds/bin/gnu/h-x86_64-mingw32/bin/../lib/gcc/nios2-elf/4.8.3/../../../../../H-x86_64-mingw32/nios2-elf/lib\libsmallc.a(lib_a-malloc.o)
 .bss           0x00000000000ad5cc       0x28 c:/altera/14.1/nios2eds/bin/gnu/h-x86_64-mingw32/bin/../lib/gcc/nios2-elf/4.8.3/../../../../../H-x86_64-mingw32/nios2-elf/lib\libsmallc.a(lib_a-mallocr.o)
                0x00000000000ad5cc                __malloc_current_mallinfo
 .bss           0x00000000000ad5f4        0x0 c:/altera/14.1/nios2eds/bin/gnu/h-x86_64-mingw32/bin/../lib/gcc/nios2-elf/4.8.3/../../../../../H-x86_64-mingw32/nios2-elf/lib\libsmallc.a(lib_a-memcpy.o)
 .bss           0x00000000000ad5f4        0x0 c:/altera/14.1/nios2eds/bin/gnu/h-x86_64-mingw32/bin/../lib/gcc/nios2-elf/4.8.3/../../../../../H-x86_64-mingw32/nios2-elf/lib\libsmallc.a(lib_a-memset.o)
 .bss           0x00000000000ad5f4        0x0 c:/altera/14.1/nios2eds/bin/gnu/h-x86_64-mingw32/bin/../lib/gcc/nios2-elf/4.8.3/../../../../../H-x86_64-mingw32/nios2-elf/lib\libsmallc.a(lib_a-printf.o)
 .bss           0x00000000000ad5f4        0x0 c:/altera/14.1/nios2eds/bin/gnu/h-x86_64-mingw32/bin/../lib/gcc/nios2-elf/4.8.3/../../../../../H-x86_64-mingw32/nios2-elf/lib\libsmallc.a(lib_a-puts.o)
 .bss           0x00000000000ad5f4        0x0 c:/altera/14.1/nios2eds/bin/gnu/h-x86_64-mingw32/bin/../lib/gcc/nios2-elf/4.8.3/../../../../../H-x86_64-mingw32/nios2-elf/lib\libsmallc.a(lib_a-sbrkr.o)
 .bss           0x00000000000ad5f4        0x0 c:/altera/14.1/nios2eds/bin/gnu/h-x86_64-mingw32/bin/../lib/gcc/nios2-elf/4.8.3/../../../../../H-x86_64-mingw32/nios2-elf/lib\libsmallc.a(lib_a-sprintf.o)
 .bss           0x00000000000ad5f4        0x0 c:/altera/14.1/nios2eds/bin/gnu/h-x86_64-mingw32/bin/../lib/gcc/nios2-elf/4.8.3/../../../../../H-x86_64-mingw32/nios2-elf/lib\libsmallc.a(lib_a-strcpy.o)
 .bss           0x00000000000ad5f4        0x0 c:/altera/14.1/nios2eds/bin/gnu/h-x86_64-mingw32/bin/../lib/gcc/nios2-elf/4.8.3/../../../../../H-x86_64-mingw32/nios2-elf/lib\libsmallc.a(lib_a-strlen.o)
 .bss           0x00000000000ad5f4        0x0 c:/altera/14.1/nios2eds/bin/gnu/h-x86_64-mingw32/bin/../lib/gcc/nios2-elf/4.8.3/../../../../../H-x86_64-mingw32/nios2-elf/lib\libsmallc.a(lib_a-svfprintf.o)
 .bss           0x00000000000ad5f4        0x0 c:/altera/14.1/nios2eds/bin/gnu/h-x86_64-mingw32/bin/../lib/gcc/nios2-elf/4.8.3/../../../../../H-x86_64-mingw32/nios2-elf/lib\libsmallc.a(lib_a-vfprintf.o)
 .bss           0x00000000000ad5f4        0x0 c:/altera/14.1/nios2eds/bin/gnu/h-x86_64-mingw32/bin/../lib/gcc/nios2-elf/4.8.3/../../../../../H-x86_64-mingw32/nios2-elf/lib\libsmallc.a(lib_a-vsnprintf.o)
 .bss           0x00000000000ad5f4        0x0 c:/altera/14.1/nios2eds/bin/gnu/h-x86_64-mingw32/bin/../lib/gcc/nios2-elf/4.8.3/../../../../../H-x86_64-mingw32/nios2-elf/lib\libsmallc.a(lib_a-freer.o)
 .bss           0x00000000000ad5f4        0x0 c:/altera/14.1/nios2eds/bin/gnu/h-x86_64-mingw32/bin/../lib/gcc/nios2-elf/4.8.3/../../../../../H-x86_64-mingw32/nios2-elf/lib\libsmallc.a(lib_a-fvwrite_small_dev.o)
 .bss           0x00000000000ad5f4        0x0 c:/altera/14.1/nios2eds/bin/gnu/h-x86_64-mingw32/bin/../lib/gcc/nios2-elf/4.8.3/../../../../../H-x86_64-mingw32/nios2-elf/lib\libsmallc.a(lib_a-fvwrite_small_str.o)
 .bss           0x00000000000ad5f4        0x0 c:/altera/14.1/nios2eds/bin/gnu/h-x86_64-mingw32/bin/../lib/gcc/nios2-elf/4.8.3/../../../../../H-x86_64-mingw32/nios2-elf/lib\libsmallc.a(lib_a-int_errno.o)
 .bss           0x00000000000ad5f4        0x0 c:/altera/14.1/nios2eds/bin/gnu/h-x86_64-mingw32/bin/../lib/gcc/nios2-elf/4.8.3/../../../../../H-x86_64-mingw32/nios2-elf/lib\libsmallc.a(lib_a-memmove.o)
 .bss           0x00000000000ad5f4        0x0 c:/altera/14.1/nios2eds/bin/gnu/h-x86_64-mingw32/bin/../lib/gcc/nios2-elf/4.8.3/../../../../../H-x86_64-mingw32/nios2-elf/lib\libsmallc.a(lib_a-writer.o)
 .bss           0x00000000000ad5f4        0x0 ../LT24_Painter_bsp/\libhal_bsp.a(alt_alarm_start.o)
 .bss           0x00000000000ad5f4        0x0 ../LT24_Painter_bsp/\libhal_bsp.a(alt_iic.o)
 .bss           0x00000000000ad5f4        0x0 ../LT24_Painter_bsp/\libhal_bsp.a(alt_iic_isr_register.o)
 .bss           0x00000000000ad5f4        0x0 ../LT24_Painter_bsp/\libhal_bsp.a(alt_irq_entry.o)
 .bss           0x00000000000ad5f4        0x0 ../LT24_Painter_bsp/\libhal_bsp.a(alt_irq_handler.o)
 .bss           0x00000000000ad5f4        0x0 ../LT24_Painter_bsp/\libhal_bsp.a(alt_irq_vars.o)
 .bss           0x00000000000ad5f4        0x0 ../LT24_Painter_bsp/\libhal_bsp.a(alt_load.o)
 .bss           0x00000000000ad5f4        0x0 ../LT24_Painter_bsp/\libhal_bsp.a(alt_main.o)
 .bss           0x00000000000ad5f4        0x0 ../LT24_Painter_bsp/\libhal_bsp.a(alt_malloc_lock.o)
 .bss           0x00000000000ad5f4        0x0 ../LT24_Painter_bsp/\libhal_bsp.a(alt_sbrk.o)
 .bss           0x00000000000ad5f4        0x0 ../LT24_Painter_bsp/\libhal_bsp.a(alt_tick.o)
 .bss           0x00000000000ad5f4        0x0 ../LT24_Painter_bsp/\libhal_bsp.a(alt_usleep.o)
 .bss           0x00000000000ad5f4        0x0 ../LT24_Painter_bsp/\libhal_bsp.a(alt_write.o)
 .bss           0x00000000000ad5f4        0x0 ../LT24_Painter_bsp/\libhal_bsp.a(alt_sys_init.o)
 .bss           0x00000000000ad5f4        0x0 ../LT24_Painter_bsp/\libhal_bsp.a(altera_avalon_jtag_uart_fd.o)
 .bss           0x00000000000ad5f4        0x0 ../LT24_Painter_bsp/\libhal_bsp.a(altera_avalon_jtag_uart_init.o)
 .bss           0x00000000000ad5f4        0x0 ../LT24_Painter_bsp/\libhal_bsp.a(altera_avalon_jtag_uart_ioctl.o)
 .bss           0x00000000000ad5f4        0x0 ../LT24_Painter_bsp/\libhal_bsp.a(altera_avalon_jtag_uart_read.o)
 .bss           0x00000000000ad5f4        0x0 ../LT24_Painter_bsp/\libhal_bsp.a(altera_avalon_jtag_uart_write.o)
 .bss           0x00000000000ad5f4        0x0 ../LT24_Painter_bsp/\libhal_bsp.a(altera_avalon_spi.o)
 .bss           0x00000000000ad5f4        0x0 ../LT24_Painter_bsp/\libhal_bsp.a(altera_avalon_timer_sc.o)
 .bss           0x00000000000ad5f4        0x0 ../LT24_Painter_bsp/\libhal_bsp.a(alt_busy_sleep.o)
 .bss           0x00000000000ad5f4        0x0 ../LT24_Painter_bsp/\libhal_bsp.a(alt_close.o)
 .bss           0x00000000000ad5f4        0x0 ../LT24_Painter_bsp/\libhal_bsp.a(alt_dcache_flush_all.o)
 .bss           0x00000000000ad5f4        0x0 ../LT24_Painter_bsp/\libhal_bsp.a(alt_dev.o)
 .bss           0x00000000000ad5f4        0x0 ../LT24_Painter_bsp/\libhal_bsp.a(alt_dev_llist_insert.o)
 .bss           0x00000000000ad5f4        0x0 ../LT24_Painter_bsp/\libhal_bsp.a(alt_do_ctors.o)
 .bss           0x00000000000ad5f4        0x0 ../LT24_Painter_bsp/\libhal_bsp.a(alt_do_dtors.o)
 .bss           0x00000000000ad5f4        0x0 ../LT24_Painter_bsp/\libhal_bsp.a(alt_errno.o)
 .bss           0x00000000000ad5f4        0x0 ../LT24_Painter_bsp/\libhal_bsp.a(alt_exception_entry.o)
 .bss           0x00000000000ad5f4        0x0 ../LT24_Painter_bsp/\libhal_bsp.a(alt_icache_flush_all.o)
 .bss           0x00000000000ad5f4        0x0 ../LT24_Painter_bsp/\libhal_bsp.a(alt_io_redirect.o)
 .bss           0x00000000000ad5f4        0x0 ../LT24_Painter_bsp/\libhal_bsp.a(alt_open.o)
 .bss           0x00000000000ad5f4        0x0 ../LT24_Painter_bsp/\libhal_bsp.a(alt_release_fd.o)
 .bss           0x00000000000ad5f4        0x0 ../LT24_Painter_bsp/\libhal_bsp.a(altera_nios2_qsys_irq.o)
 .bss           0x00000000000ad5f4        0x0 ../LT24_Painter_bsp/\libhal_bsp.a(alt_find_dev.o)
 .bss           0x00000000000ad5f4        0x0 ../LT24_Painter_bsp/\libhal_bsp.a(alt_find_file.o)
 .bss           0x00000000000ad5f4        0x0 ../LT24_Painter_bsp/\libhal_bsp.a(alt_get_fd.o)
 .bss           0x00000000000ad5f4        0x0 ../LT24_Painter_bsp/\libhal_bsp.a(alt_icache_flush.o)
 .bss           0x00000000000ad5f4        0x0 c:/altera/14.1/nios2eds/bin/gnu/h-x86_64-mingw32/bin/../lib/gcc/nios2-elf/4.8.3/../../../../../H-x86_64-mingw32/nios2-elf/lib\libsmallc.a(lib_a-atexit.o)
 .bss           0x00000000000ad5f4        0x0 c:/altera/14.1/nios2eds/bin/gnu/h-x86_64-mingw32/bin/../lib/gcc/nios2-elf/4.8.3/../../../../../H-x86_64-mingw32/nios2-elf/lib\libsmallc.a(lib_a-exit.o)
 .bss           0x00000000000ad5f4        0x0 c:/altera/14.1/nios2eds/bin/gnu/h-x86_64-mingw32/bin/../lib/gcc/nios2-elf/4.8.3/../../../../../H-x86_64-mingw32/nios2-elf/lib\libsmallc.a(lib_a-memcmp.o)
 .bss           0x00000000000ad5f4        0x0 c:/altera/14.1/nios2eds/bin/gnu/h-x86_64-mingw32/bin/../lib/gcc/nios2-elf/4.8.3/../../../../../H-x86_64-mingw32/nios2-elf/lib\libsmallc.a(lib_a-__atexit.o)
 .bss           0x00000000000ad5f4        0x0 c:/altera/14.1/nios2eds/bin/gnu/h-x86_64-mingw32/bin/../lib/gcc/nios2-elf/4.8.3/../../../../../H-x86_64-mingw32/nios2-elf/lib\libsmallc.a(lib_a-__call_atexit.o)
 .bss           0x00000000000ad5f4        0x0 ../LT24_Painter_bsp/\libhal_bsp.a(alt_exit.o)
 *(COMMON)
 COMMON         0x00000000000ad5f4      0x100 ../LT24_Painter_bsp/\libhal_bsp.a(alt_irq_handler.o)
                0x00000000000ad5f4                alt_irq
                0x00000000000ad6f4                . = ALIGN (0x4)
                0x00000000000ad6f4                __bss_end = ABSOLUTE (.)

.onchip_memory  0x00000000000ad6f4        0x0
                0x00000000000ad6f4                PROVIDE (_alt_partition_onchip_memory_start, ABSOLUTE (.))
 *(.onchip_memory .onchip_memory. onchip_memory.*)
                0x00000000000ad6f4                . = ALIGN (0x4)
                0x00000000000ad6f4                PROVIDE (_alt_partition_onchip_memory_end, ABSOLUTE (.))
                0x00000000000ad6f4                _end = ABSOLUTE (.)
                0x00000000000ad6f4                end = ABSOLUTE (.)
                0x00000000000ad6f4                __alt_stack_base = ABSOLUTE (.)
                0x00000000000ad6f4                PROVIDE (_alt_partition_onchip_memory_load_addr, LOADADDR (.onchip_memory))

.stab
 *(.stab)

.stabstr
 *(.stabstr)

.stab.excl
 *(.stab.excl)

.stab.exclstr
 *(.stab.exclstr)

.stab.index
 *(.stab.index)

.stab.indexstr
 *(.stab.indexstr)

.comment        0x0000000000000000       0x39
 *(.comment)
 .comment       0x0000000000000000       0x39 obj/default/fonts/tahomabold_20.o
                                         0x3a (size before relaxing)
 .comment       0x0000000000000000       0x3a obj/default/fonts/tahomabold_32.o
 .comment       0x0000000000000000       0x3a obj/default/geometry.o
 .comment       0x0000000000000000       0x3a obj/default/graphic_lib/ILI9341.o
 .comment       0x0000000000000000       0x3a obj/default/graphic_lib/simple_graphics.o
 .comment       0x0000000000000000       0x3a obj/default/graphic_lib/simple_text.o
 .comment       0x0000000000000000       0x3a obj/default/gui.o
 .comment       0x0000000000000000       0x3a obj/default/gui_vpg.o
 .comment       0x0000000000000000       0x3a obj/default/main.o
 .comment       0x0000000000000000       0x3a obj/default/terasic_lib/I2C.o
 .comment       0x0000000000000000       0x3a obj/default/terasic_lib/debug.o
 .comment       0x0000000000000000       0x3a obj/default/terasic_lib/queue.o
 .comment       0x0000000000000000       0x3a obj/default/terasic_lib/touch_spi.o
 .comment       0x0000000000000000       0x3a c:/altera/14.1/nios2eds/bin/gnu/h-x86_64-mingw32/bin/../lib/gcc/nios2-elf/4.8.3/../../../../../H-x86_64-mingw32/nios2-elf/lib\libm.a(lib_a-w_sqrt.o)
 .comment       0x0000000000000000       0x3a c:/altera/14.1/nios2eds/bin/gnu/h-x86_64-mingw32/bin/../lib/gcc/nios2-elf/4.8.3/../../../../../H-x86_64-mingw32/nios2-elf/lib\libm.a(lib_a-e_sqrt.o)
 .comment       0x0000000000000000       0x3a c:/altera/14.1/nios2eds/bin/gnu/h-x86_64-mingw32/bin/../lib/gcc/nios2-elf/4.8.3/../../../../../H-x86_64-mingw32/nios2-elf/lib\libm.a(lib_a-s_fpclassify.o)
 .comment       0x0000000000000000       0x3a c:/altera/14.1/nios2eds/bin/gnu/h-x86_64-mingw32/bin/../lib/gcc/nios2-elf/4.8.3/../../../../../H-x86_64-mingw32/nios2-elf/lib\libm.a(lib_a-s_lib_ver.o)
 .comment       0x0000000000000000       0x3a c:/altera/14.1/nios2eds/bin/gnu/h-x86_64-mingw32/bin/../lib/gcc/nios2-elf/4.8.3/../../../../../H-x86_64-mingw32/nios2-elf/lib\libm.a(lib_a-s_matherr.o)
 .comment       0x0000000000000000       0x3a c:/altera/14.1/nios2eds/bin/gnu/h-x86_64-mingw32/bin/../lib/gcc/nios2-elf/4.8.3\libgcc.a(lib2-divmod.o)
 .comment       0x0000000000000000       0x3a c:/altera/14.1/nios2eds/bin/gnu/h-x86_64-mingw32/bin/../lib/gcc/nios2-elf/4.8.3\libgcc.a(adddf3.o)
 .comment       0x0000000000000000       0x3a c:/altera/14.1/nios2eds/bin/gnu/h-x86_64-mingw32/bin/../lib/gcc/nios2-elf/4.8.3\libgcc.a(divdf3.o)
 .comment       0x0000000000000000       0x3a c:/altera/14.1/nios2eds/bin/gnu/h-x86_64-mingw32/bin/../lib/gcc/nios2-elf/4.8.3\libgcc.a(ledf2.o)
 .comment       0x0000000000000000       0x3a c:/altera/14.1/nios2eds/bin/gnu/h-x86_64-mingw32/bin/../lib/gcc/nios2-elf/4.8.3\libgcc.a(muldf3.o)
 .comment       0x0000000000000000       0x3a c:/altera/14.1/nios2eds/bin/gnu/h-x86_64-mingw32/bin/../lib/gcc/nios2-elf/4.8.3\libgcc.a(subdf3.o)
 .comment       0x0000000000000000       0x3a c:/altera/14.1/nios2eds/bin/gnu/h-x86_64-mingw32/bin/../lib/gcc/nios2-elf/4.8.3\libgcc.a(fixdfsi.o)
 .comment       0x0000000000000000       0x3a c:/altera/14.1/nios2eds/bin/gnu/h-x86_64-mingw32/bin/../lib/gcc/nios2-elf/4.8.3\libgcc.a(floatsidf.o)
 .comment       0x0000000000000000       0x3a c:/altera/14.1/nios2eds/bin/gnu/h-x86_64-mingw32/bin/../lib/gcc/nios2-elf/4.8.3\libgcc.a(_clzsi2.o)
 .comment       0x0000000000000000       0x3a c:/altera/14.1/nios2eds/bin/gnu/h-x86_64-mingw32/bin/../lib/gcc/nios2-elf/4.8.3\libgcc.a(_clz.o)
 .comment       0x0000000000000000       0x3a c:/altera/14.1/nios2eds/bin/gnu/h-x86_64-mingw32/bin/../lib/gcc/nios2-elf/4.8.3/../../../../../H-x86_64-mingw32/nios2-elf/lib\libsmallc.a(lib_a-errno.o)
 .comment       0x0000000000000000       0x3a c:/altera/14.1/nios2eds/bin/gnu/h-x86_64-mingw32/bin/../lib/gcc/nios2-elf/4.8.3/../../../../../H-x86_64-mingw32/nios2-elf/lib\libsmallc.a(lib_a-impure.o)
 .comment       0x0000000000000000       0x3a c:/altera/14.1/nios2eds/bin/gnu/h-x86_64-mingw32/bin/../lib/gcc/nios2-elf/4.8.3/../../../../../H-x86_64-mingw32/nios2-elf/lib\libsmallc.a(lib_a-malloc.o)
 .comment       0x0000000000000000       0x3a c:/altera/14.1/nios2eds/bin/gnu/h-x86_64-mingw32/bin/../lib/gcc/nios2-elf/4.8.3/../../../../../H-x86_64-mingw32/nios2-elf/lib\libsmallc.a(lib_a-mallocr.o)
 .comment       0x0000000000000000       0x3a c:/altera/14.1/nios2eds/bin/gnu/h-x86_64-mingw32/bin/../lib/gcc/nios2-elf/4.8.3/../../../../../H-x86_64-mingw32/nios2-elf/lib\libsmallc.a(lib_a-memcpy.o)
 .comment       0x0000000000000000       0x3a c:/altera/14.1/nios2eds/bin/gnu/h-x86_64-mingw32/bin/../lib/gcc/nios2-elf/4.8.3/../../../../../H-x86_64-mingw32/nios2-elf/lib\libsmallc.a(lib_a-memset.o)
 .comment       0x0000000000000000       0x3a c:/altera/14.1/nios2eds/bin/gnu/h-x86_64-mingw32/bin/../lib/gcc/nios2-elf/4.8.3/../../../../../H-x86_64-mingw32/nios2-elf/lib\libsmallc.a(lib_a-printf.o)
 .comment       0x0000000000000000       0x3a c:/altera/14.1/nios2eds/bin/gnu/h-x86_64-mingw32/bin/../lib/gcc/nios2-elf/4.8.3/../../../../../H-x86_64-mingw32/nios2-elf/lib\libsmallc.a(lib_a-puts.o)
 .comment       0x0000000000000000       0x3a c:/altera/14.1/nios2eds/bin/gnu/h-x86_64-mingw32/bin/../lib/gcc/nios2-elf/4.8.3/../../../../../H-x86_64-mingw32/nios2-elf/lib\libsmallc.a(lib_a-sbrkr.o)
 .comment       0x0000000000000000       0x3a c:/altera/14.1/nios2eds/bin/gnu/h-x86_64-mingw32/bin/../lib/gcc/nios2-elf/4.8.3/../../../../../H-x86_64-mingw32/nios2-elf/lib\libsmallc.a(lib_a-sprintf.o)
 .comment       0x0000000000000000       0x3a c:/altera/14.1/nios2eds/bin/gnu/h-x86_64-mingw32/bin/../lib/gcc/nios2-elf/4.8.3/../../../../../H-x86_64-mingw32/nios2-elf/lib\libsmallc.a(lib_a-strcpy.o)
 .comment       0x0000000000000000       0x3a c:/altera/14.1/nios2eds/bin/gnu/h-x86_64-mingw32/bin/../lib/gcc/nios2-elf/4.8.3/../../../../../H-x86_64-mingw32/nios2-elf/lib\libsmallc.a(lib_a-strlen.o)
 .comment       0x0000000000000000       0x3a c:/altera/14.1/nios2eds/bin/gnu/h-x86_64-mingw32/bin/../lib/gcc/nios2-elf/4.8.3/../../../../../H-x86_64-mingw32/nios2-elf/lib\libsmallc.a(lib_a-svfprintf.o)
 .comment       0x0000000000000000       0x3a c:/altera/14.1/nios2eds/bin/gnu/h-x86_64-mingw32/bin/../lib/gcc/nios2-elf/4.8.3/../../../../../H-x86_64-mingw32/nios2-elf/lib\libsmallc.a(lib_a-vfprintf.o)
 .comment       0x0000000000000000       0x3a c:/altera/14.1/nios2eds/bin/gnu/h-x86_64-mingw32/bin/../lib/gcc/nios2-elf/4.8.3/../../../../../H-x86_64-mingw32/nios2-elf/lib\libsmallc.a(lib_a-vsnprintf.o)
 .comment       0x0000000000000000       0x3a c:/altera/14.1/nios2eds/bin/gnu/h-x86_64-mingw32/bin/../lib/gcc/nios2-elf/4.8.3/../../../../../H-x86_64-mingw32/nios2-elf/lib\libsmallc.a(lib_a-freer.o)
 .comment       0x0000000000000000       0x3a c:/altera/14.1/nios2eds/bin/gnu/h-x86_64-mingw32/bin/../lib/gcc/nios2-elf/4.8.3/../../../../../H-x86_64-mingw32/nios2-elf/lib\libsmallc.a(lib_a-fvwrite_small_dev.o)
 .comment       0x0000000000000000       0x3a c:/altera/14.1/nios2eds/bin/gnu/h-x86_64-mingw32/bin/../lib/gcc/nios2-elf/4.8.3/../../../../../H-x86_64-mingw32/nios2-elf/lib\libsmallc.a(lib_a-fvwrite_small_str.o)
 .comment       0x0000000000000000       0x3a c:/altera/14.1/nios2eds/bin/gnu/h-x86_64-mingw32/bin/../lib/gcc/nios2-elf/4.8.3/../../../../../H-x86_64-mingw32/nios2-elf/lib\libsmallc.a(lib_a-int_errno.o)
 .comment       0x0000000000000000       0x3a c:/altera/14.1/nios2eds/bin/gnu/h-x86_64-mingw32/bin/../lib/gcc/nios2-elf/4.8.3/../../../../../H-x86_64-mingw32/nios2-elf/lib\libsmallc.a(lib_a-memmove.o)
 .comment       0x0000000000000000       0x3a c:/altera/14.1/nios2eds/bin/gnu/h-x86_64-mingw32/bin/../lib/gcc/nios2-elf/4.8.3/../../../../../H-x86_64-mingw32/nios2-elf/lib\libsmallc.a(lib_a-writer.o)
 .comment       0x0000000000000000       0x3a ../LT24_Painter_bsp/\libhal_bsp.a(alt_alarm_start.o)
 .comment       0x0000000000000000       0x3a ../LT24_Painter_bsp/\libhal_bsp.a(alt_iic.o)
 .comment       0x0000000000000000       0x3a ../LT24_Painter_bsp/\libhal_bsp.a(alt_iic_isr_register.o)
 .comment       0x0000000000000000       0x3a ../LT24_Painter_bsp/\libhal_bsp.a(alt_irq_handler.o)
 .comment       0x0000000000000000       0x3a ../LT24_Painter_bsp/\libhal_bsp.a(alt_irq_vars.o)
 .comment       0x0000000000000000       0x3a ../LT24_Painter_bsp/\libhal_bsp.a(alt_load.o)
 .comment       0x0000000000000000       0x3a ../LT24_Painter_bsp/\libhal_bsp.a(alt_main.o)
 .comment       0x0000000000000000       0x3a ../LT24_Painter_bsp/\libhal_bsp.a(alt_malloc_lock.o)
 .comment       0x0000000000000000       0x3a ../LT24_Painter_bsp/\libhal_bsp.a(alt_sbrk.o)
 .comment       0x0000000000000000       0x3a ../LT24_Painter_bsp/\libhal_bsp.a(alt_tick.o)
 .comment       0x0000000000000000       0x3a ../LT24_Painter_bsp/\libhal_bsp.a(alt_usleep.o)
 .comment       0x0000000000000000       0x3a ../LT24_Painter_bsp/\libhal_bsp.a(alt_write.o)
 .comment       0x0000000000000000       0x3a ../LT24_Painter_bsp/\libhal_bsp.a(alt_sys_init.o)
 .comment       0x0000000000000000       0x3a ../LT24_Painter_bsp/\libhal_bsp.a(altera_avalon_jtag_uart_fd.o)
 .comment       0x0000000000000000       0x3a ../LT24_Painter_bsp/\libhal_bsp.a(altera_avalon_jtag_uart_init.o)
 .comment       0x0000000000000000       0x3a ../LT24_Painter_bsp/\libhal_bsp.a(altera_avalon_jtag_uart_ioctl.o)
 .comment       0x0000000000000000       0x3a ../LT24_Painter_bsp/\libhal_bsp.a(altera_avalon_jtag_uart_read.o)
 .comment       0x0000000000000000       0x3a ../LT24_Painter_bsp/\libhal_bsp.a(altera_avalon_jtag_uart_write.o)
 .comment       0x0000000000000000       0x3a ../LT24_Painter_bsp/\libhal_bsp.a(altera_avalon_spi.o)
 .comment       0x0000000000000000       0x3a ../LT24_Painter_bsp/\libhal_bsp.a(altera_avalon_timer_sc.o)
 .comment       0x0000000000000000       0x3a ../LT24_Painter_bsp/\libhal_bsp.a(alt_busy_sleep.o)
 .comment       0x0000000000000000       0x3a ../LT24_Painter_bsp/\libhal_bsp.a(alt_close.o)
 .comment       0x0000000000000000       0x3a ../LT24_Painter_bsp/\libhal_bsp.a(alt_dcache_flush_all.o)
 .comment       0x0000000000000000       0x3a ../LT24_Painter_bsp/\libhal_bsp.a(alt_dev.o)
 .comment       0x0000000000000000       0x3a ../LT24_Painter_bsp/\libhal_bsp.a(alt_dev_llist_insert.o)
 .comment       0x0000000000000000       0x3a ../LT24_Painter_bsp/\libhal_bsp.a(alt_do_ctors.o)
 .comment       0x0000000000000000       0x3a ../LT24_Painter_bsp/\libhal_bsp.a(alt_do_dtors.o)
 .comment       0x0000000000000000       0x3a ../LT24_Painter_bsp/\libhal_bsp.a(alt_errno.o)
 .comment       0x0000000000000000       0x3a ../LT24_Painter_bsp/\libhal_bsp.a(alt_icache_flush_all.o)
 .comment       0x0000000000000000       0x3a ../LT24_Painter_bsp/\libhal_bsp.a(alt_io_redirect.o)
 .comment       0x0000000000000000       0x3a ../LT24_Painter_bsp/\libhal_bsp.a(alt_open.o)
 .comment       0x0000000000000000       0x3a ../LT24_Painter_bsp/\libhal_bsp.a(alt_release_fd.o)
 .comment       0x0000000000000000       0x3a ../LT24_Painter_bsp/\libhal_bsp.a(altera_nios2_qsys_irq.o)
 .comment       0x0000000000000000       0x3a ../LT24_Painter_bsp/\libhal_bsp.a(alt_find_dev.o)
 .comment       0x0000000000000000       0x3a ../LT24_Painter_bsp/\libhal_bsp.a(alt_find_file.o)
 .comment       0x0000000000000000       0x3a ../LT24_Painter_bsp/\libhal_bsp.a(alt_get_fd.o)
 .comment       0x0000000000000000       0x3a ../LT24_Painter_bsp/\libhal_bsp.a(alt_icache_flush.o)
 .comment       0x0000000000000000       0x3a c:/altera/14.1/nios2eds/bin/gnu/h-x86_64-mingw32/bin/../lib/gcc/nios2-elf/4.8.3/../../../../../H-x86_64-mingw32/nios2-elf/lib\libsmallc.a(lib_a-atexit.o)
 .comment       0x0000000000000000       0x3a c:/altera/14.1/nios2eds/bin/gnu/h-x86_64-mingw32/bin/../lib/gcc/nios2-elf/4.8.3/../../../../../H-x86_64-mingw32/nios2-elf/lib\libsmallc.a(lib_a-exit.o)
 .comment       0x0000000000000000       0x3a c:/altera/14.1/nios2eds/bin/gnu/h-x86_64-mingw32/bin/../lib/gcc/nios2-elf/4.8.3/../../../../../H-x86_64-mingw32/nios2-elf/lib\libsmallc.a(lib_a-memcmp.o)
 .comment       0x0000000000000000       0x3a c:/altera/14.1/nios2eds/bin/gnu/h-x86_64-mingw32/bin/../lib/gcc/nios2-elf/4.8.3/../../../../../H-x86_64-mingw32/nios2-elf/lib\libsmallc.a(lib_a-__atexit.o)
 .comment       0x0000000000000000       0x3a c:/altera/14.1/nios2eds/bin/gnu/h-x86_64-mingw32/bin/../lib/gcc/nios2-elf/4.8.3/../../../../../H-x86_64-mingw32/nios2-elf/lib\libsmallc.a(lib_a-__call_atexit.o)
 .comment       0x0000000000000000       0x3a ../LT24_Painter_bsp/\libhal_bsp.a(alt_exit.o)

.debug
 *(.debug)

.line
 *(.line)

.debug_srcinfo
 *(.debug_srcinfo)

.debug_sfnames
 *(.debug_sfnames)

.debug_aranges  0x0000000000000000      0xbd0
 *(.debug_aranges)
 .debug_aranges
                0x0000000000000000       0x28 ../LT24_Painter_bsp//obj/HAL/src/crt0.o
 .debug_aranges
                0x0000000000000028       0x18 obj/default/fonts/tahomabold_20.o
 .debug_aranges
                0x0000000000000040       0x18 obj/default/fonts/tahomabold_32.o
 .debug_aranges
                0x0000000000000058       0x20 obj/default/geometry.o
 .debug_aranges
                0x0000000000000078       0x20 obj/default/graphic_lib/ILI9341.o
 .debug_aranges
                0x0000000000000098       0x20 obj/default/graphic_lib/simple_graphics.o
 .debug_aranges
                0x00000000000000b8       0x20 obj/default/graphic_lib/simple_text.o
 .debug_aranges
                0x00000000000000d8       0x20 obj/default/gui.o
 .debug_aranges
                0x00000000000000f8       0x20 obj/default/gui_vpg.o
 .debug_aranges
                0x0000000000000118       0x20 obj/default/main.o
 .debug_aranges
                0x0000000000000138       0x20 obj/default/terasic_lib/I2C.o
 .debug_aranges
                0x0000000000000158       0x20 obj/default/terasic_lib/debug.o
 .debug_aranges
                0x0000000000000178       0x20 obj/default/terasic_lib/queue.o
 .debug_aranges
                0x0000000000000198       0x20 obj/default/terasic_lib/touch_spi.o
 .debug_aranges
                0x00000000000001b8       0x20 c:/altera/14.1/nios2eds/bin/gnu/h-x86_64-mingw32/bin/../lib/gcc/nios2-elf/4.8.3/../../../../../H-x86_64-mingw32/nios2-elf/lib\libm.a(lib_a-w_sqrt.o)
 .debug_aranges
                0x00000000000001d8       0x20 c:/altera/14.1/nios2eds/bin/gnu/h-x86_64-mingw32/bin/../lib/gcc/nios2-elf/4.8.3/../../../../../H-x86_64-mingw32/nios2-elf/lib\libm.a(lib_a-e_sqrt.o)
 .debug_aranges
                0x00000000000001f8       0x20 c:/altera/14.1/nios2eds/bin/gnu/h-x86_64-mingw32/bin/../lib/gcc/nios2-elf/4.8.3/../../../../../H-x86_64-mingw32/nios2-elf/lib\libm.a(lib_a-s_fpclassify.o)
 .debug_aranges
                0x0000000000000218       0x18 c:/altera/14.1/nios2eds/bin/gnu/h-x86_64-mingw32/bin/../lib/gcc/nios2-elf/4.8.3/../../../../../H-x86_64-mingw32/nios2-elf/lib\libm.a(lib_a-s_lib_ver.o)
 .debug_aranges
                0x0000000000000230       0x20 c:/altera/14.1/nios2eds/bin/gnu/h-x86_64-mingw32/bin/../lib/gcc/nios2-elf/4.8.3/../../../../../H-x86_64-mingw32/nios2-elf/lib\libm.a(lib_a-s_matherr.o)
 .debug_aranges
                0x0000000000000250       0x20 c:/altera/14.1/nios2eds/bin/gnu/h-x86_64-mingw32/bin/../lib/gcc/nios2-elf/4.8.3\libgcc.a(lib2-divmod.o)
 .debug_aranges
                0x0000000000000270       0x20 c:/altera/14.1/nios2eds/bin/gnu/h-x86_64-mingw32/bin/../lib/gcc/nios2-elf/4.8.3\libgcc.a(adddf3.o)
 .debug_aranges
                0x0000000000000290       0x20 c:/altera/14.1/nios2eds/bin/gnu/h-x86_64-mingw32/bin/../lib/gcc/nios2-elf/4.8.3\libgcc.a(divdf3.o)
 .debug_aranges
                0x00000000000002b0       0x20 c:/altera/14.1/nios2eds/bin/gnu/h-x86_64-mingw32/bin/../lib/gcc/nios2-elf/4.8.3\libgcc.a(ledf2.o)
 .debug_aranges
                0x00000000000002d0       0x20 c:/altera/14.1/nios2eds/bin/gnu/h-x86_64-mingw32/bin/../lib/gcc/nios2-elf/4.8.3\libgcc.a(muldf3.o)
 .debug_aranges
                0x00000000000002f0       0x20 c:/altera/14.1/nios2eds/bin/gnu/h-x86_64-mingw32/bin/../lib/gcc/nios2-elf/4.8.3\libgcc.a(subdf3.o)
 .debug_aranges
                0x0000000000000310       0x20 c:/altera/14.1/nios2eds/bin/gnu/h-x86_64-mingw32/bin/../lib/gcc/nios2-elf/4.8.3\libgcc.a(fixdfsi.o)
 .debug_aranges
                0x0000000000000330       0x20 c:/altera/14.1/nios2eds/bin/gnu/h-x86_64-mingw32/bin/../lib/gcc/nios2-elf/4.8.3\libgcc.a(floatsidf.o)
 .debug_aranges
                0x0000000000000350       0x20 c:/altera/14.1/nios2eds/bin/gnu/h-x86_64-mingw32/bin/../lib/gcc/nios2-elf/4.8.3\libgcc.a(_clzsi2.o)
 .debug_aranges
                0x0000000000000370       0x18 c:/altera/14.1/nios2eds/bin/gnu/h-x86_64-mingw32/bin/../lib/gcc/nios2-elf/4.8.3\libgcc.a(_clz.o)
 .debug_aranges
                0x0000000000000388       0x20 c:/altera/14.1/nios2eds/bin/gnu/h-x86_64-mingw32/bin/../lib/gcc/nios2-elf/4.8.3/../../../../../H-x86_64-mingw32/nios2-elf/lib\libsmallc.a(lib_a-errno.o)
 .debug_aranges
                0x00000000000003a8       0x18 c:/altera/14.1/nios2eds/bin/gnu/h-x86_64-mingw32/bin/../lib/gcc/nios2-elf/4.8.3/../../../../../H-x86_64-mingw32/nios2-elf/lib\libsmallc.a(lib_a-impure.o)
 .debug_aranges
                0x00000000000003c0       0x20 c:/altera/14.1/nios2eds/bin/gnu/h-x86_64-mingw32/bin/../lib/gcc/nios2-elf/4.8.3/../../../../../H-x86_64-mingw32/nios2-elf/lib\libsmallc.a(lib_a-malloc.o)
 .debug_aranges
                0x00000000000003e0       0x20 c:/altera/14.1/nios2eds/bin/gnu/h-x86_64-mingw32/bin/../lib/gcc/nios2-elf/4.8.3/../../../../../H-x86_64-mingw32/nios2-elf/lib\libsmallc.a(lib_a-mallocr.o)
 .debug_aranges
                0x0000000000000400       0x20 c:/altera/14.1/nios2eds/bin/gnu/h-x86_64-mingw32/bin/../lib/gcc/nios2-elf/4.8.3/../../../../../H-x86_64-mingw32/nios2-elf/lib\libsmallc.a(lib_a-memcpy.o)
 .debug_aranges
                0x0000000000000420       0x20 c:/altera/14.1/nios2eds/bin/gnu/h-x86_64-mingw32/bin/../lib/gcc/nios2-elf/4.8.3/../../../../../H-x86_64-mingw32/nios2-elf/lib\libsmallc.a(lib_a-memset.o)
 .debug_aranges
                0x0000000000000440       0x20 c:/altera/14.1/nios2eds/bin/gnu/h-x86_64-mingw32/bin/../lib/gcc/nios2-elf/4.8.3/../../../../../H-x86_64-mingw32/nios2-elf/lib\libsmallc.a(lib_a-printf.o)
 .debug_aranges
                0x0000000000000460       0x20 c:/altera/14.1/nios2eds/bin/gnu/h-x86_64-mingw32/bin/../lib/gcc/nios2-elf/4.8.3/../../../../../H-x86_64-mingw32/nios2-elf/lib\libsmallc.a(lib_a-puts.o)
 .debug_aranges
                0x0000000000000480       0x20 c:/altera/14.1/nios2eds/bin/gnu/h-x86_64-mingw32/bin/../lib/gcc/nios2-elf/4.8.3/../../../../../H-x86_64-mingw32/nios2-elf/lib\libsmallc.a(lib_a-sbrkr.o)
 .debug_aranges
                0x00000000000004a0       0x20 c:/altera/14.1/nios2eds/bin/gnu/h-x86_64-mingw32/bin/../lib/gcc/nios2-elf/4.8.3/../../../../../H-x86_64-mingw32/nios2-elf/lib\libsmallc.a(lib_a-sprintf.o)
 .debug_aranges
                0x00000000000004c0       0x20 c:/altera/14.1/nios2eds/bin/gnu/h-x86_64-mingw32/bin/../lib/gcc/nios2-elf/4.8.3/../../../../../H-x86_64-mingw32/nios2-elf/lib\libsmallc.a(lib_a-strcpy.o)
 .debug_aranges
                0x00000000000004e0       0x20 c:/altera/14.1/nios2eds/bin/gnu/h-x86_64-mingw32/bin/../lib/gcc/nios2-elf/4.8.3/../../../../../H-x86_64-mingw32/nios2-elf/lib\libsmallc.a(lib_a-strlen.o)
 .debug_aranges
                0x0000000000000500       0x20 c:/altera/14.1/nios2eds/bin/gnu/h-x86_64-mingw32/bin/../lib/gcc/nios2-elf/4.8.3/../../../../../H-x86_64-mingw32/nios2-elf/lib\libsmallc.a(lib_a-svfprintf.o)
 .debug_aranges
                0x0000000000000520       0x20 c:/altera/14.1/nios2eds/bin/gnu/h-x86_64-mingw32/bin/../lib/gcc/nios2-elf/4.8.3/../../../../../H-x86_64-mingw32/nios2-elf/lib\libsmallc.a(lib_a-vfprintf.o)
 .debug_aranges
                0x0000000000000540       0x20 c:/altera/14.1/nios2eds/bin/gnu/h-x86_64-mingw32/bin/../lib/gcc/nios2-elf/4.8.3/../../../../../H-x86_64-mingw32/nios2-elf/lib\libsmallc.a(lib_a-vsnprintf.o)
 .debug_aranges
                0x0000000000000560       0x20 c:/altera/14.1/nios2eds/bin/gnu/h-x86_64-mingw32/bin/../lib/gcc/nios2-elf/4.8.3/../../../../../H-x86_64-mingw32/nios2-elf/lib\libsmallc.a(lib_a-freer.o)
 .debug_aranges
                0x0000000000000580       0x20 c:/altera/14.1/nios2eds/bin/gnu/h-x86_64-mingw32/bin/../lib/gcc/nios2-elf/4.8.3/../../../../../H-x86_64-mingw32/nios2-elf/lib\libsmallc.a(lib_a-fvwrite_small_dev.o)
 .debug_aranges
                0x00000000000005a0       0x20 c:/altera/14.1/nios2eds/bin/gnu/h-x86_64-mingw32/bin/../lib/gcc/nios2-elf/4.8.3/../../../../../H-x86_64-mingw32/nios2-elf/lib\libsmallc.a(lib_a-fvwrite_small_str.o)
 .debug_aranges
                0x00000000000005c0       0x18 c:/altera/14.1/nios2eds/bin/gnu/h-x86_64-mingw32/bin/../lib/gcc/nios2-elf/4.8.3/../../../../../H-x86_64-mingw32/nios2-elf/lib\libsmallc.a(lib_a-int_errno.o)
 .debug_aranges
                0x00000000000005d8       0x20 c:/altera/14.1/nios2eds/bin/gnu/h-x86_64-mingw32/bin/../lib/gcc/nios2-elf/4.8.3/../../../../../H-x86_64-mingw32/nios2-elf/lib\libsmallc.a(lib_a-memmove.o)
 .debug_aranges
                0x00000000000005f8       0x20 c:/altera/14.1/nios2eds/bin/gnu/h-x86_64-mingw32/bin/../lib/gcc/nios2-elf/4.8.3/../../../../../H-x86_64-mingw32/nios2-elf/lib\libsmallc.a(lib_a-writer.o)
 .debug_aranges
                0x0000000000000618       0x20 ../LT24_Painter_bsp/\libhal_bsp.a(alt_alarm_start.o)
 .debug_aranges
                0x0000000000000638       0x20 ../LT24_Painter_bsp/\libhal_bsp.a(alt_iic.o)
 .debug_aranges
                0x0000000000000658       0x20 ../LT24_Painter_bsp/\libhal_bsp.a(alt_iic_isr_register.o)
 .debug_aranges
                0x0000000000000678       0x30 ../LT24_Painter_bsp/\libhal_bsp.a(alt_irq_entry.o)
 .debug_aranges
                0x00000000000006a8       0x20 ../LT24_Painter_bsp/\libhal_bsp.a(alt_irq_handler.o)
 .debug_aranges
                0x00000000000006c8       0x18 ../LT24_Painter_bsp/\libhal_bsp.a(alt_irq_vars.o)
 .debug_aranges
                0x00000000000006e0       0x20 ../LT24_Painter_bsp/\libhal_bsp.a(alt_load.o)
 .debug_aranges
                0x0000000000000700       0x20 ../LT24_Painter_bsp/\libhal_bsp.a(alt_main.o)
 .debug_aranges
                0x0000000000000720       0x20 ../LT24_Painter_bsp/\libhal_bsp.a(alt_malloc_lock.o)
 .debug_aranges
                0x0000000000000740       0x20 ../LT24_Painter_bsp/\libhal_bsp.a(alt_sbrk.o)
 .debug_aranges
                0x0000000000000760       0x20 ../LT24_Painter_bsp/\libhal_bsp.a(alt_tick.o)
 .debug_aranges
                0x0000000000000780       0x20 ../LT24_Painter_bsp/\libhal_bsp.a(alt_usleep.o)
 .debug_aranges
                0x00000000000007a0       0x20 ../LT24_Painter_bsp/\libhal_bsp.a(alt_write.o)
 .debug_aranges
                0x00000000000007c0       0x20 ../LT24_Painter_bsp/\libhal_bsp.a(alt_sys_init.o)
 .debug_aranges
                0x00000000000007e0       0x20 ../LT24_Painter_bsp/\libhal_bsp.a(altera_avalon_jtag_uart_fd.o)
 .debug_aranges
                0x0000000000000800       0x20 ../LT24_Painter_bsp/\libhal_bsp.a(altera_avalon_jtag_uart_init.o)
 .debug_aranges
                0x0000000000000820       0x20 ../LT24_Painter_bsp/\libhal_bsp.a(altera_avalon_jtag_uart_ioctl.o)
 .debug_aranges
                0x0000000000000840       0x20 ../LT24_Painter_bsp/\libhal_bsp.a(altera_avalon_jtag_uart_read.o)
 .debug_aranges
                0x0000000000000860       0x20 ../LT24_Painter_bsp/\libhal_bsp.a(altera_avalon_jtag_uart_write.o)
 .debug_aranges
                0x0000000000000880       0x20 ../LT24_Painter_bsp/\libhal_bsp.a(altera_avalon_spi.o)
 .debug_aranges
                0x00000000000008a0       0x20 ../LT24_Painter_bsp/\libhal_bsp.a(altera_avalon_timer_sc.o)
 .debug_aranges
                0x00000000000008c0       0x20 ../LT24_Painter_bsp/\libhal_bsp.a(alt_busy_sleep.o)
 .debug_aranges
                0x00000000000008e0       0x20 ../LT24_Painter_bsp/\libhal_bsp.a(alt_close.o)
 .debug_aranges
                0x0000000000000900       0x20 ../LT24_Painter_bsp/\libhal_bsp.a(alt_dcache_flush_all.o)
 .debug_aranges
                0x0000000000000920       0x20 ../LT24_Painter_bsp/\libhal_bsp.a(alt_dev.o)
 .debug_aranges
                0x0000000000000940       0x20 ../LT24_Painter_bsp/\libhal_bsp.a(alt_dev_llist_insert.o)
 .debug_aranges
                0x0000000000000960       0x20 ../LT24_Painter_bsp/\libhal_bsp.a(alt_do_ctors.o)
 .debug_aranges
                0x0000000000000980       0x20 ../LT24_Painter_bsp/\libhal_bsp.a(alt_do_dtors.o)
 .debug_aranges
                0x00000000000009a0       0x18 ../LT24_Painter_bsp/\libhal_bsp.a(alt_errno.o)
 .debug_aranges
                0x00000000000009b8       0x38 ../LT24_Painter_bsp/\libhal_bsp.a(alt_exception_entry.o)
 .debug_aranges
                0x00000000000009f0       0x20 ../LT24_Painter_bsp/\libhal_bsp.a(alt_icache_flush_all.o)
 .debug_aranges
                0x0000000000000a10       0x20 ../LT24_Painter_bsp/\libhal_bsp.a(alt_io_redirect.o)
 .debug_aranges
                0x0000000000000a30       0x20 ../LT24_Painter_bsp/\libhal_bsp.a(alt_open.o)
 .debug_aranges
                0x0000000000000a50       0x20 ../LT24_Painter_bsp/\libhal_bsp.a(alt_release_fd.o)
 .debug_aranges
                0x0000000000000a70       0x20 ../LT24_Painter_bsp/\libhal_bsp.a(altera_nios2_qsys_irq.o)
 .debug_aranges
                0x0000000000000a90       0x20 ../LT24_Painter_bsp/\libhal_bsp.a(alt_find_dev.o)
 .debug_aranges
                0x0000000000000ab0       0x20 ../LT24_Painter_bsp/\libhal_bsp.a(alt_find_file.o)
 .debug_aranges
                0x0000000000000ad0       0x20 ../LT24_Painter_bsp/\libhal_bsp.a(alt_get_fd.o)
 .debug_aranges
                0x0000000000000af0       0x20 ../LT24_Painter_bsp/\libhal_bsp.a(alt_icache_flush.o)
 .debug_aranges
                0x0000000000000b10       0x20 c:/altera/14.1/nios2eds/bin/gnu/h-x86_64-mingw32/bin/../lib/gcc/nios2-elf/4.8.3/../../../../../H-x86_64-mingw32/nios2-elf/lib\libsmallc.a(lib_a-atexit.o)
 .debug_aranges
                0x0000000000000b30       0x20 c:/altera/14.1/nios2eds/bin/gnu/h-x86_64-mingw32/bin/../lib/gcc/nios2-elf/4.8.3/../../../../../H-x86_64-mingw32/nios2-elf/lib\libsmallc.a(lib_a-exit.o)
 .debug_aranges
                0x0000000000000b50       0x20 c:/altera/14.1/nios2eds/bin/gnu/h-x86_64-mingw32/bin/../lib/gcc/nios2-elf/4.8.3/../../../../../H-x86_64-mingw32/nios2-elf/lib\libsmallc.a(lib_a-memcmp.o)
 .debug_aranges
                0x0000000000000b70       0x20 c:/altera/14.1/nios2eds/bin/gnu/h-x86_64-mingw32/bin/../lib/gcc/nios2-elf/4.8.3/../../../../../H-x86_64-mingw32/nios2-elf/lib\libsmallc.a(lib_a-__atexit.o)
 .debug_aranges