Info: Starting: Create block symbol file (.bsf)
Info: qsys-generate C:\Users\osour\Desktop\EmbSys\Lab4\Lab4.0-Rendu\hw\quartus\soc_system.qsys --block-symbol-file --output-directory=C:\Users\osour\Desktop\EmbSys\Lab4\Lab4.0-Rendu\hw\quartus\soc_system --family="Cyclone V" --part=5CSEMA4U23C6
Progress: Loading quartus/soc_system.qsys
Progress: Reading input file
Progress: Adding address_span_extender_0 [altera_address_span_extender 18.1]
Progress: Parameterizing module address_span_extender_0
Progress: Adding clk_0 [clock_source 18.1]
Progress: Parameterizing module clk_0
Progress: Adding hps_0 [altera_hps 18.1]
Progress: Parameterizing module hps_0
Progress: Adding jtag_uart_0 [altera_avalon_jtag_uart 18.1]
Progress: Parameterizing module jtag_uart_0
Progress: Adding lcd_component_0 [lcd_component 1.0]
Progress: Parameterizing module lcd_component_0
Progress: Adding nios2_gen2_0 [altera_nios2_gen2 18.1]
Progress: Parameterizing module nios2_gen2_0
Progress: Adding onchip_memory2_0 [altera_avalon_onchip_memory2 18.1]
Progress: Parameterizing module onchip_memory2_0
Progress: Adding pio_leds [altera_avalon_pio 18.1]
Progress: Parameterizing module pio_leds
Progress: Building connections
Progress: Parameterizing connections
Progress: Validating
Progress: Done reading input file
Warning: soc_system.hps_0: Setting the slave port width of interface f2h_sdram0 to 32 results in bandwidth under-utilization.  Altera recommends you set the interface data width to 64-bit or greater.
Info: soc_system.hps_0: HPS Main PLL counter settings: n = 0  m = 73
Info: soc_system.hps_0: HPS peripherial PLL counter settings: n = 0  m = 39
Warning: soc_system.hps_0: "Configuration/HPS-to-FPGA user 0 clock frequency" (desired_cfg_clk_mhz) requested 100.0 MHz, but only achieved 97.368421 MHz
Warning: soc_system.hps_0: 1 or more output clock frequencies cannot be achieved precisely, consider revising desired output clock frequencies.
Info: soc_system.jtag_uart_0: JTAG UART IP input clock need to be at least double (2x) the operating frequency of JTAG TCK on board
Warning: soc_system.lcd_component_0.AS: Signal address appears 2 times (only once is allowed)
Info: qsys-generate succeeded.
Info: Finished: Create block symbol file (.bsf)
Info: 
Info: Starting: Create HDL design files for synthesis
Info: qsys-generate C:\Users\osour\Desktop\EmbSys\Lab4\Lab4.0-Rendu\hw\quartus\soc_system.qsys --synthesis=VHDL --output-directory=C:\Users\osour\Desktop\EmbSys\Lab4\Lab4.0-Rendu\hw\quartus\soc_system\synthesis --family="Cyclone V" --part=5CSEMA4U23C6
Progress: Loading quartus/soc_system.qsys
Progress: Reading input file
Progress: Adding address_span_extender_0 [altera_address_span_extender 18.1]
Progress: Parameterizing module address_span_extender_0
Progress: Adding clk_0 [clock_source 18.1]
Progress: Parameterizing module clk_0
Progress: Adding hps_0 [altera_hps 18.1]
Progress: Parameterizing module hps_0
Progress: Adding jtag_uart_0 [altera_avalon_jtag_uart 18.1]
Progress: Parameterizing module jtag_uart_0
Progress: Adding lcd_component_0 [lcd_component 1.0]
Progress: Parameterizing module lcd_component_0
Progress: Adding nios2_gen2_0 [altera_nios2_gen2 18.1]
Progress: Parameterizing module nios2_gen2_0
Progress: Adding onchip_memory2_0 [altera_avalon_onchip_memory2 18.1]
Progress: Parameterizing module onchip_memory2_0
Progress: Adding pio_leds [altera_avalon_pio 18.1]
Progress: Parameterizing module pio_leds
Progress: Building connections
Progress: Parameterizing connections
Progress: Validating
Progress: Done reading input file
Warning: soc_system.hps_0: Setting the slave port width of interface f2h_sdram0 to 32 results in bandwidth under-utilization.  Altera recommends you set the interface data width to 64-bit or greater.
Info: soc_system.hps_0: HPS Main PLL counter settings: n = 0  m = 73
Info: soc_system.hps_0: HPS peripherial PLL counter settings: n = 0  m = 39
Warning: soc_system.hps_0: "Configuration/HPS-to-FPGA user 0 clock frequency" (desired_cfg_clk_mhz) requested 100.0 MHz, but only achieved 97.368421 MHz
Warning: soc_system.hps_0: 1 or more output clock frequencies cannot be achieved precisely, consider revising desired output clock frequencies.
Info: soc_system.jtag_uart_0: JTAG UART IP input clock need to be at least double (2x) the operating frequency of JTAG TCK on board
Warning: soc_system.lcd_component_0.AS: Signal address appears 2 times (only once is allowed)
Info: soc_system: Generating soc_system "soc_system" for QUARTUS_SYNTH
Warning: Translator lcd_component_0_AS_translator failed to match interface lcd_component_0.AS
Info: Interconnect is inserted between master address_span_extender_0.expanded_master and slave hps_0.f2h_sdram0_data because the master has address signal 32 bit wide, but the slave is 30 bit wide.
Info: Interconnect is inserted between master address_span_extender_0.expanded_master and slave hps_0.f2h_sdram0_data because the master has burstcount signal 7 bit wide, but the slave is 8 bit wide.
Info: soc_system: Done "soc_system" with 1 modules, 0 files
Info: qsys-generate succeeded.
Info: Finished: Create HDL design files for synthesis
