------------------------------------------------------------
TimeQuest Timing Analyzer Summary
------------------------------------------------------------

Type  : Slow Model Setup 'lt24_qsys:u0|lt24_qsys_altpll_0:altpll_0|altpll:sd1|_clk0'
Slack : 0.539
TNS   : 0.000

Type  : Slow Model Hold 'lt24_qsys:u0|lt24_qsys_altpll_0:altpll_0|altpll:sd1|_clk0'
Slack : 0.391
TNS   : 0.000

Type  : Slow Model Recovery 'lt24_qsys:u0|lt24_qsys_altpll_0:altpll_0|altpll:sd1|_clk0'
Slack : 1.635
TNS   : 0.000

Type  : Slow Model Removal 'lt24_qsys:u0|lt24_qsys_altpll_0:altpll_0|altpll:sd1|_clk0'
Slack : 3.133
TNS   : 0.000

Type  : Slow Model Minimum Pulse Width 'lt24_qsys:u0|lt24_qsys_altpll_0:altpll_0|altpll:sd1|_clk0'
Slack : 2.873
TNS   : 0.000

Type  : Slow Model Minimum Pulse Width 'CLOCK_50'
Slack : 10.000
TNS   : 0.000

Type  : Slow Model Minimum Pulse Width 'SD_CLK'
Slack : 17.223
TNS   : 0.000

Type  : Slow Model Minimum Pulse Width 'altera_reserved_tck'
Slack : 97.778
TNS   : 0.000

Type  : Fast Model Setup 'lt24_qsys:u0|lt24_qsys_altpll_0:altpll_0|altpll:sd1|_clk0'
Slack : 3.464
TNS   : 0.000

Type  : Fast Model Hold 'lt24_qsys:u0|lt24_qsys_altpll_0:altpll_0|altpll:sd1|_clk0'
Slack : 0.215
TNS   : 0.000

Type  : Fast Model Recovery 'lt24_qsys:u0|lt24_qsys_altpll_0:altpll_0|altpll:sd1|_clk0'
Slack : 3.065
TNS   : 0.000

Type  : Fast Model Removal 'lt24_qsys:u0|lt24_qsys_altpll_0:altpll_0|altpll:sd1|_clk0'
Slack : 1.813
TNS   : 0.000

Type  : Fast Model Minimum Pulse Width 'lt24_qsys:u0|lt24_qsys_altpll_0:altpll_0|altpll:sd1|_clk0'
Slack : 2.873
TNS   : 0.000

Type  : Fast Model Minimum Pulse Width 'CLOCK_50'
Slack : 10.000
TNS   : 0.000

Type  : Fast Model Minimum Pulse Width 'SD_CLK'
Slack : 17.223
TNS   : 0.000

Type  : Fast Model Minimum Pulse Width 'altera_reserved_tck'
Slack : 97.778
TNS   : 0.000

------------------------------------------------------------
